py-spy> Sampling process 100 times a second. Press Control-C to exit.

2026-04-30 21:21:46,214:declearn.server:INFO: Default client sampler selected, all clients will be involved in each round
2026-04-30 21:21:46,215:declearn.server.network:INFO: Server is now starting...
2026-04-30 21:21:46,318:declearn.server.network:INFO: server listening on 127.0.0.1:8765
2026-04-30 21:21:46,318:declearn.server:INFO: Starting clients registration process.
2026-04-30 21:21:47,320:declearn.server.network:INFO: connection open
2026-04-30 21:21:47,320:declearn.server.network:INFO: New connection from ('127.0.0.1', 45358)
2026-04-30 21:21:47,320:declearn.server.network:INFO: connection open
2026-04-30 21:21:47,320:declearn.server.network:INFO: New connection from ('127.0.0.1', 45362)
2026-04-30 21:21:47,324:declearn.server.messages_handler:INFO: Registering client 'client_1' for training.
2026-04-30 21:21:47,324:declearn.server.messages_handler:INFO: Registering client 'client_0' for training.
2026-04-30 21:21:51,326:declearn.server:INFO: Clients' registration is now complete.
2026-04-30 21:21:51,326:declearn.server:INFO: Sending initialization requests to clients.
/home/fslimani/declearn-bench/declearn/declearn/utils/_serialize.py:125: UserWarning: PyTorch JSON serialization relies on pickle, which may be unsafe.
  config = obj.get_config()
2026-04-30 21:21:52,342:declearn.server:INFO: Waiting for clients' responses.
2026-04-30 21:21:52,343:declearn.server:INFO: Initialization was successful.
2026-04-30 21:21:52,354:declearn.server:INFO: Initiating training round 1
2026-04-30 21:22:01,202:declearn.server:INFO: Awaiting clients' training results.
2026-04-30 21:22:02,208:declearn.server:INFO: Conducting server-side optimization.
2026-04-30 21:22:02,210:declearn.server:INFO: Initiating evaluation round 1
2026-04-30 21:22:02,538:declearn.client-client_0.train_manager:MAJOR: Local scalar evaluation metrics: {'accuracy': '0.1000', 'loss': '2.3026'}
2026-04-30 21:22:02,776:declearn.client-client_1.train_manager:MAJOR: Local scalar evaluation metrics: {'accuracy': '0.1003', 'loss': '2.3026'}
2026-04-30 21:22:03,219:declearn.server:INFO: Awaiting clients' evaluation results.
2026-04-30 21:22:03,219:declearn.server:INFO: Aggregating evaluation results.
2026-04-30 21:22:03,220:declearn.server:INFO: Averaged loss is: 2.3025847981770835
2026-04-30 21:22:03,220:declearn.server:INFO: Other averaged scalar metrics are: {'accuracy': '0.1002', 'loss': '2.3026'}
2026-04-30 21:22:03,229:declearn.server:INFO: Initiating training round 2
2026-04-30 21:22:12,628:declearn.server:INFO: Awaiting clients' training results.
2026-04-30 21:22:13,650:declearn.server:INFO: Conducting server-side optimization.
2026-04-30 21:22:13,652:declearn.server:INFO: Initiating evaluation round 2
2026-04-30 21:22:13,994:declearn.client-client_0.train_manager:MAJOR: Local scalar evaluation metrics: {'accuracy': '0.1000', 'loss': '2.3026'}
2026-04-30 21:22:14,285:declearn.client-client_1.train_manager:MAJOR: Local scalar evaluation metrics: {'accuracy': '0.1003', 'loss': '2.3026'}
2026-04-30 21:22:14,661:declearn.server:INFO: Awaiting clients' evaluation results.
2026-04-30 21:22:14,662:declearn.server:INFO: Aggregating evaluation results.
2026-04-30 21:22:14,662:declearn.server:INFO: Averaged loss is: 2.3025848134358724
2026-04-30 21:22:14,662:declearn.server:INFO: Other averaged scalar metrics are: {'accuracy': '0.1002', 'loss': '2.3026'}
2026-04-30 21:22:14,672:declearn.server:INFO: Maximum number of training rounds reached.
2026-04-30 21:22:14,672:declearn.server:INFO: Stopping training.
2026-04-30 21:22:14,672:declearn.server:INFO: Recovering weights that yielded the lowest loss.
2026-04-30 21:22:14,672:declearn.server:INFO: Notifying clients that training is over.
/home/fslimani/declearn-bench/declearn/declearn/utils/_serialize.py:125: UserWarning: PyTorch JSON serialization relies on pickle, which may be unsafe.
  config = obj.get_config()
2026-04-30 21:22:15,463:declearn.server.network:INFO: connection closed
2026-04-30 21:22:15,463:declearn.server.network:INFO: connection closed
2026-04-30 21:22:15,684:declearn.server:INFO: Checkpointing final weights under /home/fslimani/declearn-bench/declearn-experiments/exp_01_reg_lasso/result_26-04-30_21-21/server/model_state_best.json.
2026-04-30 21:22:15,700:declearn.server.network:INFO: server closing
2026-04-30 21:22:15,701:declearn.server.network:INFO: server closed

py-spy> Stopped sampling because process exited
py-spy> Wrote speedscope file to 'declearn-experiments/exp_01_reg_lasso/runs/exp_01_observation_lasso/2026-04-30_21-21-42/pyspy_speedscope.json'. Samples: 2357 Errors: 0
py-spy> Visit https://www.speedscope.app/ to view
