py-spy> Sampling process 100 times a second. Press Control-C to exit.

2026-05-04 18:03:17,902:declearn.server:INFO: Default client sampler selected, all clients will be involved in each round
2026-05-04 18:03:17,903:declearn.server.network:INFO: Server is now starting...
2026-05-04 18:03:18,025:declearn.server.network:INFO: server listening on 127.0.0.1:8765
2026-05-04 18:03:18,027:declearn.server:INFO: Starting clients registration process.
2026-05-04 18:03:19,028:declearn.server.network:INFO: connection open
2026-05-04 18:03:19,028:declearn.server.network:INFO: New connection from ('127.0.0.1', 34404)
2026-05-04 18:03:19,028:declearn.server.network:INFO: connection open
2026-05-04 18:03:19,028:declearn.server.network:INFO: New connection from ('127.0.0.1', 34418)
2026-05-04 18:03:19,030:declearn.server.messages_handler:INFO: Registering client 'client_1' for training.
2026-05-04 18:03:19,030:declearn.server.messages_handler:INFO: Registering client 'client_0' for training.
2026-05-04 18:03:23,034:declearn.server:INFO: Clients' registration is now complete.
2026-05-04 18:03:23,034:declearn.server:INFO: Sending initialization requests to clients.
/home/fslimani/declearn-bench/declearn-for-exp_04_dp/declearn/utils/_serialize.py:125: UserWarning: PyTorch JSON serialization relies on pickle, which may be unsafe.
  config = obj.get_config()
2026-05-04 18:03:24,053:declearn.server:INFO: Waiting for clients' responses.
2026-05-04 18:03:24,053:declearn.server:INFO: Sending privacy requests to all clients.
/home/fslimani/.venvs/declearn313/lib/python3.13/site-packages/opacus/accountants/analysis/rdp.py:332: UserWarning: Optimal order is the largest alpha. Please consider expanding the range of alphas to get a tighter privacy bound.
  warnings.warn(
05/04/2026 18:03:25:INFO:Notifying the server that DP-SGD setup went fine.
05/04/2026 18:03:25:INFO:Received DP-SGD setup instructions.
05/04/2026 18:03:26:INFO:Notifying the server that DP-SGD setup went fine.
2026-05-04 18:03:26,253:declearn.server:INFO: Waiting for clients' responses.
05/04/2026 18:03:26:INFO:Waiting for clients' responses.
2026-05-04 18:03:26,254:declearn.server:INFO: Privacy requests were processed by clients.
05/04/2026 18:03:26:INFO:Privacy requests were processed by clients.
2026-05-04 18:03:26,254:declearn.server:INFO: Initialization was successful.
05/04/2026 18:03:26:INFO:Initialization was successful.
2026-05-04 18:03:26,267:declearn.server:INFO: Initiating training round 1
05/04/2026 18:03:26:INFO:Initiating training round 1
05/04/2026 18:03:26:INFO:Participating in training round 1
05/04/2026 18:03:26:INFO:Applying server updates to local objects.
05/04/2026 18:03:26:INFO:Training local model for 1 epochs | None steps | None seconds.
05/04/2026 18:03:36:INFO:Packing local updates to be sent to the server.
05/04/2026 18:03:36:INFO:Local DP budget spent at the end of the round: (4.518721769152027, 1e-05)
05/04/2026 18:03:36:INFO:Participating in training round 1
05/04/2026 18:03:36:INFO:Applying server updates to local objects.
05/04/2026 18:03:36:INFO:Training local model for 1 epochs | None steps | None seconds.
05/04/2026 18:03:44:INFO:Packing local updates to be sent to the server.
05/04/2026 18:03:44:INFO:Local DP budget spent at the end of the round: (4.518721769152027, 1e-05)
2026-05-04 18:03:44,391:declearn.server:INFO: Awaiting clients' training results.
05/04/2026 18:03:44:INFO:Awaiting clients' training results.
2026-05-04 18:03:45,405:declearn.server:INFO: Conducting server-side optimization.
05/04/2026 18:03:45:INFO:Conducting server-side optimization.
2026-05-04 18:03:45,409:declearn.server:INFO: Initiating evaluation round 1
05/04/2026 18:03:45:INFO:Initiating evaluation round 1
05/04/2026 18:03:45:INFO:Participating in evaluation round 1
2026-05-04 18:03:45,668:declearn.client-client_0.train_manager:MAJOR: Local scalar evaluation metrics: {'accuracy': '0.1418', 'loss': '2.3023'}
05/04/2026 18:03:45:MAJOR:Local scalar evaluation metrics: {'accuracy': '0.1418', 'loss': '2.3023'}
05/04/2026 18:03:45:INFO:Packing local results to be sent to the server.
05/04/2026 18:03:45:INFO:Participating in evaluation round 1
2026-05-04 18:03:45,910:declearn.client-client_1.train_manager:MAJOR: Local scalar evaluation metrics: {'accuracy': '0.1517', 'loss': '2.3023'}
05/04/2026 18:03:45:MAJOR:Local scalar evaluation metrics: {'accuracy': '0.1517', 'loss': '2.3023'}
05/04/2026 18:03:45:INFO:Packing local results to be sent to the server.
2026-05-04 18:03:46,416:declearn.server:INFO: Awaiting clients' evaluation results.
05/04/2026 18:03:46:INFO:Awaiting clients' evaluation results.
2026-05-04 18:03:46,417:declearn.server:INFO: Aggregating evaluation results.
05/04/2026 18:03:46:INFO:Aggregating evaluation results.
2026-05-04 18:03:46,417:declearn.server:INFO: Averaged loss is: 2.302284772237142
05/04/2026 18:03:46:INFO:Averaged loss is: 2.302284772237142
2026-05-04 18:03:46,417:declearn.server:INFO: Other averaged scalar metrics are: {'accuracy': '0.1467', 'loss': '2.3023'}
05/04/2026 18:03:46:INFO:Other averaged scalar metrics are: {'accuracy': '0.1467', 'loss': '2.3023'}
2026-05-04 18:03:46,429:declearn.server:INFO: Initiating training round 2
05/04/2026 18:03:46:INFO:Initiating training round 2
05/04/2026 18:03:46:INFO:Participating in training round 2
05/04/2026 18:03:46:INFO:Applying server updates to local objects.
05/04/2026 18:03:46:INFO:Training local model for 1 epochs | None steps | None seconds.
05/04/2026 18:03:54:INFO:Packing local updates to be sent to the server.
05/04/2026 18:03:54:INFO:Local DP budget spent at the end of the round: (4.992799714321105, 1e-05)
05/04/2026 18:03:54:INFO:Participating in training round 2
05/04/2026 18:03:54:INFO:Applying server updates to local objects.
05/04/2026 18:03:54:INFO:Training local model for 1 epochs | None steps | None seconds.
05/04/2026 18:04:02:INFO:Packing local updates to be sent to the server.
05/04/2026 18:04:03:INFO:Local DP budget spent at the end of the round: (4.992799714321105, 1e-05)
2026-05-04 18:04:03,072:declearn.server:INFO: Awaiting clients' training results.
05/04/2026 18:04:03:INFO:Awaiting clients' training results.
2026-05-04 18:04:04,097:declearn.server:INFO: Conducting server-side optimization.
05/04/2026 18:04:04:INFO:Conducting server-side optimization.
2026-05-04 18:04:04,098:declearn.server:INFO: Initiating evaluation round 2
05/04/2026 18:04:04:INFO:Initiating evaluation round 2
05/04/2026 18:04:04:INFO:Participating in evaluation round 2
2026-05-04 18:04:04,448:declearn.client-client_0.train_manager:MAJOR: Local scalar evaluation metrics: {'accuracy': '0.1637', 'loss': '2.3015'}
05/04/2026 18:04:04:MAJOR:Local scalar evaluation metrics: {'accuracy': '0.1637', 'loss': '2.3015'}
05/04/2026 18:04:04:INFO:Packing local results to be sent to the server.
05/04/2026 18:04:04:INFO:Participating in evaluation round 2
2026-05-04 18:04:04,657:declearn.client-client_1.train_manager:MAJOR: Local scalar evaluation metrics: {'accuracy': '0.1713', 'loss': '2.3014'}
05/04/2026 18:04:04:MAJOR:Local scalar evaluation metrics: {'accuracy': '0.1713', 'loss': '2.3014'}
05/04/2026 18:04:04:INFO:Packing local results to be sent to the server.
2026-05-04 18:04:05,109:declearn.server:INFO: Awaiting clients' evaluation results.
05/04/2026 18:04:05:INFO:Awaiting clients' evaluation results.
2026-05-04 18:04:05,109:declearn.server:INFO: Aggregating evaluation results.
05/04/2026 18:04:05:INFO:Aggregating evaluation results.
2026-05-04 18:04:05,110:declearn.server:INFO: Averaged loss is: 2.3014530537923177
05/04/2026 18:04:05:INFO:Averaged loss is: 2.3014530537923177
2026-05-04 18:04:05,110:declearn.server:INFO: Other averaged scalar metrics are: {'accuracy': '0.1675', 'loss': '2.3015'}
05/04/2026 18:04:05:INFO:Other averaged scalar metrics are: {'accuracy': '0.1675', 'loss': '2.3015'}
2026-05-04 18:04:05,117:declearn.server:INFO: Maximum number of training rounds reached.
05/04/2026 18:04:05:INFO:Maximum number of training rounds reached.
2026-05-04 18:04:05,117:declearn.server:INFO: Stopping training.
05/04/2026 18:04:05:INFO:Stopping training.
2026-05-04 18:04:05,117:declearn.server:INFO: Recovering weights that yielded the lowest loss.
05/04/2026 18:04:05:INFO:Recovering weights that yielded the lowest loss.
2026-05-04 18:04:05,117:declearn.server:INFO: Notifying clients that training is over.
05/04/2026 18:04:05:INFO:Notifying clients that training is over.
05/04/2026 18:04:05:INFO:Training is now over, after 2 rounds. Global loss: 2.3014530537923177
05/04/2026 18:04:05:INFO:Checkpointing final weights under /home/fslimani/declearn-bench/declearn-experiments/exp_04_dp/result_26-05-04_18-03/client_0/model_state_best.json.
/home/fslimani/declearn-bench/declearn-for-exp_04_dp/declearn/utils/_serialize.py:125: UserWarning: PyTorch JSON serialization relies on pickle, which may be unsafe.
  config = obj.get_config()
05/04/2026 18:04:05:INFO:Training is now over, after 2 rounds. Global loss: 2.3014530537923177
05/04/2026 18:04:05:INFO:Checkpointing final weights under /home/fslimani/declearn-bench/declearn-experiments/exp_04_dp/result_26-05-04_18-03/client_1/model_state_best.json.
2026-05-04 18:04:05,820:declearn.server.network:INFO: connection closed
05/04/2026 18:04:05:INFO:connection closed
2026-05-04 18:04:05,820:declearn.server.network:INFO: connection closed
05/04/2026 18:04:05:INFO:connection closed
2026-05-04 18:04:06,129:declearn.server:INFO: Checkpointing final weights under /home/fslimani/declearn-bench/declearn-experiments/exp_04_dp/result_26-05-04_18-03/server/model_state_best.json.
05/04/2026 18:04:06:INFO:Checkpointing final weights under /home/fslimani/declearn-bench/declearn-experiments/exp_04_dp/result_26-05-04_18-03/server/model_state_best.json.
2026-05-04 18:04:06,144:declearn.server.network:INFO: server closing
05/04/2026 18:04:06:INFO:server closing
2026-05-04 18:04:06,144:declearn.server.network:INFO: server closed
05/04/2026 18:04:06:INFO:server closed

py-spy> Stopped sampling because process exited
py-spy> Wrote speedscope file to '/home/fslimani/declearn-bench/declearn-experiments/exp_04_dp/runs/profiles_followup/h1_deferred/2026-05-04_18-03-14/pyspy_speedscope.json'. Samples: 4279 Errors: 0
py-spy> Visit https://www.speedscope.app/ to view
