py-spy> Sampling process 100 times a second. Press Control-C to exit.

2026-04-30 21:27:24,978:declearn.server:INFO: Default client sampler selected, all clients will be involved in each round
2026-04-30 21:27:24,978:declearn.server.network:INFO: Server is now starting...
2026-04-30 21:27:25,079:declearn.server.network:INFO: server listening on 127.0.0.1:8765
2026-04-30 21:27:25,079:declearn.server:INFO: Starting clients registration process.
2026-04-30 21:27:26,081:declearn.server.network:INFO: connection open
2026-04-30 21:27:26,081:declearn.server.network:INFO: New connection from ('127.0.0.1', 40622)
2026-04-30 21:27:26,081:declearn.server.network:INFO: connection open
2026-04-30 21:27:26,082:declearn.server.network:INFO: New connection from ('127.0.0.1', 40638)
2026-04-30 21:27:26,083:declearn.server.messages_handler:INFO: Registering client 'client_1' for training.
2026-04-30 21:27:26,083:declearn.server.messages_handler:INFO: Registering client 'client_0' for training.
2026-04-30 21:27:30,085:declearn.server:INFO: Clients' registration is now complete.
2026-04-30 21:27:30,085:declearn.server:INFO: Sending initialization requests to clients.
/home/fslimani/declearn-bench/declearn/declearn/utils/_serialize.py:125: UserWarning: PyTorch JSON serialization relies on pickle, which may be unsafe.
  config = obj.get_config()
2026-04-30 21:27:31,102:declearn.server:INFO: Waiting for clients' responses.
2026-04-30 21:27:31,102:declearn.server:INFO: Initialization was successful.
2026-04-30 21:27:31,112:declearn.server:INFO: Initiating training round 1
2026-04-30 21:27:39,560:declearn.server:INFO: Awaiting clients' training results.
2026-04-30 21:27:40,566:declearn.server:INFO: Conducting server-side optimization.
2026-04-30 21:27:40,568:declearn.server:INFO: Initiating evaluation round 1
2026-04-30 21:27:40,900:declearn.client-client_0.train_manager:MAJOR: Local scalar evaluation metrics: {'accuracy': '0.7353', 'loss': '1.7531'}
2026-04-30 21:27:41,136:declearn.client-client_1.train_manager:MAJOR: Local scalar evaluation metrics: {'accuracy': '0.7368', 'loss': '1.7503'}
2026-04-30 21:27:41,578:declearn.server:INFO: Awaiting clients' evaluation results.
2026-04-30 21:27:41,578:declearn.server:INFO: Aggregating evaluation results.
2026-04-30 21:27:41,579:declearn.server:INFO: Averaged loss is: 1.751677769978841
2026-04-30 21:27:41,579:declearn.server:INFO: Other averaged scalar metrics are: {'accuracy': '0.7361', 'loss': '1.7517'}
2026-04-30 21:27:41,591:declearn.server:INFO: Initiating training round 2
2026-04-30 21:27:50,228:declearn.server:INFO: Awaiting clients' training results.
2026-04-30 21:27:51,246:declearn.server:INFO: Conducting server-side optimization.
2026-04-30 21:27:51,248:declearn.server:INFO: Initiating evaluation round 2
2026-04-30 21:27:51,538:declearn.client-client_0.train_manager:MAJOR: Local scalar evaluation metrics: {'accuracy': '0.8185', 'loss': '1.6892'}
2026-04-30 21:27:51,751:declearn.client-client_1.train_manager:MAJOR: Local scalar evaluation metrics: {'accuracy': '0.8138', 'loss': '1.6900'}
2026-04-30 21:27:52,257:declearn.server:INFO: Awaiting clients' evaluation results.
2026-04-30 21:27:52,258:declearn.server:INFO: Aggregating evaluation results.
2026-04-30 21:27:52,258:declearn.server:INFO: Averaged loss is: 1.6896187693277995
2026-04-30 21:27:52,258:declearn.server:INFO: Other averaged scalar metrics are: {'accuracy': '0.8162', 'loss': '1.6896'}
2026-04-30 21:27:52,266:declearn.server:INFO: Maximum number of training rounds reached.
2026-04-30 21:27:52,267:declearn.server:INFO: Stopping training.
2026-04-30 21:27:52,267:declearn.server:INFO: Recovering weights that yielded the lowest loss.
2026-04-30 21:27:52,267:declearn.server:INFO: Notifying clients that training is over.
/home/fslimani/declearn-bench/declearn/declearn/utils/_serialize.py:125: UserWarning: PyTorch JSON serialization relies on pickle, which may be unsafe.
  config = obj.get_config()
2026-04-30 21:27:52,914:declearn.server.network:INFO: connection closed
2026-04-30 21:27:52,916:declearn.server.network:INFO: connection closed
2026-04-30 21:27:53,276:declearn.server:INFO: Checkpointing final weights under /home/fslimani/declearn-bench/declearn-experiments/exp_02_reg_ridge/result_26-04-30_21-27/server/model_state_best.json.
2026-04-30 21:27:53,290:declearn.server.network:INFO: server closing
2026-04-30 21:27:53,291:declearn.server.network:INFO: server closed

py-spy> Stopped sampling because process exited
py-spy> Wrote speedscope file to 'declearn-experiments/exp_02_reg_ridge/runs/exp_02_observation_ridge/2026-04-30_21-27-21/pyspy_speedscope.json'. Samples: 2142 Errors: 0
py-spy> Visit https://www.speedscope.app/ to view
