2026-04-30 21:40:09,070:declearn.server:INFO: Default client sampler selected, all clients will be involved in each round
2026-04-30 21:40:09,071:declearn.server.network:INFO: Server is now starting...
2026-04-30 21:40:09,166:declearn.server.network:INFO: server listening on 127.0.0.1:8765
2026-04-30 21:40:09,166:declearn.server:INFO: Starting clients registration process.
2026-04-30 21:40:10,169:declearn.server.network:INFO: connection open
2026-04-30 21:40:10,169:declearn.server.network:INFO: New connection from ('127.0.0.1', 44502)
2026-04-30 21:40:10,169:declearn.server.network:INFO: connection open
2026-04-30 21:40:10,169:declearn.server.network:INFO: New connection from ('127.0.0.1', 44510)
2026-04-30 21:40:10,171:declearn.server.messages_handler:INFO: Registering client 'client_1' for training.
2026-04-30 21:40:10,171:declearn.server.messages_handler:INFO: Registering client 'client_0' for training.
2026-04-30 21:40:14,172:declearn.server:INFO: Clients' registration is now complete.
2026-04-30 21:40:14,172:declearn.server:INFO: Sending initialization requests to clients.
/home/fslimani/declearn-bench/declearn-for-exp_04_dp/declearn/utils/_serialize.py:125: UserWarning: PyTorch JSON serialization relies on pickle, which may be unsafe.
  config = obj.get_config()
2026-04-30 21:40:15,248:declearn.server:INFO: Waiting for clients' responses.
2026-04-30 21:40:16,250:declearn.server:INFO: Sending privacy requests to all clients.
/home/fslimani/.venvs/declearn313/lib/python3.13/site-packages/opacus/accountants/analysis/rdp.py:332: UserWarning: Optimal order is the largest alpha. Please consider expanding the range of alphas to get a tighter privacy bound.
  warnings.warn(
04/30/2026 21:40:17:INFO:Notifying the server that DP-SGD setup went fine.
04/30/2026 21:40:17:INFO:Received DP-SGD setup instructions.
04/30/2026 21:40:17:INFO:Notifying the server that DP-SGD setup went fine.
2026-04-30 21:40:17,964:declearn.server:INFO: Waiting for clients' responses.
04/30/2026 21:40:17:INFO:Waiting for clients' responses.
2026-04-30 21:40:17,964:declearn.server:INFO: Privacy requests were processed by clients.
04/30/2026 21:40:17:INFO:Privacy requests were processed by clients.
2026-04-30 21:40:17,964:declearn.server:INFO: Initialization was successful.
04/30/2026 21:40:17:INFO:Initialization was successful.
2026-04-30 21:40:17,979:declearn.server:INFO: Initiating training round 1
04/30/2026 21:40:17:INFO:Initiating training round 1
04/30/2026 21:40:18:INFO:Participating in training round 1
04/30/2026 21:40:18:INFO:Applying server updates to local objects.
04/30/2026 21:40:18:INFO:Training local model for 1 epochs | None steps | None seconds.
04/30/2026 21:40:56:INFO:Packing local updates to be sent to the server.
04/30/2026 21:40:56:INFO:Local DP budget spent at the end of the round: (4.99640485109163, 1e-05)
04/30/2026 21:40:56:INFO:Participating in training round 1
04/30/2026 21:40:56:INFO:Applying server updates to local objects.
04/30/2026 21:40:56:INFO:Training local model for 1 epochs | None steps | None seconds.
04/30/2026 21:41:33:INFO:Packing local updates to be sent to the server.
04/30/2026 21:41:33:INFO:Local DP budget spent at the end of the round: (4.99640485109163, 1e-05)
2026-04-30 21:41:33,644:declearn.server:INFO: Awaiting clients' training results.
04/30/2026 21:41:33:INFO:Awaiting clients' training results.
2026-04-30 21:41:34,650:declearn.server:INFO: Conducting server-side optimization.
04/30/2026 21:41:34:INFO:Conducting server-side optimization.
2026-04-30 21:41:34,651:declearn.server:INFO: Initiating evaluation round 1
04/30/2026 21:41:34:INFO:Initiating evaluation round 1
04/30/2026 21:41:34:INFO:Participating in evaluation round 1
2026-04-30 21:41:34,971:declearn.client-client_0.train_manager:MAJOR: Local scalar evaluation metrics: {'accuracy': '0.1077', 'loss': '2.3019'}
04/30/2026 21:41:34:MAJOR:Local scalar evaluation metrics: {'accuracy': '0.1077', 'loss': '2.3019'}
04/30/2026 21:41:34:INFO:Packing local results to be sent to the server.
04/30/2026 21:41:34:INFO:Participating in evaluation round 1
2026-04-30 21:41:35,195:declearn.client-client_1.train_manager:MAJOR: Local scalar evaluation metrics: {'accuracy': '0.1023', 'loss': '2.3020'}
04/30/2026 21:41:35:MAJOR:Local scalar evaluation metrics: {'accuracy': '0.1023', 'loss': '2.3020'}
04/30/2026 21:41:35:INFO:Packing local results to be sent to the server.
2026-04-30 21:41:35,660:declearn.server:INFO: Awaiting clients' evaluation results.
04/30/2026 21:41:35:INFO:Awaiting clients' evaluation results.
2026-04-30 21:41:35,660:declearn.server:INFO: Aggregating evaluation results.
04/30/2026 21:41:35:INFO:Aggregating evaluation results.
2026-04-30 21:41:35,661:declearn.server:INFO: Averaged loss is: 2.3019292653401693
04/30/2026 21:41:35:INFO:Averaged loss is: 2.3019292653401693
2026-04-30 21:41:35,661:declearn.server:INFO: Other averaged scalar metrics are: {'accuracy': '0.1050', 'loss': '2.3019'}
04/30/2026 21:41:35:INFO:Other averaged scalar metrics are: {'accuracy': '0.1050', 'loss': '2.3019'}
2026-04-30 21:41:35,668:declearn.server:INFO: Maximum number of training rounds reached.
04/30/2026 21:41:35:INFO:Maximum number of training rounds reached.
2026-04-30 21:41:35,668:declearn.server:INFO: Stopping training.
04/30/2026 21:41:35:INFO:Stopping training.
2026-04-30 21:41:35,668:declearn.server:INFO: Recovering weights that yielded the lowest loss.
04/30/2026 21:41:35:INFO:Recovering weights that yielded the lowest loss.
2026-04-30 21:41:35,668:declearn.server:INFO: Notifying clients that training is over.
04/30/2026 21:41:35:INFO:Notifying clients that training is over.
04/30/2026 21:41:36:INFO:Training is now over, after 1 rounds. Global loss: 2.3019292653401693
04/30/2026 21:41:36:INFO:Checkpointing final weights under /home/fslimani/declearn-bench/declearn-experiments/exp_04_dp/result_26-04-30_21-40/client_0/model_state_best.json.
/home/fslimani/declearn-bench/declearn-for-exp_04_dp/declearn/utils/_serialize.py:125: UserWarning: PyTorch JSON serialization relies on pickle, which may be unsafe.
  config = obj.get_config()
04/30/2026 21:41:36:INFO:Training is now over, after 1 rounds. Global loss: 2.3019292653401693
04/30/2026 21:41:36:INFO:Checkpointing final weights under /home/fslimani/declearn-bench/declearn-experiments/exp_04_dp/result_26-04-30_21-40/client_1/model_state_best.json.
2026-04-30 21:41:36,326:declearn.server.network:INFO: connection closed
04/30/2026 21:41:36:INFO:connection closed
2026-04-30 21:41:36,327:declearn.server.network:INFO: connection closed
04/30/2026 21:41:36:INFO:connection closed
2026-04-30 21:41:36,676:declearn.server:INFO: Checkpointing final weights under /home/fslimani/declearn-bench/declearn-experiments/exp_04_dp/result_26-04-30_21-40/server/model_state_best.json.
04/30/2026 21:41:36:INFO:Checkpointing final weights under /home/fslimani/declearn-bench/declearn-experiments/exp_04_dp/result_26-04-30_21-40/server/model_state_best.json.
2026-04-30 21:41:36,686:declearn.server.network:INFO: server closing
04/30/2026 21:41:36:INFO:server closing
2026-04-30 21:41:36,686:declearn.server.network:INFO: server closed
04/30/2026 21:41:36:INFO:server closed
