2026-04-30 21:44:40,368:declearn.server:INFO: Default client sampler selected, all clients will be involved in each round
2026-04-30 21:44:40,369:declearn.server.network:INFO: Server is now starting...
2026-04-30 21:44:40,463:declearn.server.network:INFO: server listening on 127.0.0.1:8765
2026-04-30 21:44:40,463:declearn.server:INFO: Starting clients registration process.
2026-04-30 21:44:41,466:declearn.server.network:INFO: connection open
2026-04-30 21:44:41,467:declearn.server.network:INFO: New connection from ('127.0.0.1', 47346)
2026-04-30 21:44:41,467:declearn.server.network:INFO: connection open
2026-04-30 21:44:41,467:declearn.server.network:INFO: New connection from ('127.0.0.1', 47352)
2026-04-30 21:44:41,468:declearn.server.messages_handler:INFO: Registering client 'client_1' for training.
2026-04-30 21:44:41,468:declearn.server.messages_handler:INFO: Registering client 'client_0' for training.
2026-04-30 21:44:45,470:declearn.server:INFO: Clients' registration is now complete.
2026-04-30 21:44:45,470:declearn.server:INFO: Sending initialization requests to clients.
/home/fslimani/declearn-bench/declearn-for-exp_04_dp/declearn/utils/_serialize.py:125: UserWarning: PyTorch JSON serialization relies on pickle, which may be unsafe.
  config = obj.get_config()
2026-04-30 21:44:46,547:declearn.server:INFO: Waiting for clients' responses.
2026-04-30 21:44:47,549:declearn.server:INFO: Sending privacy requests to all clients.
/home/fslimani/.venvs/declearn313/lib/python3.13/site-packages/opacus/accountants/analysis/rdp.py:332: UserWarning: Optimal order is the largest alpha. Please consider expanding the range of alphas to get a tighter privacy bound.
  warnings.warn(
04/30/2026 21:44:48:INFO:Notifying the server that DP-SGD setup went fine.
04/30/2026 21:44:48:INFO:Received DP-SGD setup instructions.
04/30/2026 21:44:49:INFO:Notifying the server that DP-SGD setup went fine.
2026-04-30 21:44:49,261:declearn.server:INFO: Waiting for clients' responses.
04/30/2026 21:44:49:INFO:Waiting for clients' responses.
2026-04-30 21:44:49,262:declearn.server:INFO: Privacy requests were processed by clients.
04/30/2026 21:44:49:INFO:Privacy requests were processed by clients.
2026-04-30 21:44:49,262:declearn.server:INFO: Initialization was successful.
04/30/2026 21:44:49:INFO:Initialization was successful.
2026-04-30 21:44:49,274:declearn.server:INFO: Initiating training round 1
04/30/2026 21:44:49:INFO:Initiating training round 1
04/30/2026 21:44:49:INFO:Participating in training round 1
04/30/2026 21:44:49:INFO:Applying server updates to local objects.
04/30/2026 21:44:49:INFO:Training local model for 1 epochs | None steps | None seconds.
04/30/2026 21:45:25:INFO:Packing local updates to be sent to the server.
04/30/2026 21:45:25:INFO:Local DP budget spent at the end of the round: (4.99640485109163, 1e-05)
04/30/2026 21:45:25:INFO:Participating in training round 1
04/30/2026 21:45:25:INFO:Applying server updates to local objects.
04/30/2026 21:45:25:INFO:Training local model for 1 epochs | None steps | None seconds.
04/30/2026 21:46:00:INFO:Packing local updates to be sent to the server.
04/30/2026 21:46:00:INFO:Local DP budget spent at the end of the round: (4.99640485109163, 1e-05)
2026-04-30 21:46:00,355:declearn.server:INFO: Awaiting clients' training results.
04/30/2026 21:46:00:INFO:Awaiting clients' training results.
2026-04-30 21:46:01,361:declearn.server:INFO: Conducting server-side optimization.
04/30/2026 21:46:01:INFO:Conducting server-side optimization.
2026-04-30 21:46:01,362:declearn.server:INFO: Initiating evaluation round 1
04/30/2026 21:46:01:INFO:Initiating evaluation round 1
04/30/2026 21:46:01:INFO:Participating in evaluation round 1
2026-04-30 21:46:01,620:declearn.client-client_0.train_manager:MAJOR: Local scalar evaluation metrics: {'accuracy': '0.0803', 'loss': '2.3028'}
04/30/2026 21:46:01:MAJOR:Local scalar evaluation metrics: {'accuracy': '0.0803', 'loss': '2.3028'}
04/30/2026 21:46:01:INFO:Packing local results to be sent to the server.
04/30/2026 21:46:01:INFO:Participating in evaluation round 1
2026-04-30 21:46:01,798:declearn.client-client_1.train_manager:MAJOR: Local scalar evaluation metrics: {'accuracy': '0.0780', 'loss': '2.3030'}
04/30/2026 21:46:01:MAJOR:Local scalar evaluation metrics: {'accuracy': '0.0780', 'loss': '2.3030'}
04/30/2026 21:46:01:INFO:Packing local results to be sent to the server.
2026-04-30 21:46:02,369:declearn.server:INFO: Awaiting clients' evaluation results.
04/30/2026 21:46:02:INFO:Awaiting clients' evaluation results.
2026-04-30 21:46:02,370:declearn.server:INFO: Aggregating evaluation results.
04/30/2026 21:46:02:INFO:Aggregating evaluation results.
2026-04-30 21:46:02,370:declearn.server:INFO: Averaged loss is: 2.3029195327758787
04/30/2026 21:46:02:INFO:Averaged loss is: 2.3029195327758787
2026-04-30 21:46:02,370:declearn.server:INFO: Other averaged scalar metrics are: {'accuracy': '0.0792', 'loss': '2.3029'}
04/30/2026 21:46:02:INFO:Other averaged scalar metrics are: {'accuracy': '0.0792', 'loss': '2.3029'}
2026-04-30 21:46:02,377:declearn.server:INFO: Maximum number of training rounds reached.
04/30/2026 21:46:02:INFO:Maximum number of training rounds reached.
2026-04-30 21:46:02,377:declearn.server:INFO: Stopping training.
04/30/2026 21:46:02:INFO:Stopping training.
2026-04-30 21:46:02,377:declearn.server:INFO: Recovering weights that yielded the lowest loss.
04/30/2026 21:46:02:INFO:Recovering weights that yielded the lowest loss.
2026-04-30 21:46:02,377:declearn.server:INFO: Notifying clients that training is over.
04/30/2026 21:46:02:INFO:Notifying clients that training is over.
04/30/2026 21:46:02:INFO:Training is now over, after 1 rounds. Global loss: 2.3029195327758787
04/30/2026 21:46:02:INFO:Checkpointing final weights under /home/fslimani/declearn-bench/declearn-experiments/exp_04_dp/result_26-04-30_21-44/client_0/model_state_best.json.
/home/fslimani/declearn-bench/declearn-for-exp_04_dp/declearn/utils/_serialize.py:125: UserWarning: PyTorch JSON serialization relies on pickle, which may be unsafe.
  config = obj.get_config()
04/30/2026 21:46:02:INFO:Training is now over, after 1 rounds. Global loss: 2.3029195327758787
04/30/2026 21:46:02:INFO:Checkpointing final weights under /home/fslimani/declearn-bench/declearn-experiments/exp_04_dp/result_26-04-30_21-44/client_1/model_state_best.json.
2026-04-30 21:46:02,926:declearn.server.network:INFO: connection closed
04/30/2026 21:46:02:INFO:connection closed
2026-04-30 21:46:02,927:declearn.server.network:INFO: connection closed
04/30/2026 21:46:02:INFO:connection closed
2026-04-30 21:46:03,384:declearn.server:INFO: Checkpointing final weights under /home/fslimani/declearn-bench/declearn-experiments/exp_04_dp/result_26-04-30_21-44/server/model_state_best.json.
04/30/2026 21:46:03:INFO:Checkpointing final weights under /home/fslimani/declearn-bench/declearn-experiments/exp_04_dp/result_26-04-30_21-44/server/model_state_best.json.
2026-04-30 21:46:03,395:declearn.server.network:INFO: server closing
04/30/2026 21:46:03:INFO:server closing
2026-04-30 21:46:03,395:declearn.server.network:INFO: server closed
04/30/2026 21:46:03:INFO:server closed
