2026-05-04 17:35:43,017:declearn.server:INFO: Default client sampler selected, all clients will be involved in each round
2026-05-04 17:35:43,017:declearn.server.network:INFO: Server is now starting...
2026-05-04 17:35:43,114:declearn.server.network:INFO: server listening on 127.0.0.1:8765
2026-05-04 17:35:43,115:declearn.server:INFO: Starting clients registration process.
2026-05-04 17:35:44,117:declearn.server.network:INFO: connection open
2026-05-04 17:35:44,118:declearn.server.network:INFO: New connection from ('127.0.0.1', 49074)
2026-05-04 17:35:44,118:declearn.server.network:INFO: connection open
2026-05-04 17:35:44,118:declearn.server.network:INFO: New connection from ('127.0.0.1', 49090)
2026-05-04 17:35:44,120:declearn.server.messages_handler:INFO: Registering client 'client_1' for training.
2026-05-04 17:35:44,120:declearn.server.messages_handler:INFO: Registering client 'client_0' for training.
2026-05-04 17:35:48,120:declearn.server:INFO: Clients' registration is now complete.
2026-05-04 17:35:48,121:declearn.server:INFO: Sending initialization requests to clients.
/home/fslimani/declearn-bench/declearn-for-exp_04_dp/declearn/utils/_serialize.py:125: UserWarning: PyTorch JSON serialization relies on pickle, which may be unsafe.
  config = obj.get_config()
2026-05-04 17:35:49,135:declearn.server:INFO: Waiting for clients' responses.
2026-05-04 17:35:49,135:declearn.server:INFO: Sending privacy requests to all clients.
/home/fslimani/.venvs/declearn313/lib/python3.13/site-packages/opacus/accountants/analysis/rdp.py:332: UserWarning: Optimal order is the largest alpha. Please consider expanding the range of alphas to get a tighter privacy bound.
  warnings.warn(
05/04/2026 17:35:50:INFO:Notifying the server that DP-SGD setup went fine.
05/04/2026 17:35:50:INFO:Received DP-SGD setup instructions.
05/04/2026 17:35:50:INFO:Notifying the server that DP-SGD setup went fine.
2026-05-04 17:35:50,843:declearn.server:INFO: Waiting for clients' responses.
05/04/2026 17:35:50:INFO:Waiting for clients' responses.
2026-05-04 17:35:50,843:declearn.server:INFO: Privacy requests were processed by clients.
05/04/2026 17:35:50:INFO:Privacy requests were processed by clients.
2026-05-04 17:35:50,843:declearn.server:INFO: Initialization was successful.
05/04/2026 17:35:50:INFO:Initialization was successful.
2026-05-04 17:35:50,858:declearn.server:INFO: Initiating training round 1
05/04/2026 17:35:50:INFO:Initiating training round 1
05/04/2026 17:35:50:INFO:Participating in training round 1
05/04/2026 17:35:50:INFO:Applying server updates to local objects.
05/04/2026 17:35:50:INFO:Training local model for 1 epochs | None steps | None seconds.
05/04/2026 17:35:58:INFO:Packing local updates to be sent to the server.
05/04/2026 17:35:58:INFO:Local DP budget spent at the end of the round: (4.518721769152027, 1e-05)
05/04/2026 17:35:59:INFO:Participating in training round 1
05/04/2026 17:35:59:INFO:Applying server updates to local objects.
05/04/2026 17:35:59:INFO:Training local model for 1 epochs | None steps | None seconds.
05/04/2026 17:36:05:INFO:Packing local updates to be sent to the server.
05/04/2026 17:36:05:INFO:Local DP budget spent at the end of the round: (4.518721769152027, 1e-05)
2026-05-04 17:36:05,962:declearn.server:INFO: Awaiting clients' training results.
05/04/2026 17:36:05:INFO:Awaiting clients' training results.
2026-05-04 17:36:06,968:declearn.server:INFO: Conducting server-side optimization.
05/04/2026 17:36:06:INFO:Conducting server-side optimization.
2026-05-04 17:36:06,969:declearn.server:INFO: Initiating evaluation round 1
05/04/2026 17:36:06:INFO:Initiating evaluation round 1
05/04/2026 17:36:07:INFO:Participating in evaluation round 1
2026-05-04 17:36:07,191:declearn.client-client_0.train_manager:MAJOR: Local scalar evaluation metrics: {'accuracy': '0.1120', 'loss': '2.3019'}
05/04/2026 17:36:07:MAJOR:Local scalar evaluation metrics: {'accuracy': '0.1120', 'loss': '2.3019'}
05/04/2026 17:36:07:INFO:Packing local results to be sent to the server.
05/04/2026 17:36:07:INFO:Participating in evaluation round 1
2026-05-04 17:36:07,345:declearn.client-client_1.train_manager:MAJOR: Local scalar evaluation metrics: {'accuracy': '0.1148', 'loss': '2.3018'}
05/04/2026 17:36:07:MAJOR:Local scalar evaluation metrics: {'accuracy': '0.1148', 'loss': '2.3018'}
05/04/2026 17:36:07:INFO:Packing local results to be sent to the server.
2026-05-04 17:36:07,978:declearn.server:INFO: Awaiting clients' evaluation results.
05/04/2026 17:36:07:INFO:Awaiting clients' evaluation results.
2026-05-04 17:36:07,979:declearn.server:INFO: Aggregating evaluation results.
05/04/2026 17:36:07:INFO:Aggregating evaluation results.
2026-05-04 17:36:07,979:declearn.server:INFO: Averaged loss is: 2.301855901082357
05/04/2026 17:36:07:INFO:Averaged loss is: 2.301855901082357
2026-05-04 17:36:07,979:declearn.server:INFO: Other averaged scalar metrics are: {'accuracy': '0.1134', 'loss': '2.3019'}
05/04/2026 17:36:07:INFO:Other averaged scalar metrics are: {'accuracy': '0.1134', 'loss': '2.3019'}
2026-05-04 17:36:07,988:declearn.server:INFO: Initiating training round 2
05/04/2026 17:36:07:INFO:Initiating training round 2
05/04/2026 17:36:08:INFO:Participating in training round 2
05/04/2026 17:36:08:INFO:Applying server updates to local objects.
05/04/2026 17:36:08:INFO:Training local model for 1 epochs | None steps | None seconds.
05/04/2026 17:36:41:INFO:Packing local updates to be sent to the server.
05/04/2026 17:36:41:INFO:Local DP budget spent at the end of the round: (4.992799714321105, 1e-05)
05/04/2026 17:36:42:INFO:Participating in training round 2
05/04/2026 17:36:42:INFO:Applying server updates to local objects.
05/04/2026 17:36:42:INFO:Training local model for 1 epochs | None steps | None seconds.
05/04/2026 17:37:15:INFO:Packing local updates to be sent to the server.
05/04/2026 17:37:15:INFO:Local DP budget spent at the end of the round: (4.992799714321105, 1e-05)
2026-05-04 17:37:15,891:declearn.server:INFO: Awaiting clients' training results.
05/04/2026 17:37:15:INFO:Awaiting clients' training results.
2026-05-04 17:37:16,905:declearn.server:INFO: Conducting server-side optimization.
05/04/2026 17:37:16:INFO:Conducting server-side optimization.
2026-05-04 17:37:16,907:declearn.server:INFO: Initiating evaluation round 2
05/04/2026 17:37:16:INFO:Initiating evaluation round 2
05/04/2026 17:37:16:INFO:Participating in evaluation round 2
2026-05-04 17:37:17,123:declearn.client-client_0.train_manager:MAJOR: Local scalar evaluation metrics: {'accuracy': '0.1512', 'loss': '2.3003'}
05/04/2026 17:37:17:MAJOR:Local scalar evaluation metrics: {'accuracy': '0.1512', 'loss': '2.3003'}
05/04/2026 17:37:17:INFO:Packing local results to be sent to the server.
05/04/2026 17:37:17:INFO:Participating in evaluation round 2
2026-05-04 17:37:17,265:declearn.client-client_1.train_manager:MAJOR: Local scalar evaluation metrics: {'accuracy': '0.1510', 'loss': '2.3004'}
05/04/2026 17:37:17:MAJOR:Local scalar evaluation metrics: {'accuracy': '0.1510', 'loss': '2.3004'}
05/04/2026 17:37:17:INFO:Packing local results to be sent to the server.
2026-05-04 17:37:17,915:declearn.server:INFO: Awaiting clients' evaluation results.
05/04/2026 17:37:17:INFO:Awaiting clients' evaluation results.
2026-05-04 17:37:17,915:declearn.server:INFO: Aggregating evaluation results.
05/04/2026 17:37:17:INFO:Aggregating evaluation results.
2026-05-04 17:37:17,916:declearn.server:INFO: Averaged loss is: 2.3003302459716797
05/04/2026 17:37:17:INFO:Averaged loss is: 2.3003302459716797
2026-05-04 17:37:17,916:declearn.server:INFO: Other averaged scalar metrics are: {'accuracy': '0.1511', 'loss': '2.3003'}
05/04/2026 17:37:17:INFO:Other averaged scalar metrics are: {'accuracy': '0.1511', 'loss': '2.3003'}
2026-05-04 17:37:17,923:declearn.server:INFO: Maximum number of training rounds reached.
05/04/2026 17:37:17:INFO:Maximum number of training rounds reached.
2026-05-04 17:37:17,923:declearn.server:INFO: Stopping training.
05/04/2026 17:37:17:INFO:Stopping training.
2026-05-04 17:37:17,923:declearn.server:INFO: Recovering weights that yielded the lowest loss.
05/04/2026 17:37:17:INFO:Recovering weights that yielded the lowest loss.
2026-05-04 17:37:17,923:declearn.server:INFO: Notifying clients that training is over.
05/04/2026 17:37:17:INFO:Notifying clients that training is over.
05/04/2026 17:37:18:INFO:Training is now over, after 2 rounds. Global loss: 2.3003302459716797
05/04/2026 17:37:18:INFO:Checkpointing final weights under /home/fslimani/declearn-bench/declearn-experiments/exp_04_dp/result_26-05-04_17-35/client_0/model_state_best.json.
/home/fslimani/declearn-bench/declearn-for-exp_04_dp/declearn/utils/_serialize.py:125: UserWarning: PyTorch JSON serialization relies on pickle, which may be unsafe.
  config = obj.get_config()
05/04/2026 17:37:18:INFO:Training is now over, after 2 rounds. Global loss: 2.3003302459716797
05/04/2026 17:37:18:INFO:Checkpointing final weights under /home/fslimani/declearn-bench/declearn-experiments/exp_04_dp/result_26-05-04_17-35/client_1/model_state_best.json.
2026-05-04 17:37:18,397:declearn.server.network:INFO: connection closed
05/04/2026 17:37:18:INFO:connection closed
2026-05-04 17:37:18,398:declearn.server.network:INFO: connection closed
05/04/2026 17:37:18:INFO:connection closed
2026-05-04 17:37:18,931:declearn.server:INFO: Checkpointing final weights under /home/fslimani/declearn-bench/declearn-experiments/exp_04_dp/result_26-05-04_17-35/server/model_state_best.json.
05/04/2026 17:37:18:INFO:Checkpointing final weights under /home/fslimani/declearn-bench/declearn-experiments/exp_04_dp/result_26-05-04_17-35/server/model_state_best.json.
2026-05-04 17:37:18,940:declearn.server.network:INFO: server closing
05/04/2026 17:37:18:INFO:server closing
2026-05-04 17:37:18,941:declearn.server.network:INFO: server closed
05/04/2026 17:37:18:INFO:server closed
