2026-05-04 17:40:05,556:declearn.server:INFO: Default client sampler selected, all clients will be involved in each round
2026-05-04 17:40:05,557:declearn.server.network:INFO: Server is now starting...
2026-05-04 17:40:05,663:declearn.server.network:INFO: server listening on 127.0.0.1:8765
2026-05-04 17:40:05,663:declearn.server:INFO: Starting clients registration process.
2026-05-04 17:40:06,667:declearn.server.network:INFO: connection open
2026-05-04 17:40:06,667:declearn.server.network:INFO: New connection from ('127.0.0.1', 49524)
2026-05-04 17:40:06,667:declearn.server.network:INFO: connection open
2026-05-04 17:40:06,667:declearn.server.network:INFO: New connection from ('127.0.0.1', 49536)
2026-05-04 17:40:06,669:declearn.server.messages_handler:INFO: Registering client 'client_1' for training.
2026-05-04 17:40:06,669:declearn.server.messages_handler:INFO: Registering client 'client_0' for training.
2026-05-04 17:40:10,670:declearn.server:INFO: Clients' registration is now complete.
2026-05-04 17:40:10,670:declearn.server:INFO: Sending initialization requests to clients.
/home/fslimani/declearn-bench/declearn-for-exp_04_dp/declearn/utils/_serialize.py:125: UserWarning: PyTorch JSON serialization relies on pickle, which may be unsafe.
  config = obj.get_config()
2026-05-04 17:40:11,746:declearn.server:INFO: Waiting for clients' responses.
2026-05-04 17:40:12,747:declearn.server:INFO: Sending privacy requests to all clients.
/home/fslimani/.venvs/declearn313/lib/python3.13/site-packages/opacus/accountants/analysis/rdp.py:332: UserWarning: Optimal order is the largest alpha. Please consider expanding the range of alphas to get a tighter privacy bound.
  warnings.warn(
05/04/2026 17:40:13:INFO:Notifying the server that DP-SGD setup went fine.
05/04/2026 17:40:13:INFO:Received DP-SGD setup instructions.
05/04/2026 17:40:14:INFO:Notifying the server that DP-SGD setup went fine.
2026-05-04 17:40:14,460:declearn.server:INFO: Waiting for clients' responses.
05/04/2026 17:40:14:INFO:Waiting for clients' responses.
2026-05-04 17:40:14,461:declearn.server:INFO: Privacy requests were processed by clients.
05/04/2026 17:40:14:INFO:Privacy requests were processed by clients.
2026-05-04 17:40:14,461:declearn.server:INFO: Initialization was successful.
05/04/2026 17:40:14:INFO:Initialization was successful.
2026-05-04 17:40:14,472:declearn.server:INFO: Initiating training round 1
05/04/2026 17:40:14:INFO:Initiating training round 1
05/04/2026 17:40:14:INFO:Participating in training round 1
05/04/2026 17:40:14:INFO:Applying server updates to local objects.
05/04/2026 17:40:14:INFO:Training local model for 1 epochs | None steps | None seconds.
05/04/2026 17:40:22:INFO:Packing local updates to be sent to the server.
05/04/2026 17:40:22:INFO:Local DP budget spent at the end of the round: (4.518721769152027, 1e-05)
05/04/2026 17:40:22:INFO:Participating in training round 1
05/04/2026 17:40:22:INFO:Applying server updates to local objects.
05/04/2026 17:40:22:INFO:Training local model for 1 epochs | None steps | None seconds.
05/04/2026 17:40:29:INFO:Packing local updates to be sent to the server.
05/04/2026 17:40:29:INFO:Local DP budget spent at the end of the round: (4.518721769152027, 1e-05)
2026-05-04 17:40:29,712:declearn.server:INFO: Awaiting clients' training results.
05/04/2026 17:40:29:INFO:Awaiting clients' training results.
2026-05-04 17:40:30,717:declearn.server:INFO: Conducting server-side optimization.
05/04/2026 17:40:30:INFO:Conducting server-side optimization.
2026-05-04 17:40:30,719:declearn.server:INFO: Initiating evaluation round 1
05/04/2026 17:40:30:INFO:Initiating evaluation round 1
05/04/2026 17:40:30:INFO:Participating in evaluation round 1
2026-05-04 17:40:30,943:declearn.client-client_0.train_manager:MAJOR: Local scalar evaluation metrics: {'accuracy': '0.0975', 'loss': '2.3019'}
05/04/2026 17:40:30:MAJOR:Local scalar evaluation metrics: {'accuracy': '0.0975', 'loss': '2.3019'}
05/04/2026 17:40:30:INFO:Packing local results to be sent to the server.
05/04/2026 17:40:30:INFO:Participating in evaluation round 1
2026-05-04 17:40:31,092:declearn.client-client_1.train_manager:MAJOR: Local scalar evaluation metrics: {'accuracy': '0.0995', 'loss': '2.3017'}
05/04/2026 17:40:31:MAJOR:Local scalar evaluation metrics: {'accuracy': '0.0995', 'loss': '2.3017'}
05/04/2026 17:40:31:INFO:Packing local results to be sent to the server.
2026-05-04 17:40:31,727:declearn.server:INFO: Awaiting clients' evaluation results.
05/04/2026 17:40:31:INFO:Awaiting clients' evaluation results.
2026-05-04 17:40:31,727:declearn.server:INFO: Aggregating evaluation results.
05/04/2026 17:40:31:INFO:Aggregating evaluation results.
2026-05-04 17:40:31,728:declearn.server:INFO: Averaged loss is: 2.3017963511149087
05/04/2026 17:40:31:INFO:Averaged loss is: 2.3017963511149087
2026-05-04 17:40:31,728:declearn.server:INFO: Other averaged scalar metrics are: {'accuracy': '0.0985', 'loss': '2.3018'}
05/04/2026 17:40:31:INFO:Other averaged scalar metrics are: {'accuracy': '0.0985', 'loss': '2.3018'}
2026-05-04 17:40:31,734:declearn.server:INFO: Initiating training round 2
05/04/2026 17:40:31:INFO:Initiating training round 2
05/04/2026 17:40:32:INFO:Participating in training round 2
05/04/2026 17:40:32:INFO:Applying server updates to local objects.
05/04/2026 17:40:32:INFO:Training local model for 1 epochs | None steps | None seconds.
05/04/2026 17:40:38:INFO:Packing local updates to be sent to the server.
05/04/2026 17:40:39:INFO:Local DP budget spent at the end of the round: (4.992799714321105, 1e-05)
05/04/2026 17:40:39:INFO:Participating in training round 2
05/04/2026 17:40:39:INFO:Applying server updates to local objects.
05/04/2026 17:40:39:INFO:Training local model for 1 epochs | None steps | None seconds.
05/04/2026 17:40:45:INFO:Packing local updates to be sent to the server.
05/04/2026 17:40:46:INFO:Local DP budget spent at the end of the round: (4.992799714321105, 1e-05)
2026-05-04 17:40:46,039:declearn.server:INFO: Awaiting clients' training results.
05/04/2026 17:40:46:INFO:Awaiting clients' training results.
2026-05-04 17:40:47,054:declearn.server:INFO: Conducting server-side optimization.
05/04/2026 17:40:47:INFO:Conducting server-side optimization.
2026-05-04 17:40:47,055:declearn.server:INFO: Initiating evaluation round 2
05/04/2026 17:40:47:INFO:Initiating evaluation round 2
05/04/2026 17:40:47:INFO:Participating in evaluation round 2
2026-05-04 17:40:47,273:declearn.client-client_0.train_manager:MAJOR: Local scalar evaluation metrics: {'accuracy': '0.0978', 'loss': '2.3012'}
05/04/2026 17:40:47:MAJOR:Local scalar evaluation metrics: {'accuracy': '0.0978', 'loss': '2.3012'}
05/04/2026 17:40:47:INFO:Packing local results to be sent to the server.
05/04/2026 17:40:47:INFO:Participating in evaluation round 2
2026-05-04 17:40:47,417:declearn.client-client_1.train_manager:MAJOR: Local scalar evaluation metrics: {'accuracy': '0.1002', 'loss': '2.3009'}
05/04/2026 17:40:47:MAJOR:Local scalar evaluation metrics: {'accuracy': '0.1002', 'loss': '2.3009'}
05/04/2026 17:40:47:INFO:Packing local results to be sent to the server.
2026-05-04 17:40:48,062:declearn.server:INFO: Awaiting clients' evaluation results.
05/04/2026 17:40:48:INFO:Awaiting clients' evaluation results.
2026-05-04 17:40:48,063:declearn.server:INFO: Aggregating evaluation results.
05/04/2026 17:40:48:INFO:Aggregating evaluation results.
2026-05-04 17:40:48,063:declearn.server:INFO: Averaged loss is: 2.301058738708496
05/04/2026 17:40:48:INFO:Averaged loss is: 2.301058738708496
2026-05-04 17:40:48,063:declearn.server:INFO: Other averaged scalar metrics are: {'accuracy': '0.0990', 'loss': '2.3011'}
05/04/2026 17:40:48:INFO:Other averaged scalar metrics are: {'accuracy': '0.0990', 'loss': '2.3011'}
2026-05-04 17:40:48,070:declearn.server:INFO: Maximum number of training rounds reached.
05/04/2026 17:40:48:INFO:Maximum number of training rounds reached.
2026-05-04 17:40:48,071:declearn.server:INFO: Stopping training.
05/04/2026 17:40:48:INFO:Stopping training.
2026-05-04 17:40:48,071:declearn.server:INFO: Recovering weights that yielded the lowest loss.
05/04/2026 17:40:48:INFO:Recovering weights that yielded the lowest loss.
2026-05-04 17:40:48,071:declearn.server:INFO: Notifying clients that training is over.
05/04/2026 17:40:48:INFO:Notifying clients that training is over.
05/04/2026 17:40:48:INFO:Training is now over, after 2 rounds. Global loss: 2.301058738708496
05/04/2026 17:40:48:INFO:Checkpointing final weights under /home/fslimani/declearn-bench/declearn-experiments/exp_04_dp/result_26-05-04_17-40/client_0/model_state_best.json.
/home/fslimani/declearn-bench/declearn-for-exp_04_dp/declearn/utils/_serialize.py:125: UserWarning: PyTorch JSON serialization relies on pickle, which may be unsafe.
  config = obj.get_config()
05/04/2026 17:40:48:INFO:Training is now over, after 2 rounds. Global loss: 2.301058738708496
05/04/2026 17:40:48:INFO:Checkpointing final weights under /home/fslimani/declearn-bench/declearn-experiments/exp_04_dp/result_26-05-04_17-40/client_1/model_state_best.json.
2026-05-04 17:40:48,547:declearn.server.network:INFO: connection closed
05/04/2026 17:40:48:INFO:connection closed
2026-05-04 17:40:48,547:declearn.server.network:INFO: connection closed
05/04/2026 17:40:48:INFO:connection closed
2026-05-04 17:40:49,078:declearn.server:INFO: Checkpointing final weights under /home/fslimani/declearn-bench/declearn-experiments/exp_04_dp/result_26-05-04_17-40/server/model_state_best.json.
05/04/2026 17:40:49:INFO:Checkpointing final weights under /home/fslimani/declearn-bench/declearn-experiments/exp_04_dp/result_26-05-04_17-40/server/model_state_best.json.
2026-05-04 17:40:49,088:declearn.server.network:INFO: server closing
05/04/2026 17:40:49:INFO:server closing
2026-05-04 17:40:49,088:declearn.server.network:INFO: server closed
05/04/2026 17:40:49:INFO:server closed
