2026-05-04 17:30:06,534:declearn.server:INFO: Default client sampler selected, all clients will be involved in each round
2026-05-04 17:30:06,535:declearn.server.network:INFO: Server is now starting...
2026-05-04 17:30:06,636:declearn.server.network:INFO: server listening on 127.0.0.1:8765
2026-05-04 17:30:06,637:declearn.server:INFO: Starting clients registration process.
2026-05-04 17:30:07,640:declearn.server.network:INFO: connection open
2026-05-04 17:30:07,641:declearn.server.network:INFO: New connection from ('127.0.0.1', 60772)
2026-05-04 17:30:07,641:declearn.server.network:INFO: connection open
2026-05-04 17:30:07,641:declearn.server.network:INFO: New connection from ('127.0.0.1', 60776)
2026-05-04 17:30:07,643:declearn.server.messages_handler:INFO: Registering client 'client_1' for training.
2026-05-04 17:30:07,643:declearn.server.messages_handler:INFO: Registering client 'client_0' for training.
2026-05-04 17:30:11,644:declearn.server:INFO: Clients' registration is now complete.
2026-05-04 17:30:11,644:declearn.server:INFO: Sending initialization requests to clients.
/home/fslimani/declearn-bench/declearn-for-exp_04_dp/declearn/utils/_serialize.py:125: UserWarning: PyTorch JSON serialization relies on pickle, which may be unsafe.
  config = obj.get_config()
2026-05-04 17:30:12,657:declearn.server:INFO: Waiting for clients' responses.
2026-05-04 17:30:12,658:declearn.server:INFO: Sending privacy requests to all clients.
/home/fslimani/.venvs/declearn313/lib/python3.13/site-packages/opacus/accountants/analysis/rdp.py:332: UserWarning: Optimal order is the largest alpha. Please consider expanding the range of alphas to get a tighter privacy bound.
  warnings.warn(
05/04/2026 17:30:13:INFO:Notifying the server that DP-SGD setup went fine.
05/04/2026 17:30:13:INFO:Received DP-SGD setup instructions.
05/04/2026 17:30:14:INFO:Notifying the server that DP-SGD setup went fine.
2026-05-04 17:30:14,424:declearn.server:INFO: Waiting for clients' responses.
05/04/2026 17:30:14:INFO:Waiting for clients' responses.
2026-05-04 17:30:14,425:declearn.server:INFO: Privacy requests were processed by clients.
05/04/2026 17:30:14:INFO:Privacy requests were processed by clients.
2026-05-04 17:30:14,425:declearn.server:INFO: Initialization was successful.
05/04/2026 17:30:14:INFO:Initialization was successful.
2026-05-04 17:30:14,437:declearn.server:INFO: Initiating training round 1
05/04/2026 17:30:14:INFO:Initiating training round 1
05/04/2026 17:30:14:INFO:Participating in training round 1
05/04/2026 17:30:14:INFO:Applying server updates to local objects.
05/04/2026 17:30:14:INFO:Training local model for 1 epochs | None steps | None seconds.
05/04/2026 17:30:51:INFO:Packing local updates to be sent to the server.
05/04/2026 17:30:51:INFO:Local DP budget spent at the end of the round: (4.518721769152027, 1e-05)
05/04/2026 17:30:51:INFO:Participating in training round 1
05/04/2026 17:30:51:INFO:Applying server updates to local objects.
05/04/2026 17:30:51:INFO:Training local model for 1 epochs | None steps | None seconds.
05/04/2026 17:31:27:INFO:Packing local updates to be sent to the server.
05/04/2026 17:31:27:INFO:Local DP budget spent at the end of the round: (4.518721769152027, 1e-05)
2026-05-04 17:31:27,478:declearn.server:INFO: Awaiting clients' training results.
05/04/2026 17:31:27:INFO:Awaiting clients' training results.
2026-05-04 17:31:28,484:declearn.server:INFO: Conducting server-side optimization.
05/04/2026 17:31:28:INFO:Conducting server-side optimization.
2026-05-04 17:31:28,486:declearn.server:INFO: Initiating evaluation round 1
05/04/2026 17:31:28:INFO:Initiating evaluation round 1
05/04/2026 17:31:28:INFO:Participating in evaluation round 1
2026-05-04 17:31:28,743:declearn.client-client_0.train_manager:MAJOR: Local scalar evaluation metrics: {'accuracy': '0.0870', 'loss': '2.3013'}
05/04/2026 17:31:28:MAJOR:Local scalar evaluation metrics: {'accuracy': '0.0870', 'loss': '2.3013'}
05/04/2026 17:31:28:INFO:Packing local results to be sent to the server.
05/04/2026 17:31:28:INFO:Participating in evaluation round 1
2026-05-04 17:31:28,915:declearn.client-client_1.train_manager:MAJOR: Local scalar evaluation metrics: {'accuracy': '0.0945', 'loss': '2.3012'}
05/04/2026 17:31:28:MAJOR:Local scalar evaluation metrics: {'accuracy': '0.0945', 'loss': '2.3012'}
05/04/2026 17:31:28:INFO:Packing local results to be sent to the server.
2026-05-04 17:31:29,494:declearn.server:INFO: Awaiting clients' evaluation results.
05/04/2026 17:31:29:INFO:Awaiting clients' evaluation results.
2026-05-04 17:31:29,495:declearn.server:INFO: Aggregating evaluation results.
05/04/2026 17:31:29:INFO:Aggregating evaluation results.
2026-05-04 17:31:29,495:declearn.server:INFO: Averaged loss is: 2.3012679926554362
05/04/2026 17:31:29:INFO:Averaged loss is: 2.3012679926554362
2026-05-04 17:31:29,495:declearn.server:INFO: Other averaged scalar metrics are: {'accuracy': '0.0907', 'loss': '2.3013'}
05/04/2026 17:31:29:INFO:Other averaged scalar metrics are: {'accuracy': '0.0907', 'loss': '2.3013'}
2026-05-04 17:31:29,502:declearn.server:INFO: Initiating training round 2
05/04/2026 17:31:29:INFO:Initiating training round 2
05/04/2026 17:31:29:INFO:Participating in training round 2
05/04/2026 17:31:29:INFO:Applying server updates to local objects.
05/04/2026 17:31:29:INFO:Training local model for 1 epochs | None steps | None seconds.
05/04/2026 17:32:05:INFO:Packing local updates to be sent to the server.
05/04/2026 17:32:05:INFO:Local DP budget spent at the end of the round: (4.992799714321105, 1e-05)
05/04/2026 17:32:05:INFO:Participating in training round 2
05/04/2026 17:32:05:INFO:Applying server updates to local objects.
05/04/2026 17:32:05:INFO:Training local model for 1 epochs | None steps | None seconds.
05/04/2026 17:32:41:INFO:Packing local updates to be sent to the server.
05/04/2026 17:32:41:INFO:Local DP budget spent at the end of the round: (4.992799714321105, 1e-05)
2026-05-04 17:32:41,277:declearn.server:INFO: Awaiting clients' training results.
05/04/2026 17:32:41:INFO:Awaiting clients' training results.
2026-05-04 17:32:42,292:declearn.server:INFO: Conducting server-side optimization.
05/04/2026 17:32:42:INFO:Conducting server-side optimization.
2026-05-04 17:32:42,294:declearn.server:INFO: Initiating evaluation round 2
05/04/2026 17:32:42:INFO:Initiating evaluation round 2
05/04/2026 17:32:42:INFO:Participating in evaluation round 2
2026-05-04 17:32:42,539:declearn.client-client_0.train_manager:MAJOR: Local scalar evaluation metrics: {'accuracy': '0.1008', 'loss': '2.2984'}
05/04/2026 17:32:42:MAJOR:Local scalar evaluation metrics: {'accuracy': '0.1008', 'loss': '2.2984'}
05/04/2026 17:32:42:INFO:Packing local results to be sent to the server.
05/04/2026 17:32:42:INFO:Participating in evaluation round 2
2026-05-04 17:32:42,701:declearn.client-client_1.train_manager:MAJOR: Local scalar evaluation metrics: {'accuracy': '0.1060', 'loss': '2.2985'}
05/04/2026 17:32:42:MAJOR:Local scalar evaluation metrics: {'accuracy': '0.1060', 'loss': '2.2985'}
05/04/2026 17:32:42:INFO:Packing local results to be sent to the server.
2026-05-04 17:32:43,303:declearn.server:INFO: Awaiting clients' evaluation results.
05/04/2026 17:32:43:INFO:Awaiting clients' evaluation results.
2026-05-04 17:32:43,303:declearn.server:INFO: Aggregating evaluation results.
05/04/2026 17:32:43:INFO:Aggregating evaluation results.
2026-05-04 17:32:43,304:declearn.server:INFO: Averaged loss is: 2.2984224472045898
05/04/2026 17:32:43:INFO:Averaged loss is: 2.2984224472045898
2026-05-04 17:32:43,304:declearn.server:INFO: Other averaged scalar metrics are: {'accuracy': '0.1034', 'loss': '2.2984'}
05/04/2026 17:32:43:INFO:Other averaged scalar metrics are: {'accuracy': '0.1034', 'loss': '2.2984'}
2026-05-04 17:32:43,311:declearn.server:INFO: Maximum number of training rounds reached.
05/04/2026 17:32:43:INFO:Maximum number of training rounds reached.
2026-05-04 17:32:43,311:declearn.server:INFO: Stopping training.
05/04/2026 17:32:43:INFO:Stopping training.
2026-05-04 17:32:43,311:declearn.server:INFO: Recovering weights that yielded the lowest loss.
05/04/2026 17:32:43:INFO:Recovering weights that yielded the lowest loss.
2026-05-04 17:32:43,311:declearn.server:INFO: Notifying clients that training is over.
05/04/2026 17:32:43:INFO:Notifying clients that training is over.
05/04/2026 17:32:43:INFO:Training is now over, after 2 rounds. Global loss: 2.2984224472045898
05/04/2026 17:32:43:INFO:Checkpointing final weights under /home/fslimani/declearn-bench/declearn-experiments/exp_04_dp/result_26-05-04_17-30/client_0/model_state_best.json.
/home/fslimani/declearn-bench/declearn-for-exp_04_dp/declearn/utils/_serialize.py:125: UserWarning: PyTorch JSON serialization relies on pickle, which may be unsafe.
  config = obj.get_config()
05/04/2026 17:32:43:INFO:Training is now over, after 2 rounds. Global loss: 2.2984224472045898
05/04/2026 17:32:43:INFO:Checkpointing final weights under /home/fslimani/declearn-bench/declearn-experiments/exp_04_dp/result_26-05-04_17-30/client_1/model_state_best.json.
2026-05-04 17:32:43,834:declearn.server.network:INFO: connection closed
05/04/2026 17:32:43:INFO:connection closed
2026-05-04 17:32:43,835:declearn.server.network:INFO: connection closed
05/04/2026 17:32:43:INFO:connection closed
2026-05-04 17:32:44,318:declearn.server:INFO: Checkpointing final weights under /home/fslimani/declearn-bench/declearn-experiments/exp_04_dp/result_26-05-04_17-30/server/model_state_best.json.
05/04/2026 17:32:44:INFO:Checkpointing final weights under /home/fslimani/declearn-bench/declearn-experiments/exp_04_dp/result_26-05-04_17-30/server/model_state_best.json.
2026-05-04 17:32:44,328:declearn.server.network:INFO: server closing
05/04/2026 17:32:44:INFO:server closing
2026-05-04 17:32:44,329:declearn.server.network:INFO: server closed
05/04/2026 17:32:44:INFO:server closed
