2026-05-04 17:37:32,568:declearn.server:INFO: Default client sampler selected, all clients will be involved in each round
2026-05-04 17:37:32,569:declearn.server.network:INFO: Server is now starting...
2026-05-04 17:37:32,668:declearn.server.network:INFO: server listening on 127.0.0.1:8765
2026-05-04 17:37:32,668:declearn.server:INFO: Starting clients registration process.
2026-05-04 17:37:33,672:declearn.server.network:INFO: connection open
2026-05-04 17:37:33,672:declearn.server.network:INFO: New connection from ('127.0.0.1', 54976)
2026-05-04 17:37:33,672:declearn.server.network:INFO: connection open
2026-05-04 17:37:33,672:declearn.server.network:INFO: New connection from ('127.0.0.1', 54986)
2026-05-04 17:37:33,674:declearn.server.messages_handler:INFO: Registering client 'client_1' for training.
2026-05-04 17:37:33,674:declearn.server.messages_handler:INFO: Registering client 'client_0' for training.
2026-05-04 17:37:37,676:declearn.server:INFO: Clients' registration is now complete.
2026-05-04 17:37:37,676:declearn.server:INFO: Sending initialization requests to clients.
/home/fslimani/declearn-bench/declearn-for-exp_04_dp/declearn/utils/_serialize.py:125: UserWarning: PyTorch JSON serialization relies on pickle, which may be unsafe.
  config = obj.get_config()
2026-05-04 17:37:38,752:declearn.server:INFO: Waiting for clients' responses.
2026-05-04 17:37:39,754:declearn.server:INFO: Sending privacy requests to all clients.
/home/fslimani/.venvs/declearn313/lib/python3.13/site-packages/opacus/accountants/analysis/rdp.py:332: UserWarning: Optimal order is the largest alpha. Please consider expanding the range of alphas to get a tighter privacy bound.
  warnings.warn(
05/04/2026 17:37:40:INFO:Notifying the server that DP-SGD setup went fine.
05/04/2026 17:37:40:INFO:Received DP-SGD setup instructions.
05/04/2026 17:37:41:INFO:Notifying the server that DP-SGD setup went fine.
2026-05-04 17:37:41,292:declearn.server:INFO: Waiting for clients' responses.
05/04/2026 17:37:41:INFO:Waiting for clients' responses.
2026-05-04 17:37:41,292:declearn.server:INFO: Privacy requests were processed by clients.
05/04/2026 17:37:41:INFO:Privacy requests were processed by clients.
2026-05-04 17:37:41,292:declearn.server:INFO: Initialization was successful.
05/04/2026 17:37:41:INFO:Initialization was successful.
2026-05-04 17:37:41,304:declearn.server:INFO: Initiating training round 1
05/04/2026 17:37:41:INFO:Initiating training round 1
05/04/2026 17:37:41:INFO:Participating in training round 1
05/04/2026 17:37:41:INFO:Applying server updates to local objects.
05/04/2026 17:37:41:INFO:Training local model for 1 epochs | None steps | None seconds.
05/04/2026 17:38:14:INFO:Packing local updates to be sent to the server.
05/04/2026 17:38:14:INFO:Local DP budget spent at the end of the round: (4.518721769152027, 1e-05)
05/04/2026 17:38:14:INFO:Participating in training round 1
05/04/2026 17:38:14:INFO:Applying server updates to local objects.
05/04/2026 17:38:14:INFO:Training local model for 1 epochs | None steps | None seconds.
05/04/2026 17:38:47:INFO:Packing local updates to be sent to the server.
05/04/2026 17:38:47:INFO:Local DP budget spent at the end of the round: (4.518721769152027, 1e-05)
2026-05-04 17:38:47,246:declearn.server:INFO: Awaiting clients' training results.
05/04/2026 17:38:47:INFO:Awaiting clients' training results.
2026-05-04 17:38:48,252:declearn.server:INFO: Conducting server-side optimization.
05/04/2026 17:38:48:INFO:Conducting server-side optimization.
2026-05-04 17:38:48,253:declearn.server:INFO: Initiating evaluation round 1
05/04/2026 17:38:48:INFO:Initiating evaluation round 1
05/04/2026 17:38:48:INFO:Participating in evaluation round 1
2026-05-04 17:38:48,463:declearn.client-client_0.train_manager:MAJOR: Local scalar evaluation metrics: {'accuracy': '0.0920', 'loss': '2.3017'}
05/04/2026 17:38:48:MAJOR:Local scalar evaluation metrics: {'accuracy': '0.0920', 'loss': '2.3017'}
05/04/2026 17:38:48:INFO:Packing local results to be sent to the server.
05/04/2026 17:38:48:INFO:Participating in evaluation round 1
2026-05-04 17:38:48,599:declearn.client-client_1.train_manager:MAJOR: Local scalar evaluation metrics: {'accuracy': '0.0903', 'loss': '2.3018'}
05/04/2026 17:38:48:MAJOR:Local scalar evaluation metrics: {'accuracy': '0.0903', 'loss': '2.3018'}
05/04/2026 17:38:48:INFO:Packing local results to be sent to the server.
2026-05-04 17:38:49,261:declearn.server:INFO: Awaiting clients' evaluation results.
05/04/2026 17:38:49:INFO:Awaiting clients' evaluation results.
2026-05-04 17:38:49,261:declearn.server:INFO: Aggregating evaluation results.
05/04/2026 17:38:49:INFO:Aggregating evaluation results.
2026-05-04 17:38:49,262:declearn.server:INFO: Averaged loss is: 2.3017277704874672
05/04/2026 17:38:49:INFO:Averaged loss is: 2.3017277704874672
2026-05-04 17:38:49,262:declearn.server:INFO: Other averaged scalar metrics are: {'accuracy': '0.0912', 'loss': '2.3017'}
05/04/2026 17:38:49:INFO:Other averaged scalar metrics are: {'accuracy': '0.0912', 'loss': '2.3017'}
2026-05-04 17:38:49,269:declearn.server:INFO: Initiating training round 2
05/04/2026 17:38:49:INFO:Initiating training round 2
05/04/2026 17:38:49:INFO:Participating in training round 2
05/04/2026 17:38:49:INFO:Applying server updates to local objects.
05/04/2026 17:38:49:INFO:Training local model for 1 epochs | None steps | None seconds.
05/04/2026 17:39:21:INFO:Packing local updates to be sent to the server.
05/04/2026 17:39:21:INFO:Local DP budget spent at the end of the round: (4.992799714321105, 1e-05)
05/04/2026 17:39:21:INFO:Participating in training round 2
05/04/2026 17:39:21:INFO:Applying server updates to local objects.
05/04/2026 17:39:21:INFO:Training local model for 1 epochs | None steps | None seconds.
05/04/2026 17:39:54:INFO:Packing local updates to be sent to the server.
05/04/2026 17:39:54:INFO:Local DP budget spent at the end of the round: (4.992799714321105, 1e-05)
2026-05-04 17:39:54,196:declearn.server:INFO: Awaiting clients' training results.
05/04/2026 17:39:54:INFO:Awaiting clients' training results.
2026-05-04 17:39:55,210:declearn.server:INFO: Conducting server-side optimization.
05/04/2026 17:39:55:INFO:Conducting server-side optimization.
2026-05-04 17:39:55,211:declearn.server:INFO: Initiating evaluation round 2
05/04/2026 17:39:55:INFO:Initiating evaluation round 2
05/04/2026 17:39:55:INFO:Participating in evaluation round 2
2026-05-04 17:39:55,425:declearn.client-client_0.train_manager:MAJOR: Local scalar evaluation metrics: {'accuracy': '0.1500', 'loss': '2.3003'}
05/04/2026 17:39:55:MAJOR:Local scalar evaluation metrics: {'accuracy': '0.1500', 'loss': '2.3003'}
05/04/2026 17:39:55:INFO:Packing local results to be sent to the server.
05/04/2026 17:39:55:INFO:Participating in evaluation round 2
2026-05-04 17:39:55,565:declearn.client-client_1.train_manager:MAJOR: Local scalar evaluation metrics: {'accuracy': '0.1457', 'loss': '2.3003'}
05/04/2026 17:39:55:MAJOR:Local scalar evaluation metrics: {'accuracy': '0.1457', 'loss': '2.3003'}
05/04/2026 17:39:55:INFO:Packing local results to be sent to the server.
2026-05-04 17:39:56,219:declearn.server:INFO: Awaiting clients' evaluation results.
05/04/2026 17:39:56:INFO:Awaiting clients' evaluation results.
2026-05-04 17:39:56,219:declearn.server:INFO: Aggregating evaluation results.
05/04/2026 17:39:56:INFO:Aggregating evaluation results.
2026-05-04 17:39:56,220:declearn.server:INFO: Averaged loss is: 2.3002699915568035
05/04/2026 17:39:56:INFO:Averaged loss is: 2.3002699915568035
2026-05-04 17:39:56,220:declearn.server:INFO: Other averaged scalar metrics are: {'accuracy': '0.1478', 'loss': '2.3003'}
05/04/2026 17:39:56:INFO:Other averaged scalar metrics are: {'accuracy': '0.1478', 'loss': '2.3003'}
2026-05-04 17:39:56,226:declearn.server:INFO: Maximum number of training rounds reached.
05/04/2026 17:39:56:INFO:Maximum number of training rounds reached.
2026-05-04 17:39:56,226:declearn.server:INFO: Stopping training.
05/04/2026 17:39:56:INFO:Stopping training.
2026-05-04 17:39:56,226:declearn.server:INFO: Recovering weights that yielded the lowest loss.
05/04/2026 17:39:56:INFO:Recovering weights that yielded the lowest loss.
2026-05-04 17:39:56,226:declearn.server:INFO: Notifying clients that training is over.
05/04/2026 17:39:56:INFO:Notifying clients that training is over.
05/04/2026 17:39:56:INFO:Training is now over, after 2 rounds. Global loss: 2.3002699915568035
05/04/2026 17:39:56:INFO:Checkpointing final weights under /home/fslimani/declearn-bench/declearn-experiments/exp_04_dp/result_26-05-04_17-37/client_0/model_state_best.json.
/home/fslimani/declearn-bench/declearn-for-exp_04_dp/declearn/utils/_serialize.py:125: UserWarning: PyTorch JSON serialization relies on pickle, which may be unsafe.
  config = obj.get_config()
05/04/2026 17:39:56:INFO:Training is now over, after 2 rounds. Global loss: 2.3002699915568035
05/04/2026 17:39:56:INFO:Checkpointing final weights under /home/fslimani/declearn-bench/declearn-experiments/exp_04_dp/result_26-05-04_17-37/client_1/model_state_best.json.
2026-05-04 17:39:56,694:declearn.server.network:INFO: connection closed
05/04/2026 17:39:56:INFO:connection closed
2026-05-04 17:39:56,694:declearn.server.network:INFO: connection closed
05/04/2026 17:39:56:INFO:connection closed
2026-05-04 17:39:57,233:declearn.server:INFO: Checkpointing final weights under /home/fslimani/declearn-bench/declearn-experiments/exp_04_dp/result_26-05-04_17-37/server/model_state_best.json.
05/04/2026 17:39:57:INFO:Checkpointing final weights under /home/fslimani/declearn-bench/declearn-experiments/exp_04_dp/result_26-05-04_17-37/server/model_state_best.json.
2026-05-04 17:39:57,243:declearn.server.network:INFO: server closing
05/04/2026 17:39:57:INFO:server closing
2026-05-04 17:39:57,243:declearn.server.network:INFO: server closed
05/04/2026 17:39:57:INFO:server closed
