2026-05-04 17:33:44,316:declearn.server:INFO: Default client sampler selected, all clients will be involved in each round
2026-05-04 17:33:44,317:declearn.server.network:INFO: Server is now starting...
2026-05-04 17:33:44,420:declearn.server.network:INFO: server listening on 127.0.0.1:8765
2026-05-04 17:33:44,421:declearn.server:INFO: Starting clients registration process.
2026-05-04 17:33:45,424:declearn.server.network:INFO: connection open
2026-05-04 17:33:45,424:declearn.server.network:INFO: New connection from ('127.0.0.1', 48396)
2026-05-04 17:33:45,425:declearn.server.network:INFO: connection open
2026-05-04 17:33:45,425:declearn.server.network:INFO: New connection from ('127.0.0.1', 48402)
2026-05-04 17:33:45,426:declearn.server.messages_handler:INFO: Registering client 'client_1' for training.
2026-05-04 17:33:45,427:declearn.server.messages_handler:INFO: Registering client 'client_0' for training.
2026-05-04 17:33:49,427:declearn.server:INFO: Clients' registration is now complete.
2026-05-04 17:33:49,428:declearn.server:INFO: Sending initialization requests to clients.
/home/fslimani/declearn-bench/declearn-for-exp_04_dp/declearn/utils/_serialize.py:125: UserWarning: PyTorch JSON serialization relies on pickle, which may be unsafe.
  config = obj.get_config()
2026-05-04 17:33:50,441:declearn.server:INFO: Waiting for clients' responses.
2026-05-04 17:33:50,442:declearn.server:INFO: Sending privacy requests to all clients.
/home/fslimani/.venvs/declearn313/lib/python3.13/site-packages/opacus/accountants/analysis/rdp.py:332: UserWarning: Optimal order is the largest alpha. Please consider expanding the range of alphas to get a tighter privacy bound.
  warnings.warn(
05/04/2026 17:33:51:INFO:Notifying the server that DP-SGD setup went fine.
05/04/2026 17:33:51:INFO:Received DP-SGD setup instructions.
05/04/2026 17:33:52:INFO:Notifying the server that DP-SGD setup went fine.
2026-05-04 17:33:52,234:declearn.server:INFO: Waiting for clients' responses.
05/04/2026 17:33:52:INFO:Waiting for clients' responses.
2026-05-04 17:33:52,235:declearn.server:INFO: Privacy requests were processed by clients.
05/04/2026 17:33:52:INFO:Privacy requests were processed by clients.
2026-05-04 17:33:52,235:declearn.server:INFO: Initialization was successful.
05/04/2026 17:33:52:INFO:Initialization was successful.
2026-05-04 17:33:52,246:declearn.server:INFO: Initiating training round 1
05/04/2026 17:33:52:INFO:Initiating training round 1
05/04/2026 17:33:52:INFO:Participating in training round 1
05/04/2026 17:33:52:INFO:Applying server updates to local objects.
05/04/2026 17:33:52:INFO:Training local model for 1 epochs | None steps | None seconds.
05/04/2026 17:34:03:INFO:Packing local updates to be sent to the server.
05/04/2026 17:34:03:INFO:Local DP budget spent at the end of the round: (4.518721769152027, 1e-05)
05/04/2026 17:34:03:INFO:Participating in training round 1
05/04/2026 17:34:03:INFO:Applying server updates to local objects.
05/04/2026 17:34:03:INFO:Training local model for 1 epochs | None steps | None seconds.
05/04/2026 17:34:13:INFO:Packing local updates to be sent to the server.
05/04/2026 17:34:13:INFO:Local DP budget spent at the end of the round: (4.518721769152027, 1e-05)
2026-05-04 17:34:13,336:declearn.server:INFO: Awaiting clients' training results.
05/04/2026 17:34:13:INFO:Awaiting clients' training results.
2026-05-04 17:34:14,342:declearn.server:INFO: Conducting server-side optimization.
05/04/2026 17:34:14:INFO:Conducting server-side optimization.
2026-05-04 17:34:14,343:declearn.server:INFO: Initiating evaluation round 1
05/04/2026 17:34:14:INFO:Initiating evaluation round 1
05/04/2026 17:34:14:INFO:Participating in evaluation round 1
2026-05-04 17:34:14,564:declearn.client-client_0.train_manager:MAJOR: Local scalar evaluation metrics: {'accuracy': '0.1065', 'loss': '2.3019'}
05/04/2026 17:34:14:MAJOR:Local scalar evaluation metrics: {'accuracy': '0.1065', 'loss': '2.3019'}
05/04/2026 17:34:14:INFO:Packing local results to be sent to the server.
05/04/2026 17:34:14:INFO:Participating in evaluation round 1
2026-05-04 17:34:14,711:declearn.client-client_1.train_manager:MAJOR: Local scalar evaluation metrics: {'accuracy': '0.1102', 'loss': '2.3020'}
05/04/2026 17:34:14:MAJOR:Local scalar evaluation metrics: {'accuracy': '0.1102', 'loss': '2.3020'}
05/04/2026 17:34:14:INFO:Packing local results to be sent to the server.
2026-05-04 17:34:15,351:declearn.server:INFO: Awaiting clients' evaluation results.
05/04/2026 17:34:15:INFO:Awaiting clients' evaluation results.
2026-05-04 17:34:15,352:declearn.server:INFO: Aggregating evaluation results.
05/04/2026 17:34:15:INFO:Aggregating evaluation results.
2026-05-04 17:34:15,352:declearn.server:INFO: Averaged loss is: 2.301919377644857
05/04/2026 17:34:15:INFO:Averaged loss is: 2.301919377644857
2026-05-04 17:34:15,352:declearn.server:INFO: Other averaged scalar metrics are: {'accuracy': '0.1083', 'loss': '2.3019'}
05/04/2026 17:34:15:INFO:Other averaged scalar metrics are: {'accuracy': '0.1083', 'loss': '2.3019'}
2026-05-04 17:34:15,359:declearn.server:INFO: Initiating training round 2
05/04/2026 17:34:15:INFO:Initiating training round 2
05/04/2026 17:34:15:INFO:Participating in training round 2
05/04/2026 17:34:15:INFO:Applying server updates to local objects.
05/04/2026 17:34:15:INFO:Training local model for 1 epochs | None steps | None seconds.
05/04/2026 17:34:25:INFO:Packing local updates to be sent to the server.
05/04/2026 17:34:25:INFO:Local DP budget spent at the end of the round: (4.992799714321105, 1e-05)
05/04/2026 17:34:25:INFO:Participating in training round 2
05/04/2026 17:34:25:INFO:Applying server updates to local objects.
05/04/2026 17:34:25:INFO:Training local model for 1 epochs | None steps | None seconds.
05/04/2026 17:34:35:INFO:Packing local updates to be sent to the server.
05/04/2026 17:34:35:INFO:Local DP budget spent at the end of the round: (4.992799714321105, 1e-05)
2026-05-04 17:34:35,453:declearn.server:INFO: Awaiting clients' training results.
05/04/2026 17:34:35:INFO:Awaiting clients' training results.
2026-05-04 17:34:36,467:declearn.server:INFO: Conducting server-side optimization.
05/04/2026 17:34:36:INFO:Conducting server-side optimization.
2026-05-04 17:34:36,468:declearn.server:INFO: Initiating evaluation round 2
05/04/2026 17:34:36:INFO:Initiating evaluation round 2
05/04/2026 17:34:36:INFO:Participating in evaluation round 2
2026-05-04 17:34:36,685:declearn.client-client_0.train_manager:MAJOR: Local scalar evaluation metrics: {'accuracy': '0.1232', 'loss': '2.3018'}
05/04/2026 17:34:36:MAJOR:Local scalar evaluation metrics: {'accuracy': '0.1232', 'loss': '2.3018'}
05/04/2026 17:34:36:INFO:Packing local results to be sent to the server.
05/04/2026 17:34:36:INFO:Participating in evaluation round 2
2026-05-04 17:34:36,831:declearn.client-client_1.train_manager:MAJOR: Local scalar evaluation metrics: {'accuracy': '0.1205', 'loss': '2.3019'}
05/04/2026 17:34:36:MAJOR:Local scalar evaluation metrics: {'accuracy': '0.1205', 'loss': '2.3019'}
05/04/2026 17:34:36:INFO:Packing local results to be sent to the server.
2026-05-04 17:34:37,476:declearn.server:INFO: Awaiting clients' evaluation results.
05/04/2026 17:34:37:INFO:Awaiting clients' evaluation results.
2026-05-04 17:34:37,476:declearn.server:INFO: Aggregating evaluation results.
05/04/2026 17:34:37:INFO:Aggregating evaluation results.
2026-05-04 17:34:37,477:declearn.server:INFO: Averaged loss is: 2.3018211669921875
05/04/2026 17:34:37:INFO:Averaged loss is: 2.3018211669921875
2026-05-04 17:34:37,477:declearn.server:INFO: Other averaged scalar metrics are: {'accuracy': '0.1218', 'loss': '2.3018'}
05/04/2026 17:34:37:INFO:Other averaged scalar metrics are: {'accuracy': '0.1218', 'loss': '2.3018'}
2026-05-04 17:34:37,484:declearn.server:INFO: Maximum number of training rounds reached.
05/04/2026 17:34:37:INFO:Maximum number of training rounds reached.
2026-05-04 17:34:37,484:declearn.server:INFO: Stopping training.
05/04/2026 17:34:37:INFO:Stopping training.
2026-05-04 17:34:37,484:declearn.server:INFO: Recovering weights that yielded the lowest loss.
05/04/2026 17:34:37:INFO:Recovering weights that yielded the lowest loss.
2026-05-04 17:34:37,484:declearn.server:INFO: Notifying clients that training is over.
05/04/2026 17:34:37:INFO:Notifying clients that training is over.
05/04/2026 17:34:37:INFO:Training is now over, after 2 rounds. Global loss: 2.3018211669921875
05/04/2026 17:34:37:INFO:Checkpointing final weights under /home/fslimani/declearn-bench/declearn-experiments/exp_04_dp/result_26-05-04_17-33/client_0/model_state_best.json.
/home/fslimani/declearn-bench/declearn-for-exp_04_dp/declearn/utils/_serialize.py:125: UserWarning: PyTorch JSON serialization relies on pickle, which may be unsafe.
  config = obj.get_config()
05/04/2026 17:34:37:INFO:Training is now over, after 2 rounds. Global loss: 2.3018211669921875
05/04/2026 17:34:37:INFO:Checkpointing final weights under /home/fslimani/declearn-bench/declearn-experiments/exp_04_dp/result_26-05-04_17-33/client_1/model_state_best.json.
2026-05-04 17:34:37,960:declearn.server.network:INFO: connection closed
05/04/2026 17:34:37:INFO:connection closed
2026-05-04 17:34:37,960:declearn.server.network:INFO: connection closed
05/04/2026 17:34:37:INFO:connection closed
2026-05-04 17:34:38,491:declearn.server:INFO: Checkpointing final weights under /home/fslimani/declearn-bench/declearn-experiments/exp_04_dp/result_26-05-04_17-33/server/model_state_best.json.
05/04/2026 17:34:38:INFO:Checkpointing final weights under /home/fslimani/declearn-bench/declearn-experiments/exp_04_dp/result_26-05-04_17-33/server/model_state_best.json.
2026-05-04 17:34:38,500:declearn.server.network:INFO: server closing
05/04/2026 17:34:38:INFO:server closing
2026-05-04 17:34:38,501:declearn.server.network:INFO: server closed
05/04/2026 17:34:38:INFO:server closed
