2026-05-04 17:34:46,777:declearn.server:INFO: Default client sampler selected, all clients will be involved in each round
2026-05-04 17:34:46,778:declearn.server.network:INFO: Server is now starting...
2026-05-04 17:34:46,878:declearn.server.network:INFO: server listening on 127.0.0.1:8765
2026-05-04 17:34:46,878:declearn.server:INFO: Starting clients registration process.
2026-05-04 17:34:47,882:declearn.server.network:INFO: connection open
2026-05-04 17:34:47,882:declearn.server.network:INFO: New connection from ('127.0.0.1', 57534)
2026-05-04 17:34:47,883:declearn.server.network:INFO: connection open
2026-05-04 17:34:47,883:declearn.server.network:INFO: New connection from ('127.0.0.1', 57548)
2026-05-04 17:34:47,884:declearn.server.messages_handler:INFO: Registering client 'client_1' for training.
2026-05-04 17:34:47,885:declearn.server.messages_handler:INFO: Registering client 'client_0' for training.
2026-05-04 17:34:51,885:declearn.server:INFO: Clients' registration is now complete.
2026-05-04 17:34:51,885:declearn.server:INFO: Sending initialization requests to clients.
/home/fslimani/declearn-bench/declearn-for-exp_04_dp/declearn/utils/_serialize.py:125: UserWarning: PyTorch JSON serialization relies on pickle, which may be unsafe.
  config = obj.get_config()
2026-05-04 17:34:52,899:declearn.server:INFO: Waiting for clients' responses.
2026-05-04 17:34:52,899:declearn.server:INFO: Sending privacy requests to all clients.
/home/fslimani/.venvs/declearn313/lib/python3.13/site-packages/opacus/accountants/analysis/rdp.py:332: UserWarning: Optimal order is the largest alpha. Please consider expanding the range of alphas to get a tighter privacy bound.
  warnings.warn(
05/04/2026 17:34:53:INFO:Notifying the server that DP-SGD setup went fine.
05/04/2026 17:34:53:INFO:Received DP-SGD setup instructions.
05/04/2026 17:34:54:INFO:Notifying the server that DP-SGD setup went fine.
2026-05-04 17:34:54,625:declearn.server:INFO: Waiting for clients' responses.
05/04/2026 17:34:54:INFO:Waiting for clients' responses.
2026-05-04 17:34:54,625:declearn.server:INFO: Privacy requests were processed by clients.
05/04/2026 17:34:54:INFO:Privacy requests were processed by clients.
2026-05-04 17:34:54,626:declearn.server:INFO: Initialization was successful.
05/04/2026 17:34:54:INFO:Initialization was successful.
2026-05-04 17:34:54,637:declearn.server:INFO: Initiating training round 1
05/04/2026 17:34:54:INFO:Initiating training round 1
05/04/2026 17:34:54:INFO:Participating in training round 1
05/04/2026 17:34:55:INFO:Applying server updates to local objects.
05/04/2026 17:34:55:INFO:Training local model for 1 epochs | None steps | None seconds.
05/04/2026 17:35:03:INFO:Packing local updates to be sent to the server.
05/04/2026 17:35:03:INFO:Local DP budget spent at the end of the round: (4.518721769152027, 1e-05)
05/04/2026 17:35:03:INFO:Participating in training round 1
05/04/2026 17:35:04:INFO:Applying server updates to local objects.
05/04/2026 17:35:04:INFO:Training local model for 1 epochs | None steps | None seconds.
05/04/2026 17:35:11:INFO:Packing local updates to be sent to the server.
05/04/2026 17:35:11:INFO:Local DP budget spent at the end of the round: (4.518721769152027, 1e-05)
2026-05-04 17:35:11,751:declearn.server:INFO: Awaiting clients' training results.
05/04/2026 17:35:11:INFO:Awaiting clients' training results.
2026-05-04 17:35:12,757:declearn.server:INFO: Conducting server-side optimization.
05/04/2026 17:35:12:INFO:Conducting server-side optimization.
2026-05-04 17:35:12,759:declearn.server:INFO: Initiating evaluation round 1
05/04/2026 17:35:12:INFO:Initiating evaluation round 1
05/04/2026 17:35:12:INFO:Participating in evaluation round 1
2026-05-04 17:35:12,983:declearn.client-client_0.train_manager:MAJOR: Local scalar evaluation metrics: {'accuracy': '0.0920', 'loss': '2.3023'}
05/04/2026 17:35:12:MAJOR:Local scalar evaluation metrics: {'accuracy': '0.0920', 'loss': '2.3023'}
05/04/2026 17:35:12:INFO:Packing local results to be sent to the server.
05/04/2026 17:35:13:INFO:Participating in evaluation round 1
2026-05-04 17:35:13,127:declearn.client-client_1.train_manager:MAJOR: Local scalar evaluation metrics: {'accuracy': '0.0955', 'loss': '2.3023'}
05/04/2026 17:35:13:MAJOR:Local scalar evaluation metrics: {'accuracy': '0.0955', 'loss': '2.3023'}
05/04/2026 17:35:13:INFO:Packing local results to be sent to the server.
2026-05-04 17:35:13,766:declearn.server:INFO: Awaiting clients' evaluation results.
05/04/2026 17:35:13:INFO:Awaiting clients' evaluation results.
2026-05-04 17:35:13,766:declearn.server:INFO: Aggregating evaluation results.
05/04/2026 17:35:13:INFO:Aggregating evaluation results.
2026-05-04 17:35:13,767:declearn.server:INFO: Averaged loss is: 2.3022630742390953
05/04/2026 17:35:13:INFO:Averaged loss is: 2.3022630742390953
2026-05-04 17:35:13,767:declearn.server:INFO: Other averaged scalar metrics are: {'accuracy': '0.0938', 'loss': '2.3023'}
05/04/2026 17:35:13:INFO:Other averaged scalar metrics are: {'accuracy': '0.0938', 'loss': '2.3023'}
2026-05-04 17:35:13,774:declearn.server:INFO: Initiating training round 2
05/04/2026 17:35:13:INFO:Initiating training round 2
05/04/2026 17:35:14:INFO:Participating in training round 2
05/04/2026 17:35:15:INFO:Applying server updates to local objects.
05/04/2026 17:35:15:INFO:Training local model for 1 epochs | None steps | None seconds.
05/04/2026 17:35:22:INFO:Packing local updates to be sent to the server.
05/04/2026 17:35:22:INFO:Local DP budget spent at the end of the round: (4.992799714321105, 1e-05)
05/04/2026 17:35:22:INFO:Participating in training round 2
05/04/2026 17:35:24:INFO:Applying server updates to local objects.
05/04/2026 17:35:24:INFO:Training local model for 1 epochs | None steps | None seconds.
05/04/2026 17:35:31:INFO:Packing local updates to be sent to the server.
05/04/2026 17:35:31:INFO:Local DP budget spent at the end of the round: (4.992799714321105, 1e-05)
2026-05-04 17:35:31,662:declearn.server:INFO: Awaiting clients' training results.
05/04/2026 17:35:31:INFO:Awaiting clients' training results.
2026-05-04 17:35:32,677:declearn.server:INFO: Conducting server-side optimization.
05/04/2026 17:35:32:INFO:Conducting server-side optimization.
2026-05-04 17:35:32,679:declearn.server:INFO: Initiating evaluation round 2
05/04/2026 17:35:32:INFO:Initiating evaluation round 2
05/04/2026 17:35:32:INFO:Participating in evaluation round 2
2026-05-04 17:35:32,890:declearn.client-client_0.train_manager:MAJOR: Local scalar evaluation metrics: {'accuracy': '0.1028', 'loss': '2.3016'}
05/04/2026 17:35:32:MAJOR:Local scalar evaluation metrics: {'accuracy': '0.1028', 'loss': '2.3016'}
05/04/2026 17:35:32:INFO:Packing local results to be sent to the server.
05/04/2026 17:35:32:INFO:Participating in evaluation round 2
2026-05-04 17:35:33,031:declearn.client-client_1.train_manager:MAJOR: Local scalar evaluation metrics: {'accuracy': '0.1170', 'loss': '2.3015'}
05/04/2026 17:35:33:MAJOR:Local scalar evaluation metrics: {'accuracy': '0.1170', 'loss': '2.3015'}
05/04/2026 17:35:33:INFO:Packing local results to be sent to the server.
2026-05-04 17:35:33,686:declearn.server:INFO: Awaiting clients' evaluation results.
05/04/2026 17:35:33:INFO:Awaiting clients' evaluation results.
2026-05-04 17:35:33,687:declearn.server:INFO: Aggregating evaluation results.
05/04/2026 17:35:33:INFO:Aggregating evaluation results.
2026-05-04 17:35:33,687:declearn.server:INFO: Averaged loss is: 2.301549733479818
05/04/2026 17:35:33:INFO:Averaged loss is: 2.301549733479818
2026-05-04 17:35:33,687:declearn.server:INFO: Other averaged scalar metrics are: {'accuracy': '0.1099', 'loss': '2.3015'}
05/04/2026 17:35:33:INFO:Other averaged scalar metrics are: {'accuracy': '0.1099', 'loss': '2.3015'}
2026-05-04 17:35:33,694:declearn.server:INFO: Maximum number of training rounds reached.
05/04/2026 17:35:33:INFO:Maximum number of training rounds reached.
2026-05-04 17:35:33,694:declearn.server:INFO: Stopping training.
05/04/2026 17:35:33:INFO:Stopping training.
2026-05-04 17:35:33,694:declearn.server:INFO: Recovering weights that yielded the lowest loss.
05/04/2026 17:35:33:INFO:Recovering weights that yielded the lowest loss.
2026-05-04 17:35:33,694:declearn.server:INFO: Notifying clients that training is over.
05/04/2026 17:35:33:INFO:Notifying clients that training is over.
05/04/2026 17:35:34:INFO:Training is now over, after 2 rounds. Global loss: 2.301549733479818
05/04/2026 17:35:34:INFO:Checkpointing final weights under /home/fslimani/declearn-bench/declearn-experiments/exp_04_dp/result_26-05-04_17-34/client_0/model_state_best.json.
/home/fslimani/declearn-bench/declearn-for-exp_04_dp/declearn/utils/_serialize.py:125: UserWarning: PyTorch JSON serialization relies on pickle, which may be unsafe.
  config = obj.get_config()
05/04/2026 17:35:34:INFO:Training is now over, after 2 rounds. Global loss: 2.301549733479818
05/04/2026 17:35:34:INFO:Checkpointing final weights under /home/fslimani/declearn-bench/declearn-experiments/exp_04_dp/result_26-05-04_17-34/client_1/model_state_best.json.
2026-05-04 17:35:34,161:declearn.server.network:INFO: connection closed
05/04/2026 17:35:34:INFO:connection closed
2026-05-04 17:35:34,161:declearn.server.network:INFO: connection closed
05/04/2026 17:35:34:INFO:connection closed
2026-05-04 17:35:34,701:declearn.server:INFO: Checkpointing final weights under /home/fslimani/declearn-bench/declearn-experiments/exp_04_dp/result_26-05-04_17-34/server/model_state_best.json.
05/04/2026 17:35:34:INFO:Checkpointing final weights under /home/fslimani/declearn-bench/declearn-experiments/exp_04_dp/result_26-05-04_17-34/server/model_state_best.json.
2026-05-04 17:35:34,710:declearn.server.network:INFO: server closing
05/04/2026 17:35:34:INFO:server closing
2026-05-04 17:35:34,711:declearn.server.network:INFO: server closed
05/04/2026 17:35:34:INFO:server closed
