2026-05-04 17:40:57,392:declearn.server:INFO: Default client sampler selected, all clients will be involved in each round
2026-05-04 17:40:57,393:declearn.server.network:INFO: Server is now starting...
2026-05-04 17:40:57,492:declearn.server.network:INFO: server listening on 127.0.0.1:8765
2026-05-04 17:40:57,492:declearn.server:INFO: Starting clients registration process.
2026-05-04 17:40:58,496:declearn.server.network:INFO: connection open
2026-05-04 17:40:58,496:declearn.server.network:INFO: New connection from ('127.0.0.1', 35732)
2026-05-04 17:40:58,496:declearn.server.network:INFO: connection open
2026-05-04 17:40:58,496:declearn.server.network:INFO: New connection from ('127.0.0.1', 35738)
2026-05-04 17:40:58,498:declearn.server.messages_handler:INFO: Registering client 'client_1' for training.
2026-05-04 17:40:58,498:declearn.server.messages_handler:INFO: Registering client 'client_0' for training.
2026-05-04 17:41:02,499:declearn.server:INFO: Clients' registration is now complete.
2026-05-04 17:41:02,500:declearn.server:INFO: Sending initialization requests to clients.
/home/fslimani/declearn-bench/declearn-for-exp_04_dp/declearn/utils/_serialize.py:125: UserWarning: PyTorch JSON serialization relies on pickle, which may be unsafe.
  config = obj.get_config()
2026-05-04 17:41:03,575:declearn.server:INFO: Waiting for clients' responses.
2026-05-04 17:41:04,577:declearn.server:INFO: Sending privacy requests to all clients.
/home/fslimani/.venvs/declearn313/lib/python3.13/site-packages/opacus/accountants/analysis/rdp.py:332: UserWarning: Optimal order is the largest alpha. Please consider expanding the range of alphas to get a tighter privacy bound.
  warnings.warn(
05/04/2026 17:41:05:INFO:Notifying the server that DP-SGD setup went fine.
05/04/2026 17:41:05:INFO:Received DP-SGD setup instructions.
05/04/2026 17:41:06:INFO:Notifying the server that DP-SGD setup went fine.
2026-05-04 17:41:06,222:declearn.server:INFO: Waiting for clients' responses.
05/04/2026 17:41:06:INFO:Waiting for clients' responses.
2026-05-04 17:41:06,222:declearn.server:INFO: Privacy requests were processed by clients.
05/04/2026 17:41:06:INFO:Privacy requests were processed by clients.
2026-05-04 17:41:06,222:declearn.server:INFO: Initialization was successful.
05/04/2026 17:41:06:INFO:Initialization was successful.
2026-05-04 17:41:06,233:declearn.server:INFO: Initiating training round 1
05/04/2026 17:41:06:INFO:Initiating training round 1
05/04/2026 17:41:06:INFO:Participating in training round 1
05/04/2026 17:41:06:INFO:Applying server updates to local objects.
05/04/2026 17:41:06:INFO:Training local model for 1 epochs | None steps | None seconds.
05/04/2026 17:41:17:INFO:Packing local updates to be sent to the server.
05/04/2026 17:41:17:INFO:Local DP budget spent at the end of the round: (4.518721769152027, 1e-05)
05/04/2026 17:41:17:INFO:Participating in training round 1
05/04/2026 17:41:17:INFO:Applying server updates to local objects.
05/04/2026 17:41:17:INFO:Training local model for 1 epochs | None steps | None seconds.
05/04/2026 17:41:27:INFO:Packing local updates to be sent to the server.
05/04/2026 17:41:27:INFO:Local DP budget spent at the end of the round: (4.518721769152027, 1e-05)
2026-05-04 17:41:27,167:declearn.server:INFO: Awaiting clients' training results.
05/04/2026 17:41:27:INFO:Awaiting clients' training results.
2026-05-04 17:41:28,173:declearn.server:INFO: Conducting server-side optimization.
05/04/2026 17:41:28:INFO:Conducting server-side optimization.
2026-05-04 17:41:28,175:declearn.server:INFO: Initiating evaluation round 1
05/04/2026 17:41:28:INFO:Initiating evaluation round 1
05/04/2026 17:41:28:INFO:Participating in evaluation round 1
2026-05-04 17:41:28,391:declearn.client-client_0.train_manager:MAJOR: Local scalar evaluation metrics: {'accuracy': '0.0860', 'loss': '2.3018'}
05/04/2026 17:41:28:MAJOR:Local scalar evaluation metrics: {'accuracy': '0.0860', 'loss': '2.3018'}
05/04/2026 17:41:28:INFO:Packing local results to be sent to the server.
05/04/2026 17:41:28:INFO:Participating in evaluation round 1
2026-05-04 17:41:28,530:declearn.client-client_1.train_manager:MAJOR: Local scalar evaluation metrics: {'accuracy': '0.0940', 'loss': '2.3017'}
05/04/2026 17:41:28:MAJOR:Local scalar evaluation metrics: {'accuracy': '0.0940', 'loss': '2.3017'}
05/04/2026 17:41:28:INFO:Packing local results to be sent to the server.
2026-05-04 17:41:29,182:declearn.server:INFO: Awaiting clients' evaluation results.
05/04/2026 17:41:29:INFO:Awaiting clients' evaluation results.
2026-05-04 17:41:29,183:declearn.server:INFO: Aggregating evaluation results.
05/04/2026 17:41:29:INFO:Aggregating evaluation results.
2026-05-04 17:41:29,183:declearn.server:INFO: Averaged loss is: 2.3017761154174803
05/04/2026 17:41:29:INFO:Averaged loss is: 2.3017761154174803
2026-05-04 17:41:29,183:declearn.server:INFO: Other averaged scalar metrics are: {'accuracy': '0.0900', 'loss': '2.3018'}
05/04/2026 17:41:29:INFO:Other averaged scalar metrics are: {'accuracy': '0.0900', 'loss': '2.3018'}
2026-05-04 17:41:29,190:declearn.server:INFO: Initiating training round 2
05/04/2026 17:41:29:INFO:Initiating training round 2
05/04/2026 17:41:29:INFO:Participating in training round 2
05/04/2026 17:41:29:INFO:Applying server updates to local objects.
05/04/2026 17:41:29:INFO:Training local model for 1 epochs | None steps | None seconds.
05/04/2026 17:41:39:INFO:Packing local updates to be sent to the server.
05/04/2026 17:41:39:INFO:Local DP budget spent at the end of the round: (4.992799714321105, 1e-05)
05/04/2026 17:41:39:INFO:Participating in training round 2
05/04/2026 17:41:39:INFO:Applying server updates to local objects.
05/04/2026 17:41:39:INFO:Training local model for 1 epochs | None steps | None seconds.
05/04/2026 17:41:48:INFO:Packing local updates to be sent to the server.
05/04/2026 17:41:48:INFO:Local DP budget spent at the end of the round: (4.992799714321105, 1e-05)
2026-05-04 17:41:49,033:declearn.server:INFO: Awaiting clients' training results.
05/04/2026 17:41:49:INFO:Awaiting clients' training results.
2026-05-04 17:41:50,048:declearn.server:INFO: Conducting server-side optimization.
05/04/2026 17:41:50:INFO:Conducting server-side optimization.
2026-05-04 17:41:50,049:declearn.server:INFO: Initiating evaluation round 2
05/04/2026 17:41:50:INFO:Initiating evaluation round 2
05/04/2026 17:41:50:INFO:Participating in evaluation round 2
2026-05-04 17:41:50,261:declearn.client-client_0.train_manager:MAJOR: Local scalar evaluation metrics: {'accuracy': '0.1238', 'loss': '2.3013'}
05/04/2026 17:41:50:MAJOR:Local scalar evaluation metrics: {'accuracy': '0.1238', 'loss': '2.3013'}
05/04/2026 17:41:50:INFO:Packing local results to be sent to the server.
05/04/2026 17:41:50:INFO:Participating in evaluation round 2
2026-05-04 17:41:50,400:declearn.client-client_1.train_manager:MAJOR: Local scalar evaluation metrics: {'accuracy': '0.1338', 'loss': '2.3012'}
05/04/2026 17:41:50:MAJOR:Local scalar evaluation metrics: {'accuracy': '0.1338', 'loss': '2.3012'}
05/04/2026 17:41:50:INFO:Packing local results to be sent to the server.
2026-05-04 17:41:51,056:declearn.server:INFO: Awaiting clients' evaluation results.
05/04/2026 17:41:51:INFO:Awaiting clients' evaluation results.
2026-05-04 17:41:51,057:declearn.server:INFO: Aggregating evaluation results.
05/04/2026 17:41:51:INFO:Aggregating evaluation results.
2026-05-04 17:41:51,057:declearn.server:INFO: Averaged loss is: 2.3012316665649415
05/04/2026 17:41:51:INFO:Averaged loss is: 2.3012316665649415
2026-05-04 17:41:51,057:declearn.server:INFO: Other averaged scalar metrics are: {'accuracy': '0.1288', 'loss': '2.3012'}
05/04/2026 17:41:51:INFO:Other averaged scalar metrics are: {'accuracy': '0.1288', 'loss': '2.3012'}
2026-05-04 17:41:51,064:declearn.server:INFO: Maximum number of training rounds reached.
05/04/2026 17:41:51:INFO:Maximum number of training rounds reached.
2026-05-04 17:41:51,064:declearn.server:INFO: Stopping training.
05/04/2026 17:41:51:INFO:Stopping training.
2026-05-04 17:41:51,064:declearn.server:INFO: Recovering weights that yielded the lowest loss.
05/04/2026 17:41:51:INFO:Recovering weights that yielded the lowest loss.
2026-05-04 17:41:51,064:declearn.server:INFO: Notifying clients that training is over.
05/04/2026 17:41:51:INFO:Notifying clients that training is over.
05/04/2026 17:41:51:INFO:Training is now over, after 2 rounds. Global loss: 2.3012316665649415
05/04/2026 17:41:51:INFO:Checkpointing final weights under /home/fslimani/declearn-bench/declearn-experiments/exp_04_dp/result_26-05-04_17-40/client_0/model_state_best.json.
/home/fslimani/declearn-bench/declearn-for-exp_04_dp/declearn/utils/_serialize.py:125: UserWarning: PyTorch JSON serialization relies on pickle, which may be unsafe.
  config = obj.get_config()
05/04/2026 17:41:51:INFO:Training is now over, after 2 rounds. Global loss: 2.3012316665649415
05/04/2026 17:41:51:INFO:Checkpointing final weights under /home/fslimani/declearn-bench/declearn-experiments/exp_04_dp/result_26-05-04_17-40/client_1/model_state_best.json.
2026-05-04 17:41:51,529:declearn.server.network:INFO: connection closed
05/04/2026 17:41:51:INFO:connection closed
2026-05-04 17:41:51,530:declearn.server.network:INFO: connection closed
05/04/2026 17:41:51:INFO:connection closed
2026-05-04 17:41:52,071:declearn.server:INFO: Checkpointing final weights under /home/fslimani/declearn-bench/declearn-experiments/exp_04_dp/result_26-05-04_17-40/server/model_state_best.json.
05/04/2026 17:41:52:INFO:Checkpointing final weights under /home/fslimani/declearn-bench/declearn-experiments/exp_04_dp/result_26-05-04_17-40/server/model_state_best.json.
2026-05-04 17:41:52,081:declearn.server.network:INFO: server closing
05/04/2026 17:41:52:INFO:server closing
2026-05-04 17:41:52,081:declearn.server.network:INFO: server closed
05/04/2026 17:41:52:INFO:server closed
