2026-05-04 17:22:31,709:declearn.server:INFO: Default client sampler selected, all clients will be involved in each round
2026-05-04 17:22:31,710:declearn.server.network:INFO: Server is now starting...
2026-05-04 17:22:31,809:declearn.server.network:INFO: server listening on 127.0.0.1:8765
2026-05-04 17:22:31,810:declearn.server:INFO: Starting clients registration process.
2026-05-04 17:22:32,813:declearn.server.network:INFO: connection open
2026-05-04 17:22:32,814:declearn.server.network:INFO: New connection from ('127.0.0.1', 47214)
2026-05-04 17:22:32,814:declearn.server.network:INFO: connection open
2026-05-04 17:22:32,814:declearn.server.network:INFO: New connection from ('127.0.0.1', 47218)
2026-05-04 17:22:32,816:declearn.server.messages_handler:INFO: Registering client 'client_1' for training.
2026-05-04 17:22:32,816:declearn.server.messages_handler:INFO: Registering client 'client_0' for training.
2026-05-04 17:22:36,816:declearn.server:INFO: Clients' registration is now complete.
2026-05-04 17:22:36,817:declearn.server:INFO: Sending initialization requests to clients.
/home/fslimani/declearn-bench/declearn-for-exp_04_dp/declearn/utils/_serialize.py:125: UserWarning: PyTorch JSON serialization relies on pickle, which may be unsafe.
  config = obj.get_config()
2026-05-04 17:22:37,830:declearn.server:INFO: Waiting for clients' responses.
2026-05-04 17:22:37,831:declearn.server:INFO: Sending privacy requests to all clients.
/home/fslimani/.venvs/declearn313/lib/python3.13/site-packages/opacus/accountants/analysis/rdp.py:332: UserWarning: Optimal order is the largest alpha. Please consider expanding the range of alphas to get a tighter privacy bound.
  warnings.warn(
05/04/2026 17:22:38:INFO:Notifying the server that DP-SGD setup went fine.
05/04/2026 17:22:38:INFO:Received DP-SGD setup instructions.
05/04/2026 17:22:39:INFO:Notifying the server that DP-SGD setup went fine.
2026-05-04 17:22:39,536:declearn.server:INFO: Waiting for clients' responses.
05/04/2026 17:22:39:INFO:Waiting for clients' responses.
2026-05-04 17:22:39,537:declearn.server:INFO: Privacy requests were processed by clients.
05/04/2026 17:22:39:INFO:Privacy requests were processed by clients.
2026-05-04 17:22:39,537:declearn.server:INFO: Initialization was successful.
05/04/2026 17:22:39:INFO:Initialization was successful.
2026-05-04 17:22:39,549:declearn.server:INFO: Initiating training round 1
05/04/2026 17:22:39:INFO:Initiating training round 1
05/04/2026 17:22:39:INFO:Participating in training round 1
05/04/2026 17:22:39:INFO:Applying server updates to local objects.
05/04/2026 17:22:39:INFO:Training local model for 1 epochs | None steps | None seconds.
05/04/2026 17:23:16:INFO:Packing local updates to be sent to the server.
05/04/2026 17:23:16:INFO:Local DP budget spent at the end of the round: (4.518721769152027, 1e-05)
05/04/2026 17:23:16:INFO:Participating in training round 1
05/04/2026 17:23:16:INFO:Applying server updates to local objects.
05/04/2026 17:23:16:INFO:Training local model for 1 epochs | None steps | None seconds.
05/04/2026 17:23:51:INFO:Packing local updates to be sent to the server.
05/04/2026 17:23:51:INFO:Local DP budget spent at the end of the round: (4.518721769152027, 1e-05)
2026-05-04 17:23:51,274:declearn.server:INFO: Awaiting clients' training results.
05/04/2026 17:23:51:INFO:Awaiting clients' training results.
2026-05-04 17:23:52,280:declearn.server:INFO: Conducting server-side optimization.
05/04/2026 17:23:52:INFO:Conducting server-side optimization.
2026-05-04 17:23:52,282:declearn.server:INFO: Initiating evaluation round 1
05/04/2026 17:23:52:INFO:Initiating evaluation round 1
05/04/2026 17:23:52:INFO:Participating in evaluation round 1
2026-05-04 17:23:52,554:declearn.client-client_0.train_manager:MAJOR: Local scalar evaluation metrics: {'accuracy': '0.1940', 'loss': '2.3016'}
05/04/2026 17:23:52:MAJOR:Local scalar evaluation metrics: {'accuracy': '0.1940', 'loss': '2.3016'}
05/04/2026 17:23:52:INFO:Packing local results to be sent to the server.
05/04/2026 17:23:52:INFO:Participating in evaluation round 1
2026-05-04 17:23:52,736:declearn.client-client_1.train_manager:MAJOR: Local scalar evaluation metrics: {'accuracy': '0.1927', 'loss': '2.3017'}
05/04/2026 17:23:52:MAJOR:Local scalar evaluation metrics: {'accuracy': '0.1927', 'loss': '2.3017'}
05/04/2026 17:23:52:INFO:Packing local results to be sent to the server.
2026-05-04 17:23:53,291:declearn.server:INFO: Awaiting clients' evaluation results.
05/04/2026 17:23:53:INFO:Awaiting clients' evaluation results.
2026-05-04 17:23:53,292:declearn.server:INFO: Aggregating evaluation results.
05/04/2026 17:23:53:INFO:Aggregating evaluation results.
2026-05-04 17:23:53,292:declearn.server:INFO: Averaged loss is: 2.3016211013793946
05/04/2026 17:23:53:INFO:Averaged loss is: 2.3016211013793946
2026-05-04 17:23:53,292:declearn.server:INFO: Other averaged scalar metrics are: {'accuracy': '0.1933', 'loss': '2.3016'}
05/04/2026 17:23:53:INFO:Other averaged scalar metrics are: {'accuracy': '0.1933', 'loss': '2.3016'}
2026-05-04 17:23:53,299:declearn.server:INFO: Initiating training round 2
05/04/2026 17:23:53:INFO:Initiating training round 2
05/04/2026 17:23:53:INFO:Participating in training round 2
05/04/2026 17:23:53:INFO:Applying server updates to local objects.
05/04/2026 17:23:53:INFO:Training local model for 1 epochs | None steps | None seconds.
05/04/2026 17:24:28:INFO:Packing local updates to be sent to the server.
05/04/2026 17:24:28:INFO:Local DP budget spent at the end of the round: (4.992799714321105, 1e-05)
05/04/2026 17:24:28:INFO:Participating in training round 2
05/04/2026 17:24:28:INFO:Applying server updates to local objects.
05/04/2026 17:24:28:INFO:Training local model for 1 epochs | None steps | None seconds.
05/04/2026 17:25:03:INFO:Packing local updates to be sent to the server.
05/04/2026 17:25:03:INFO:Local DP budget spent at the end of the round: (4.992799714321105, 1e-05)
2026-05-04 17:25:03,857:declearn.server:INFO: Awaiting clients' training results.
05/04/2026 17:25:03:INFO:Awaiting clients' training results.
2026-05-04 17:25:04,872:declearn.server:INFO: Conducting server-side optimization.
05/04/2026 17:25:04:INFO:Conducting server-side optimization.
2026-05-04 17:25:04,874:declearn.server:INFO: Initiating evaluation round 2
05/04/2026 17:25:04:INFO:Initiating evaluation round 2
05/04/2026 17:25:04:INFO:Participating in evaluation round 2
2026-05-04 17:25:05,132:declearn.client-client_0.train_manager:MAJOR: Local scalar evaluation metrics: {'accuracy': '0.1833', 'loss': '2.3003'}
05/04/2026 17:25:05:MAJOR:Local scalar evaluation metrics: {'accuracy': '0.1833', 'loss': '2.3003'}
05/04/2026 17:25:05:INFO:Packing local results to be sent to the server.
05/04/2026 17:25:05:INFO:Participating in evaluation round 2
2026-05-04 17:25:05,304:declearn.client-client_1.train_manager:MAJOR: Local scalar evaluation metrics: {'accuracy': '0.1748', 'loss': '2.3006'}
05/04/2026 17:25:05:MAJOR:Local scalar evaluation metrics: {'accuracy': '0.1748', 'loss': '2.3006'}
05/04/2026 17:25:05:INFO:Packing local results to be sent to the server.
2026-05-04 17:25:05,882:declearn.server:INFO: Awaiting clients' evaluation results.
05/04/2026 17:25:05:INFO:Awaiting clients' evaluation results.
2026-05-04 17:25:05,882:declearn.server:INFO: Aggregating evaluation results.
05/04/2026 17:25:05:INFO:Aggregating evaluation results.
2026-05-04 17:25:05,883:declearn.server:INFO: Averaged loss is: 2.3004567667643228
05/04/2026 17:25:05:INFO:Averaged loss is: 2.3004567667643228
2026-05-04 17:25:05,883:declearn.server:INFO: Other averaged scalar metrics are: {'accuracy': '0.1791', 'loss': '2.3005'}
05/04/2026 17:25:05:INFO:Other averaged scalar metrics are: {'accuracy': '0.1791', 'loss': '2.3005'}
2026-05-04 17:25:05,889:declearn.server:INFO: Maximum number of training rounds reached.
05/04/2026 17:25:05:INFO:Maximum number of training rounds reached.
2026-05-04 17:25:05,890:declearn.server:INFO: Stopping training.
05/04/2026 17:25:05:INFO:Stopping training.
2026-05-04 17:25:05,890:declearn.server:INFO: Recovering weights that yielded the lowest loss.
05/04/2026 17:25:05:INFO:Recovering weights that yielded the lowest loss.
2026-05-04 17:25:05,890:declearn.server:INFO: Notifying clients that training is over.
05/04/2026 17:25:05:INFO:Notifying clients that training is over.
05/04/2026 17:25:06:INFO:Training is now over, after 2 rounds. Global loss: 2.3004567667643228
05/04/2026 17:25:06:INFO:Checkpointing final weights under /home/fslimani/declearn-bench/declearn-experiments/exp_04_dp/result_26-05-04_17-22/client_0/model_state_best.json.
/home/fslimani/declearn-bench/declearn-for-exp_04_dp/declearn/utils/_serialize.py:125: UserWarning: PyTorch JSON serialization relies on pickle, which may be unsafe.
  config = obj.get_config()
05/04/2026 17:25:06:INFO:Training is now over, after 2 rounds. Global loss: 2.3004567667643228
05/04/2026 17:25:06:INFO:Checkpointing final weights under /home/fslimani/declearn-bench/declearn-experiments/exp_04_dp/result_26-05-04_17-22/client_1/model_state_best.json.
2026-05-04 17:25:06,434:declearn.server.network:INFO: connection closed
05/04/2026 17:25:06:INFO:connection closed
2026-05-04 17:25:06,434:declearn.server.network:INFO: connection closed
05/04/2026 17:25:06:INFO:connection closed
2026-05-04 17:25:06,897:declearn.server:INFO: Checkpointing final weights under /home/fslimani/declearn-bench/declearn-experiments/exp_04_dp/result_26-05-04_17-22/server/model_state_best.json.
05/04/2026 17:25:06:INFO:Checkpointing final weights under /home/fslimani/declearn-bench/declearn-experiments/exp_04_dp/result_26-05-04_17-22/server/model_state_best.json.
2026-05-04 17:25:06,907:declearn.server.network:INFO: server closing
05/04/2026 17:25:06:INFO:server closing
2026-05-04 17:25:06,907:declearn.server.network:INFO: server closed
05/04/2026 17:25:06:INFO:server closed
