2026-04-30 21:41:44,993:declearn.server:INFO: Default client sampler selected, all clients will be involved in each round
2026-04-30 21:41:44,994:declearn.server.network:INFO: Server is now starting...
2026-04-30 21:41:45,089:declearn.server.network:INFO: server listening on 127.0.0.1:8765
2026-04-30 21:41:45,090:declearn.server:INFO: Starting clients registration process.
2026-04-30 21:41:46,094:declearn.server.network:INFO: connection open
2026-04-30 21:41:46,094:declearn.server.network:INFO: New connection from ('127.0.0.1', 38576)
2026-04-30 21:41:46,095:declearn.server.network:INFO: connection open
2026-04-30 21:41:46,095:declearn.server.network:INFO: New connection from ('127.0.0.1', 38578)
2026-04-30 21:41:46,096:declearn.server.messages_handler:INFO: Registering client 'client_1' for training.
2026-04-30 21:41:46,096:declearn.server.messages_handler:INFO: Registering client 'client_0' for training.
2026-04-30 21:41:50,097:declearn.server:INFO: Clients' registration is now complete.
2026-04-30 21:41:50,097:declearn.server:INFO: Sending initialization requests to clients.
/home/fslimani/declearn-bench/declearn-for-exp_04_dp/declearn/utils/_serialize.py:125: UserWarning: PyTorch JSON serialization relies on pickle, which may be unsafe.
  config = obj.get_config()
2026-04-30 21:41:51,111:declearn.server:INFO: Waiting for clients' responses.
2026-04-30 21:41:51,112:declearn.server:INFO: Sending privacy requests to all clients.
/home/fslimani/.venvs/declearn313/lib/python3.13/site-packages/opacus/accountants/analysis/rdp.py:332: UserWarning: Optimal order is the largest alpha. Please consider expanding the range of alphas to get a tighter privacy bound.
  warnings.warn(
04/30/2026 21:41:52:INFO:Notifying the server that DP-SGD setup went fine.
04/30/2026 21:41:52:INFO:Received DP-SGD setup instructions.
04/30/2026 21:41:52:INFO:Notifying the server that DP-SGD setup went fine.
2026-04-30 21:41:52,875:declearn.server:INFO: Waiting for clients' responses.
04/30/2026 21:41:52:INFO:Waiting for clients' responses.
2026-04-30 21:41:52,875:declearn.server:INFO: Privacy requests were processed by clients.
04/30/2026 21:41:52:INFO:Privacy requests were processed by clients.
2026-04-30 21:41:52,875:declearn.server:INFO: Initialization was successful.
04/30/2026 21:41:52:INFO:Initialization was successful.
2026-04-30 21:41:52,889:declearn.server:INFO: Initiating training round 1
04/30/2026 21:41:52:INFO:Initiating training round 1
04/30/2026 21:41:53:INFO:Participating in training round 1
04/30/2026 21:41:53:INFO:Applying server updates to local objects.
04/30/2026 21:41:53:INFO:Training local model for 1 epochs | None steps | None seconds.
04/30/2026 21:42:01:INFO:Packing local updates to be sent to the server.
04/30/2026 21:42:01:INFO:Local DP budget spent at the end of the round: (4.99640485109163, 1e-05)
04/30/2026 21:42:01:INFO:Participating in training round 1
04/30/2026 21:42:01:INFO:Applying server updates to local objects.
04/30/2026 21:42:01:INFO:Training local model for 1 epochs | None steps | None seconds.
04/30/2026 21:42:08:INFO:Packing local updates to be sent to the server.
04/30/2026 21:42:08:INFO:Local DP budget spent at the end of the round: (4.99640485109163, 1e-05)
2026-04-30 21:42:08,776:declearn.server:INFO: Awaiting clients' training results.
04/30/2026 21:42:08:INFO:Awaiting clients' training results.
2026-04-30 21:42:09,783:declearn.server:INFO: Conducting server-side optimization.
04/30/2026 21:42:09:INFO:Conducting server-side optimization.
2026-04-30 21:42:09,785:declearn.server:INFO: Initiating evaluation round 1
04/30/2026 21:42:09:INFO:Initiating evaluation round 1
04/30/2026 21:42:09:INFO:Participating in evaluation round 1
2026-04-30 21:42:10,018:declearn.client-client_1.train_manager:MAJOR: Local scalar evaluation metrics: {'accuracy': '0.0632', 'loss': '2.3020'}
04/30/2026 21:42:10:MAJOR:Local scalar evaluation metrics: {'accuracy': '0.0632', 'loss': '2.3020'}
04/30/2026 21:42:10:INFO:Packing local results to be sent to the server.
04/30/2026 21:42:10:INFO:Participating in evaluation round 1
2026-04-30 21:42:10,171:declearn.client-client_0.train_manager:MAJOR: Local scalar evaluation metrics: {'accuracy': '0.0638', 'loss': '2.3019'}
04/30/2026 21:42:10:MAJOR:Local scalar evaluation metrics: {'accuracy': '0.0638', 'loss': '2.3019'}
04/30/2026 21:42:10:INFO:Packing local results to be sent to the server.
2026-04-30 21:42:10,793:declearn.server:INFO: Awaiting clients' evaluation results.
04/30/2026 21:42:10:INFO:Awaiting clients' evaluation results.
2026-04-30 21:42:10,794:declearn.server:INFO: Aggregating evaluation results.
04/30/2026 21:42:10:INFO:Aggregating evaluation results.
2026-04-30 21:42:10,794:declearn.server:INFO: Averaged loss is: 2.3019557189941406
04/30/2026 21:42:10:INFO:Averaged loss is: 2.3019557189941406
2026-04-30 21:42:10,794:declearn.server:INFO: Other averaged scalar metrics are: {'accuracy': '0.0635', 'loss': '2.3020'}
04/30/2026 21:42:10:INFO:Other averaged scalar metrics are: {'accuracy': '0.0635', 'loss': '2.3020'}
2026-04-30 21:42:10,801:declearn.server:INFO: Maximum number of training rounds reached.
04/30/2026 21:42:10:INFO:Maximum number of training rounds reached.
2026-04-30 21:42:10,802:declearn.server:INFO: Stopping training.
04/30/2026 21:42:10:INFO:Stopping training.
2026-04-30 21:42:10,802:declearn.server:INFO: Recovering weights that yielded the lowest loss.
04/30/2026 21:42:10:INFO:Recovering weights that yielded the lowest loss.
2026-04-30 21:42:10,802:declearn.server:INFO: Notifying clients that training is over.
04/30/2026 21:42:10:INFO:Notifying clients that training is over.
04/30/2026 21:42:11:INFO:Training is now over, after 1 rounds. Global loss: 2.3019557189941406
04/30/2026 21:42:11:INFO:Checkpointing final weights under /home/fslimani/declearn-bench/declearn-experiments/exp_04_dp/result_26-04-30_21-41/client_1/model_state_best.json.
/home/fslimani/declearn-bench/declearn-for-exp_04_dp/declearn/utils/_serialize.py:125: UserWarning: PyTorch JSON serialization relies on pickle, which may be unsafe.
  config = obj.get_config()
04/30/2026 21:42:11:INFO:Training is now over, after 1 rounds. Global loss: 2.3019557189941406
04/30/2026 21:42:11:INFO:Checkpointing final weights under /home/fslimani/declearn-bench/declearn-experiments/exp_04_dp/result_26-04-30_21-41/client_0/model_state_best.json.
2026-04-30 21:42:11,305:declearn.server.network:INFO: connection closed
04/30/2026 21:42:11:INFO:connection closed
2026-04-30 21:42:11,306:declearn.server.network:INFO: connection closed
04/30/2026 21:42:11:INFO:connection closed
2026-04-30 21:42:11,809:declearn.server:INFO: Checkpointing final weights under /home/fslimani/declearn-bench/declearn-experiments/exp_04_dp/result_26-04-30_21-41/server/model_state_best.json.
04/30/2026 21:42:11:INFO:Checkpointing final weights under /home/fslimani/declearn-bench/declearn-experiments/exp_04_dp/result_26-04-30_21-41/server/model_state_best.json.
2026-04-30 21:42:11,820:declearn.server.network:INFO: server closing
04/30/2026 21:42:11:INFO:server closing
2026-04-30 21:42:11,821:declearn.server.network:INFO: server closed
04/30/2026 21:42:11:INFO:server closed
