2026-05-04 17:21:00,789:declearn.server:INFO: Default client sampler selected, all clients will be involved in each round
2026-05-04 17:21:00,790:declearn.server.network:INFO: Server is now starting...
2026-05-04 17:21:00,891:declearn.server.network:INFO: server listening on 127.0.0.1:8765
2026-05-04 17:21:00,892:declearn.server:INFO: Starting clients registration process.
2026-05-04 17:21:01,896:declearn.server.network:INFO: connection open
2026-05-04 17:21:01,896:declearn.server.network:INFO: New connection from ('127.0.0.1', 51736)
2026-05-04 17:21:01,896:declearn.server.network:INFO: connection open
2026-05-04 17:21:01,896:declearn.server.network:INFO: New connection from ('127.0.0.1', 51744)
2026-05-04 17:21:01,898:declearn.server.messages_handler:INFO: Registering client 'client_1' for training.
2026-05-04 17:21:01,898:declearn.server.messages_handler:INFO: Registering client 'client_0' for training.
2026-05-04 17:21:05,899:declearn.server:INFO: Clients' registration is now complete.
2026-05-04 17:21:05,899:declearn.server:INFO: Sending initialization requests to clients.
/home/fslimani/declearn-bench/declearn-for-exp_04_dp/declearn/utils/_serialize.py:125: UserWarning: PyTorch JSON serialization relies on pickle, which may be unsafe.
  config = obj.get_config()
2026-05-04 17:21:06,913:declearn.server:INFO: Waiting for clients' responses.
2026-05-04 17:21:06,913:declearn.server:INFO: Sending privacy requests to all clients.
/home/fslimani/.venvs/declearn313/lib/python3.13/site-packages/opacus/accountants/analysis/rdp.py:332: UserWarning: Optimal order is the largest alpha. Please consider expanding the range of alphas to get a tighter privacy bound.
  warnings.warn(
05/04/2026 17:21:07:INFO:Notifying the server that DP-SGD setup went fine.
05/04/2026 17:21:07:INFO:Received DP-SGD setup instructions.
05/04/2026 17:21:08:INFO:Notifying the server that DP-SGD setup went fine.
2026-05-04 17:21:08,668:declearn.server:INFO: Waiting for clients' responses.
05/04/2026 17:21:08:INFO:Waiting for clients' responses.
2026-05-04 17:21:08,668:declearn.server:INFO: Privacy requests were processed by clients.
05/04/2026 17:21:08:INFO:Privacy requests were processed by clients.
2026-05-04 17:21:08,668:declearn.server:INFO: Initialization was successful.
05/04/2026 17:21:08:INFO:Initialization was successful.
2026-05-04 17:21:08,680:declearn.server:INFO: Initiating training round 1
05/04/2026 17:21:08:INFO:Initiating training round 1
05/04/2026 17:21:08:INFO:Participating in training round 1
05/04/2026 17:21:08:INFO:Applying server updates to local objects.
05/04/2026 17:21:08:INFO:Training local model for 1 epochs | None steps | None seconds.
05/04/2026 17:21:17:INFO:Packing local updates to be sent to the server.
05/04/2026 17:21:17:INFO:Local DP budget spent at the end of the round: (4.99640485109163, 1e-05)
05/04/2026 17:21:17:INFO:Participating in training round 1
05/04/2026 17:21:17:INFO:Applying server updates to local objects.
05/04/2026 17:21:17:INFO:Training local model for 1 epochs | None steps | None seconds.
05/04/2026 17:21:24:INFO:Packing local updates to be sent to the server.
05/04/2026 17:21:24:INFO:Local DP budget spent at the end of the round: (4.99640485109163, 1e-05)
2026-05-04 17:21:24,754:declearn.server:INFO: Awaiting clients' training results.
05/04/2026 17:21:24:INFO:Awaiting clients' training results.
2026-05-04 17:21:25,760:declearn.server:INFO: Conducting server-side optimization.
05/04/2026 17:21:25:INFO:Conducting server-side optimization.
2026-05-04 17:21:25,762:declearn.server:INFO: Initiating evaluation round 1
05/04/2026 17:21:25:INFO:Initiating evaluation round 1
05/04/2026 17:21:25:INFO:Participating in evaluation round 1
2026-05-04 17:21:25,983:declearn.client-client_0.train_manager:MAJOR: Local scalar evaluation metrics: {'accuracy': '0.1047', 'loss': '2.3015'}
05/04/2026 17:21:25:MAJOR:Local scalar evaluation metrics: {'accuracy': '0.1047', 'loss': '2.3015'}
05/04/2026 17:21:25:INFO:Packing local results to be sent to the server.
05/04/2026 17:21:26:INFO:Participating in evaluation round 1
2026-05-04 17:21:26,132:declearn.client-client_1.train_manager:MAJOR: Local scalar evaluation metrics: {'accuracy': '0.1168', 'loss': '2.3012'}
05/04/2026 17:21:26:MAJOR:Local scalar evaluation metrics: {'accuracy': '0.1168', 'loss': '2.3012'}
05/04/2026 17:21:26:INFO:Packing local results to be sent to the server.
2026-05-04 17:21:26,769:declearn.server:INFO: Awaiting clients' evaluation results.
05/04/2026 17:21:26:INFO:Awaiting clients' evaluation results.
2026-05-04 17:21:26,770:declearn.server:INFO: Aggregating evaluation results.
05/04/2026 17:21:26:INFO:Aggregating evaluation results.
2026-05-04 17:21:26,770:declearn.server:INFO: Averaged loss is: 2.301393295288086
05/04/2026 17:21:26:INFO:Averaged loss is: 2.301393295288086
2026-05-04 17:21:26,770:declearn.server:INFO: Other averaged scalar metrics are: {'accuracy': '0.1108', 'loss': '2.3014'}
05/04/2026 17:21:26:INFO:Other averaged scalar metrics are: {'accuracy': '0.1108', 'loss': '2.3014'}
2026-05-04 17:21:26,777:declearn.server:INFO: Maximum number of training rounds reached.
05/04/2026 17:21:26:INFO:Maximum number of training rounds reached.
2026-05-04 17:21:26,777:declearn.server:INFO: Stopping training.
05/04/2026 17:21:26:INFO:Stopping training.
2026-05-04 17:21:26,778:declearn.server:INFO: Recovering weights that yielded the lowest loss.
05/04/2026 17:21:26:INFO:Recovering weights that yielded the lowest loss.
2026-05-04 17:21:26,778:declearn.server:INFO: Notifying clients that training is over.
05/04/2026 17:21:26:INFO:Notifying clients that training is over.
05/04/2026 17:21:27:INFO:Training is now over, after 1 rounds. Global loss: 2.301393295288086
05/04/2026 17:21:27:INFO:Checkpointing final weights under /home/fslimani/declearn-bench/declearn-experiments/exp_04_dp/result_26-05-04_17-21/client_0/model_state_best.json.
/home/fslimani/declearn-bench/declearn-for-exp_04_dp/declearn/utils/_serialize.py:125: UserWarning: PyTorch JSON serialization relies on pickle, which may be unsafe.
  config = obj.get_config()
05/04/2026 17:21:27:INFO:Training is now over, after 1 rounds. Global loss: 2.301393295288086
05/04/2026 17:21:27:INFO:Checkpointing final weights under /home/fslimani/declearn-bench/declearn-experiments/exp_04_dp/result_26-05-04_17-21/client_1/model_state_best.json.
2026-05-04 17:21:27,263:declearn.server.network:INFO: connection closed
05/04/2026 17:21:27:INFO:connection closed
2026-05-04 17:21:27,264:declearn.server.network:INFO: connection closed
05/04/2026 17:21:27:INFO:connection closed
2026-05-04 17:21:27,786:declearn.server:INFO: Checkpointing final weights under /home/fslimani/declearn-bench/declearn-experiments/exp_04_dp/result_26-05-04_17-21/server/model_state_best.json.
05/04/2026 17:21:27:INFO:Checkpointing final weights under /home/fslimani/declearn-bench/declearn-experiments/exp_04_dp/result_26-05-04_17-21/server/model_state_best.json.
2026-05-04 17:21:27,796:declearn.server.network:INFO: server closing
05/04/2026 17:21:27:INFO:server closing
2026-05-04 17:21:27,796:declearn.server.network:INFO: server closed
05/04/2026 17:21:27:INFO:server closed
