2026-05-04 17:17:30,309:declearn.server:INFO: Default client sampler selected, all clients will be involved in each round
2026-05-04 17:17:30,310:declearn.server.network:INFO: Server is now starting...
2026-05-04 17:17:30,409:declearn.server.network:INFO: server listening on 127.0.0.1:8765
2026-05-04 17:17:30,410:declearn.server:INFO: Starting clients registration process.
2026-05-04 17:17:31,414:declearn.server.network:INFO: connection open
2026-05-04 17:17:31,414:declearn.server.network:INFO: New connection from ('127.0.0.1', 55916)
2026-05-04 17:17:31,414:declearn.server.network:INFO: connection open
2026-05-04 17:17:31,414:declearn.server.network:INFO: New connection from ('127.0.0.1', 55930)
2026-05-04 17:17:31,416:declearn.server.messages_handler:INFO: Registering client 'client_1' for training.
2026-05-04 17:17:31,416:declearn.server.messages_handler:INFO: Registering client 'client_0' for training.
2026-05-04 17:17:35,417:declearn.server:INFO: Clients' registration is now complete.
2026-05-04 17:17:35,417:declearn.server:INFO: Sending initialization requests to clients.
/home/fslimani/declearn-bench/declearn-for-exp_04_dp/declearn/utils/_serialize.py:125: UserWarning: PyTorch JSON serialization relies on pickle, which may be unsafe.
  config = obj.get_config()
2026-05-04 17:17:36,430:declearn.server:INFO: Waiting for clients' responses.
2026-05-04 17:17:36,431:declearn.server:INFO: Sending privacy requests to all clients.
/home/fslimani/.venvs/declearn313/lib/python3.13/site-packages/opacus/accountants/analysis/rdp.py:332: UserWarning: Optimal order is the largest alpha. Please consider expanding the range of alphas to get a tighter privacy bound.
  warnings.warn(
05/04/2026 17:17:37:INFO:Notifying the server that DP-SGD setup went fine.
05/04/2026 17:17:37:INFO:Received DP-SGD setup instructions.
05/04/2026 17:17:38:INFO:Notifying the server that DP-SGD setup went fine.
2026-05-04 17:17:38,219:declearn.server:INFO: Waiting for clients' responses.
05/04/2026 17:17:38:INFO:Waiting for clients' responses.
2026-05-04 17:17:38,220:declearn.server:INFO: Privacy requests were processed by clients.
05/04/2026 17:17:38:INFO:Privacy requests were processed by clients.
2026-05-04 17:17:38,220:declearn.server:INFO: Initialization was successful.
05/04/2026 17:17:38:INFO:Initialization was successful.
2026-05-04 17:17:38,232:declearn.server:INFO: Initiating training round 1
05/04/2026 17:17:38:INFO:Initiating training round 1
05/04/2026 17:17:38:INFO:Participating in training round 1
05/04/2026 17:17:38:INFO:Applying server updates to local objects.
05/04/2026 17:17:38:INFO:Training local model for 1 epochs | None steps | None seconds.
05/04/2026 17:18:16:INFO:Packing local updates to be sent to the server.
05/04/2026 17:18:16:INFO:Local DP budget spent at the end of the round: (4.99640485109163, 1e-05)
05/04/2026 17:18:16:INFO:Participating in training round 1
05/04/2026 17:18:16:INFO:Applying server updates to local objects.
05/04/2026 17:18:16:INFO:Training local model for 1 epochs | None steps | None seconds.
05/04/2026 17:18:53:INFO:Packing local updates to be sent to the server.
05/04/2026 17:18:53:INFO:Local DP budget spent at the end of the round: (4.99640485109163, 1e-05)
2026-05-04 17:18:54,031:declearn.server:INFO: Awaiting clients' training results.
05/04/2026 17:18:54:INFO:Awaiting clients' training results.
2026-05-04 17:18:55,037:declearn.server:INFO: Conducting server-side optimization.
05/04/2026 17:18:55:INFO:Conducting server-side optimization.
2026-05-04 17:18:55,038:declearn.server:INFO: Initiating evaluation round 1
05/04/2026 17:18:55:INFO:Initiating evaluation round 1
05/04/2026 17:18:55:INFO:Participating in evaluation round 1
2026-05-04 17:18:55,326:declearn.client-client_0.train_manager:MAJOR: Local scalar evaluation metrics: {'accuracy': '0.1397', 'loss': '2.3017'}
05/04/2026 17:18:55:MAJOR:Local scalar evaluation metrics: {'accuracy': '0.1397', 'loss': '2.3017'}
05/04/2026 17:18:55:INFO:Packing local results to be sent to the server.
05/04/2026 17:18:55:INFO:Participating in evaluation round 1
2026-05-04 17:18:55,536:declearn.client-client_1.train_manager:MAJOR: Local scalar evaluation metrics: {'accuracy': '0.1438', 'loss': '2.3015'}
05/04/2026 17:18:55:MAJOR:Local scalar evaluation metrics: {'accuracy': '0.1438', 'loss': '2.3015'}
05/04/2026 17:18:55:INFO:Packing local results to be sent to the server.
2026-05-04 17:18:56,047:declearn.server:INFO: Awaiting clients' evaluation results.
05/04/2026 17:18:56:INFO:Awaiting clients' evaluation results.
2026-05-04 17:18:56,047:declearn.server:INFO: Aggregating evaluation results.
05/04/2026 17:18:56:INFO:Aggregating evaluation results.
2026-05-04 17:18:56,047:declearn.server:INFO: Averaged loss is: 2.301599853515625
05/04/2026 17:18:56:INFO:Averaged loss is: 2.301599853515625
2026-05-04 17:18:56,047:declearn.server:INFO: Other averaged scalar metrics are: {'accuracy': '0.1417', 'loss': '2.3016'}
05/04/2026 17:18:56:INFO:Other averaged scalar metrics are: {'accuracy': '0.1417', 'loss': '2.3016'}
2026-05-04 17:18:56,055:declearn.server:INFO: Maximum number of training rounds reached.
05/04/2026 17:18:56:INFO:Maximum number of training rounds reached.
2026-05-04 17:18:56,055:declearn.server:INFO: Stopping training.
05/04/2026 17:18:56:INFO:Stopping training.
2026-05-04 17:18:56,055:declearn.server:INFO: Recovering weights that yielded the lowest loss.
05/04/2026 17:18:56:INFO:Recovering weights that yielded the lowest loss.
2026-05-04 17:18:56,055:declearn.server:INFO: Notifying clients that training is over.
05/04/2026 17:18:56:INFO:Notifying clients that training is over.
05/04/2026 17:18:56:INFO:Training is now over, after 1 rounds. Global loss: 2.301599853515625
05/04/2026 17:18:56:INFO:Checkpointing final weights under /home/fslimani/declearn-bench/declearn-experiments/exp_04_dp/result_26-05-04_17-17/client_0/model_state_best.json.
/home/fslimani/declearn-bench/declearn-for-exp_04_dp/declearn/utils/_serialize.py:125: UserWarning: PyTorch JSON serialization relies on pickle, which may be unsafe.
  config = obj.get_config()
05/04/2026 17:18:56:INFO:Training is now over, after 1 rounds. Global loss: 2.301599853515625
05/04/2026 17:18:56:INFO:Checkpointing final weights under /home/fslimani/declearn-bench/declearn-experiments/exp_04_dp/result_26-05-04_17-17/client_1/model_state_best.json.
2026-05-04 17:18:56,667:declearn.server.network:INFO: connection closed
05/04/2026 17:18:56:INFO:connection closed
2026-05-04 17:18:56,667:declearn.server.network:INFO: connection closed
05/04/2026 17:18:56:INFO:connection closed
2026-05-04 17:18:57,063:declearn.server:INFO: Checkpointing final weights under /home/fslimani/declearn-bench/declearn-experiments/exp_04_dp/result_26-05-04_17-17/server/model_state_best.json.
05/04/2026 17:18:57:INFO:Checkpointing final weights under /home/fslimani/declearn-bench/declearn-experiments/exp_04_dp/result_26-05-04_17-17/server/model_state_best.json.
2026-05-04 17:18:57,073:declearn.server.network:INFO: server closing
05/04/2026 17:18:57:INFO:server closing
2026-05-04 17:18:57,073:declearn.server.network:INFO: server closed
05/04/2026 17:18:57:INFO:server closed
