2026-05-04 17:20:23,421:declearn.server:INFO: Default client sampler selected, all clients will be involved in each round
2026-05-04 17:20:23,422:declearn.server.network:INFO: Server is now starting...
2026-05-04 17:20:23,521:declearn.server.network:INFO: server listening on 127.0.0.1:8765
2026-05-04 17:20:23,521:declearn.server:INFO: Starting clients registration process.
2026-05-04 17:20:24,525:declearn.server.network:INFO: connection open
2026-05-04 17:20:24,526:declearn.server.network:INFO: New connection from ('127.0.0.1', 48130)
2026-05-04 17:20:24,526:declearn.server.network:INFO: connection open
2026-05-04 17:20:24,526:declearn.server.network:INFO: New connection from ('127.0.0.1', 48134)
2026-05-04 17:20:24,528:declearn.server.messages_handler:INFO: Registering client 'client_1' for training.
2026-05-04 17:20:24,528:declearn.server.messages_handler:INFO: Registering client 'client_0' for training.
2026-05-04 17:20:28,529:declearn.server:INFO: Clients' registration is now complete.
2026-05-04 17:20:28,529:declearn.server:INFO: Sending initialization requests to clients.
/home/fslimani/declearn-bench/declearn-for-exp_04_dp/declearn/utils/_serialize.py:125: UserWarning: PyTorch JSON serialization relies on pickle, which may be unsafe.
  config = obj.get_config()
2026-05-04 17:20:29,542:declearn.server:INFO: Waiting for clients' responses.
2026-05-04 17:20:29,543:declearn.server:INFO: Sending privacy requests to all clients.
/home/fslimani/.venvs/declearn313/lib/python3.13/site-packages/opacus/accountants/analysis/rdp.py:332: UserWarning: Optimal order is the largest alpha. Please consider expanding the range of alphas to get a tighter privacy bound.
  warnings.warn(
05/04/2026 17:20:30:INFO:Notifying the server that DP-SGD setup went fine.
05/04/2026 17:20:30:INFO:Received DP-SGD setup instructions.
05/04/2026 17:20:31:INFO:Notifying the server that DP-SGD setup went fine.
2026-05-04 17:20:31,297:declearn.server:INFO: Waiting for clients' responses.
05/04/2026 17:20:31:INFO:Waiting for clients' responses.
2026-05-04 17:20:31,297:declearn.server:INFO: Privacy requests were processed by clients.
05/04/2026 17:20:31:INFO:Privacy requests were processed by clients.
2026-05-04 17:20:31,297:declearn.server:INFO: Initialization was successful.
05/04/2026 17:20:31:INFO:Initialization was successful.
2026-05-04 17:20:31,308:declearn.server:INFO: Initiating training round 1
05/04/2026 17:20:31:INFO:Initiating training round 1
05/04/2026 17:20:31:INFO:Participating in training round 1
05/04/2026 17:20:32:INFO:Applying server updates to local objects.
05/04/2026 17:20:32:INFO:Training local model for 1 epochs | None steps | None seconds.
05/04/2026 17:20:40:INFO:Packing local updates to be sent to the server.
05/04/2026 17:20:40:INFO:Local DP budget spent at the end of the round: (4.99640485109163, 1e-05)
05/04/2026 17:20:40:INFO:Participating in training round 1
05/04/2026 17:20:41:INFO:Applying server updates to local objects.
05/04/2026 17:20:41:INFO:Training local model for 1 epochs | None steps | None seconds.
05/04/2026 17:20:49:INFO:Packing local updates to be sent to the server.
05/04/2026 17:20:49:INFO:Local DP budget spent at the end of the round: (4.99640485109163, 1e-05)
2026-05-04 17:20:49,356:declearn.server:INFO: Awaiting clients' training results.
05/04/2026 17:20:49:INFO:Awaiting clients' training results.
2026-05-04 17:20:50,361:declearn.server:INFO: Conducting server-side optimization.
05/04/2026 17:20:50:INFO:Conducting server-side optimization.
2026-05-04 17:20:50,363:declearn.server:INFO: Initiating evaluation round 1
05/04/2026 17:20:50:INFO:Initiating evaluation round 1
05/04/2026 17:20:50:INFO:Participating in evaluation round 1
2026-05-04 17:20:50,606:declearn.client-client_0.train_manager:MAJOR: Local scalar evaluation metrics: {'accuracy': '0.2063', 'loss': '2.3013'}
05/04/2026 17:20:50:MAJOR:Local scalar evaluation metrics: {'accuracy': '0.2063', 'loss': '2.3013'}
05/04/2026 17:20:50:INFO:Packing local results to be sent to the server.
05/04/2026 17:20:50:INFO:Participating in evaluation round 1
2026-05-04 17:20:50,765:declearn.client-client_1.train_manager:MAJOR: Local scalar evaluation metrics: {'accuracy': '0.2113', 'loss': '2.3010'}
05/04/2026 17:20:50:MAJOR:Local scalar evaluation metrics: {'accuracy': '0.2113', 'loss': '2.3010'}
05/04/2026 17:20:50:INFO:Packing local results to be sent to the server.
2026-05-04 17:20:51,371:declearn.server:INFO: Awaiting clients' evaluation results.
05/04/2026 17:20:51:INFO:Awaiting clients' evaluation results.
2026-05-04 17:20:51,371:declearn.server:INFO: Aggregating evaluation results.
05/04/2026 17:20:51:INFO:Aggregating evaluation results.
2026-05-04 17:20:51,372:declearn.server:INFO: Averaged loss is: 2.3011455154418945
05/04/2026 17:20:51:INFO:Averaged loss is: 2.3011455154418945
2026-05-04 17:20:51,372:declearn.server:INFO: Other averaged scalar metrics are: {'accuracy': '0.2088', 'loss': '2.3011'}
05/04/2026 17:20:51:INFO:Other averaged scalar metrics are: {'accuracy': '0.2088', 'loss': '2.3011'}
2026-05-04 17:20:51,379:declearn.server:INFO: Maximum number of training rounds reached.
05/04/2026 17:20:51:INFO:Maximum number of training rounds reached.
2026-05-04 17:20:51,379:declearn.server:INFO: Stopping training.
05/04/2026 17:20:51:INFO:Stopping training.
2026-05-04 17:20:51,379:declearn.server:INFO: Recovering weights that yielded the lowest loss.
05/04/2026 17:20:51:INFO:Recovering weights that yielded the lowest loss.
2026-05-04 17:20:51,379:declearn.server:INFO: Notifying clients that training is over.
05/04/2026 17:20:51:INFO:Notifying clients that training is over.
05/04/2026 17:20:51:INFO:Training is now over, after 1 rounds. Global loss: 2.3011455154418945
05/04/2026 17:20:51:INFO:Checkpointing final weights under /home/fslimani/declearn-bench/declearn-experiments/exp_04_dp/result_26-05-04_17-20/client_0/model_state_best.json.
/home/fslimani/declearn-bench/declearn-for-exp_04_dp/declearn/utils/_serialize.py:125: UserWarning: PyTorch JSON serialization relies on pickle, which may be unsafe.
  config = obj.get_config()
05/04/2026 17:20:51:INFO:Training is now over, after 1 rounds. Global loss: 2.3011455154418945
05/04/2026 17:20:51:INFO:Checkpointing final weights under /home/fslimani/declearn-bench/declearn-experiments/exp_04_dp/result_26-05-04_17-20/client_1/model_state_best.json.
2026-05-04 17:20:51,896:declearn.server.network:INFO: connection closed
05/04/2026 17:20:51:INFO:connection closed
2026-05-04 17:20:51,896:declearn.server.network:INFO: connection closed
05/04/2026 17:20:51:INFO:connection closed
2026-05-04 17:20:52,386:declearn.server:INFO: Checkpointing final weights under /home/fslimani/declearn-bench/declearn-experiments/exp_04_dp/result_26-05-04_17-20/server/model_state_best.json.
05/04/2026 17:20:52:INFO:Checkpointing final weights under /home/fslimani/declearn-bench/declearn-experiments/exp_04_dp/result_26-05-04_17-20/server/model_state_best.json.
2026-05-04 17:20:52,397:declearn.server.network:INFO: server closing
05/04/2026 17:20:52:INFO:server closing
2026-05-04 17:20:52,397:declearn.server.network:INFO: server closed
05/04/2026 17:20:52:INFO:server closed
