2026-05-04 17:19:05,737:declearn.server:INFO: Default client sampler selected, all clients will be involved in each round
2026-05-04 17:19:05,738:declearn.server.network:INFO: Server is now starting...
2026-05-04 17:19:05,843:declearn.server.network:INFO: server listening on 127.0.0.1:8765
2026-05-04 17:19:05,843:declearn.server:INFO: Starting clients registration process.
2026-05-04 17:19:06,847:declearn.server.network:INFO: connection open
2026-05-04 17:19:06,847:declearn.server.network:INFO: New connection from ('127.0.0.1', 41432)
2026-05-04 17:19:06,847:declearn.server.network:INFO: connection open
2026-05-04 17:19:06,847:declearn.server.network:INFO: New connection from ('127.0.0.1', 41434)
2026-05-04 17:19:06,849:declearn.server.messages_handler:INFO: Registering client 'client_1' for training.
2026-05-04 17:19:06,849:declearn.server.messages_handler:INFO: Registering client 'client_0' for training.
2026-05-04 17:19:10,849:declearn.server:INFO: Clients' registration is now complete.
2026-05-04 17:19:10,850:declearn.server:INFO: Sending initialization requests to clients.
/home/fslimani/declearn-bench/declearn-for-exp_04_dp/declearn/utils/_serialize.py:125: UserWarning: PyTorch JSON serialization relies on pickle, which may be unsafe.
  config = obj.get_config()
2026-05-04 17:19:11,863:declearn.server:INFO: Waiting for clients' responses.
2026-05-04 17:19:11,863:declearn.server:INFO: Sending privacy requests to all clients.
/home/fslimani/.venvs/declearn313/lib/python3.13/site-packages/opacus/accountants/analysis/rdp.py:332: UserWarning: Optimal order is the largest alpha. Please consider expanding the range of alphas to get a tighter privacy bound.
  warnings.warn(
05/04/2026 17:19:12:INFO:Notifying the server that DP-SGD setup went fine.
05/04/2026 17:19:12:INFO:Received DP-SGD setup instructions.
05/04/2026 17:19:13:INFO:Notifying the server that DP-SGD setup went fine.
2026-05-04 17:19:13,662:declearn.server:INFO: Waiting for clients' responses.
05/04/2026 17:19:13:INFO:Waiting for clients' responses.
2026-05-04 17:19:13,662:declearn.server:INFO: Privacy requests were processed by clients.
05/04/2026 17:19:13:INFO:Privacy requests were processed by clients.
2026-05-04 17:19:13,663:declearn.server:INFO: Initialization was successful.
05/04/2026 17:19:13:INFO:Initialization was successful.
2026-05-04 17:19:13,679:declearn.server:INFO: Initiating training round 1
05/04/2026 17:19:13:INFO:Initiating training round 1
05/04/2026 17:19:13:INFO:Participating in training round 1
05/04/2026 17:19:13:INFO:Applying server updates to local objects.
05/04/2026 17:19:13:INFO:Training local model for 1 epochs | None steps | None seconds.
05/04/2026 17:19:22:INFO:Packing local updates to be sent to the server.
05/04/2026 17:19:22:INFO:Local DP budget spent at the end of the round: (4.99640485109163, 1e-05)
05/04/2026 17:19:22:INFO:Participating in training round 1
05/04/2026 17:19:22:INFO:Applying server updates to local objects.
05/04/2026 17:19:22:INFO:Training local model for 1 epochs | None steps | None seconds.
05/04/2026 17:19:29:INFO:Packing local updates to be sent to the server.
05/04/2026 17:19:29:INFO:Local DP budget spent at the end of the round: (4.99640485109163, 1e-05)
2026-05-04 17:19:29,976:declearn.server:INFO: Awaiting clients' training results.
05/04/2026 17:19:29:INFO:Awaiting clients' training results.
2026-05-04 17:19:30,983:declearn.server:INFO: Conducting server-side optimization.
05/04/2026 17:19:30:INFO:Conducting server-side optimization.
2026-05-04 17:19:30,985:declearn.server:INFO: Initiating evaluation round 1
05/04/2026 17:19:30:INFO:Initiating evaluation round 1
05/04/2026 17:19:31:INFO:Participating in evaluation round 1
2026-05-04 17:19:31,226:declearn.client-client_1.train_manager:MAJOR: Local scalar evaluation metrics: {'accuracy': '0.1130', 'loss': '2.3022'}
05/04/2026 17:19:31:MAJOR:Local scalar evaluation metrics: {'accuracy': '0.1130', 'loss': '2.3022'}
05/04/2026 17:19:31:INFO:Packing local results to be sent to the server.
05/04/2026 17:19:31:INFO:Participating in evaluation round 1
2026-05-04 17:19:31,392:declearn.client-client_0.train_manager:MAJOR: Local scalar evaluation metrics: {'accuracy': '0.1032', 'loss': '2.3024'}
05/04/2026 17:19:31:MAJOR:Local scalar evaluation metrics: {'accuracy': '0.1032', 'loss': '2.3024'}
05/04/2026 17:19:31:INFO:Packing local results to be sent to the server.
2026-05-04 17:19:31,993:declearn.server:INFO: Awaiting clients' evaluation results.
05/04/2026 17:19:31:INFO:Awaiting clients' evaluation results.
2026-05-04 17:19:31,994:declearn.server:INFO: Aggregating evaluation results.
05/04/2026 17:19:31:INFO:Aggregating evaluation results.
2026-05-04 17:19:31,994:declearn.server:INFO: Averaged loss is: 2.302316337585449
05/04/2026 17:19:31:INFO:Averaged loss is: 2.302316337585449
2026-05-04 17:19:31,995:declearn.server:INFO: Other averaged scalar metrics are: {'accuracy': '0.1081', 'loss': '2.3023'}
05/04/2026 17:19:31:INFO:Other averaged scalar metrics are: {'accuracy': '0.1081', 'loss': '2.3023'}
2026-05-04 17:19:32,004:declearn.server:INFO: Maximum number of training rounds reached.
05/04/2026 17:19:32:INFO:Maximum number of training rounds reached.
2026-05-04 17:19:32,004:declearn.server:INFO: Stopping training.
05/04/2026 17:19:32:INFO:Stopping training.
2026-05-04 17:19:32,004:declearn.server:INFO: Recovering weights that yielded the lowest loss.
05/04/2026 17:19:32:INFO:Recovering weights that yielded the lowest loss.
2026-05-04 17:19:32,004:declearn.server:INFO: Notifying clients that training is over.
05/04/2026 17:19:32:INFO:Notifying clients that training is over.
05/04/2026 17:19:32:INFO:Training is now over, after 1 rounds. Global loss: 2.302316337585449
05/04/2026 17:19:32:INFO:Checkpointing final weights under /home/fslimani/declearn-bench/declearn-experiments/exp_04_dp/result_26-05-04_17-19/client_1/model_state_best.json.
/home/fslimani/declearn-bench/declearn-for-exp_04_dp/declearn/utils/_serialize.py:125: UserWarning: PyTorch JSON serialization relies on pickle, which may be unsafe.
  config = obj.get_config()
05/04/2026 17:19:32:INFO:Training is now over, after 1 rounds. Global loss: 2.302316337585449
05/04/2026 17:19:32:INFO:Checkpointing final weights under /home/fslimani/declearn-bench/declearn-experiments/exp_04_dp/result_26-05-04_17-19/client_0/model_state_best.json.
2026-05-04 17:19:32,526:declearn.server.network:INFO: connection closed
05/04/2026 17:19:32:INFO:connection closed
2026-05-04 17:19:32,526:declearn.server.network:INFO: connection closed
05/04/2026 17:19:32:INFO:connection closed
2026-05-04 17:19:33,012:declearn.server:INFO: Checkpointing final weights under /home/fslimani/declearn-bench/declearn-experiments/exp_04_dp/result_26-05-04_17-19/server/model_state_best.json.
05/04/2026 17:19:33:INFO:Checkpointing final weights under /home/fslimani/declearn-bench/declearn-experiments/exp_04_dp/result_26-05-04_17-19/server/model_state_best.json.
2026-05-04 17:19:33,023:declearn.server.network:INFO: server closing
05/04/2026 17:19:33:INFO:server closing
2026-05-04 17:19:33,023:declearn.server.network:INFO: server closed
05/04/2026 17:19:33:INFO:server closed
