py-spy> Sampling process 100 times a second. Press Control-C to exit.

2026-05-04 18:06:30,859:declearn.server:INFO: Default client sampler selected, all clients will be involved in each round
2026-05-04 18:06:30,860:declearn.server.network:INFO: Server is now starting...
2026-05-04 18:06:30,966:declearn.server.network:INFO: server listening on 127.0.0.1:8765
2026-05-04 18:06:30,966:declearn.server:INFO: Starting clients registration process.
2026-05-04 18:06:31,968:declearn.server.network:INFO: connection open
2026-05-04 18:06:31,968:declearn.server.network:INFO: New connection from ('127.0.0.1', 60796)
2026-05-04 18:06:31,969:declearn.server.network:INFO: connection open
2026-05-04 18:06:31,969:declearn.server.network:INFO: New connection from ('127.0.0.1', 60798)
2026-05-04 18:06:31,970:declearn.server.messages_handler:INFO: Registering client 'client_1' for training.
2026-05-04 18:06:31,970:declearn.server.messages_handler:INFO: Registering client 'client_0' for training.
2026-05-04 18:06:35,971:declearn.server:INFO: Clients' registration is now complete.
2026-05-04 18:06:35,971:declearn.server:INFO: Sending initialization requests to clients.
/home/fslimani/declearn-bench/declearn-for-exp_04_dp/declearn/utils/_serialize.py:125: UserWarning: PyTorch JSON serialization relies on pickle, which may be unsafe.
  config = obj.get_config()
2026-05-04 18:06:36,990:declearn.server:INFO: Waiting for clients' responses.
2026-05-04 18:06:36,990:declearn.server:INFO: Sending privacy requests to all clients.
/home/fslimani/.venvs/declearn313/lib/python3.13/site-packages/opacus/accountants/analysis/rdp.py:332: UserWarning: Optimal order is the largest alpha. Please consider expanding the range of alphas to get a tighter privacy bound.
  warnings.warn(
05/04/2026 18:06:38:INFO:Notifying the server that DP-SGD setup went fine.
05/04/2026 18:06:38:INFO:Received DP-SGD setup instructions.
05/04/2026 18:06:39:INFO:Notifying the server that DP-SGD setup went fine.
2026-05-04 18:06:39,180:declearn.server:INFO: Waiting for clients' responses.
05/04/2026 18:06:39:INFO:Waiting for clients' responses.
2026-05-04 18:06:39,180:declearn.server:INFO: Privacy requests were processed by clients.
05/04/2026 18:06:39:INFO:Privacy requests were processed by clients.
2026-05-04 18:06:39,180:declearn.server:INFO: Initialization was successful.
05/04/2026 18:06:39:INFO:Initialization was successful.
2026-05-04 18:06:39,192:declearn.server:INFO: Initiating training round 1
05/04/2026 18:06:39:INFO:Initiating training round 1
05/04/2026 18:06:39:INFO:Participating in training round 1
05/04/2026 18:06:39:INFO:Applying server updates to local objects.
05/04/2026 18:06:39:INFO:Training local model for 1 epochs | None steps | None seconds.
05/04/2026 18:06:49:INFO:Packing local updates to be sent to the server.
05/04/2026 18:06:49:INFO:Local DP budget spent at the end of the round: (4.518721769152027, 1e-05)
05/04/2026 18:06:49:INFO:Participating in training round 1
05/04/2026 18:06:49:INFO:Applying server updates to local objects.
05/04/2026 18:06:49:INFO:Training local model for 1 epochs | None steps | None seconds.
05/04/2026 18:06:57:INFO:Packing local updates to be sent to the server.
05/04/2026 18:06:57:INFO:Local DP budget spent at the end of the round: (4.518721769152027, 1e-05)
2026-05-04 18:06:57,996:declearn.server:INFO: Awaiting clients' training results.
05/04/2026 18:06:57:INFO:Awaiting clients' training results.
2026-05-04 18:06:59,002:declearn.server:INFO: Conducting server-side optimization.
05/04/2026 18:06:59:INFO:Conducting server-side optimization.
2026-05-04 18:06:59,004:declearn.server:INFO: Initiating evaluation round 1
05/04/2026 18:06:59:INFO:Initiating evaluation round 1
05/04/2026 18:06:59:INFO:Participating in evaluation round 1
2026-05-04 18:06:59,286:declearn.client-client_0.train_manager:MAJOR: Local scalar evaluation metrics: {'accuracy': '0.1785', 'loss': '2.3016'}
05/04/2026 18:06:59:MAJOR:Local scalar evaluation metrics: {'accuracy': '0.1785', 'loss': '2.3016'}
05/04/2026 18:06:59:INFO:Packing local results to be sent to the server.
05/04/2026 18:06:59:INFO:Participating in evaluation round 1
2026-05-04 18:06:59,498:declearn.client-client_1.train_manager:MAJOR: Local scalar evaluation metrics: {'accuracy': '0.1845', 'loss': '2.3012'}
05/04/2026 18:06:59:MAJOR:Local scalar evaluation metrics: {'accuracy': '0.1845', 'loss': '2.3012'}
05/04/2026 18:06:59:INFO:Packing local results to be sent to the server.
2026-05-04 18:07:00,013:declearn.server:INFO: Awaiting clients' evaluation results.
05/04/2026 18:07:00:INFO:Awaiting clients' evaluation results.
2026-05-04 18:07:00,013:declearn.server:INFO: Aggregating evaluation results.
05/04/2026 18:07:00:INFO:Aggregating evaluation results.
2026-05-04 18:07:00,014:declearn.server:INFO: Averaged loss is: 2.301419253031413
05/04/2026 18:07:00:INFO:Averaged loss is: 2.301419253031413
2026-05-04 18:07:00,014:declearn.server:INFO: Other averaged scalar metrics are: {'accuracy': '0.1815', 'loss': '2.3014'}
05/04/2026 18:07:00:INFO:Other averaged scalar metrics are: {'accuracy': '0.1815', 'loss': '2.3014'}
2026-05-04 18:07:00,027:declearn.server:INFO: Initiating training round 2
05/04/2026 18:07:00:INFO:Initiating training round 2
05/04/2026 18:07:00:INFO:Participating in training round 2
05/04/2026 18:07:00:INFO:Applying server updates to local objects.
05/04/2026 18:07:00:INFO:Training local model for 1 epochs | None steps | None seconds.
05/04/2026 18:07:43:INFO:Packing local updates to be sent to the server.
05/04/2026 18:07:43:INFO:Local DP budget spent at the end of the round: (4.992799714321105, 1e-05)
05/04/2026 18:07:43:INFO:Participating in training round 2
05/04/2026 18:07:43:INFO:Applying server updates to local objects.
05/04/2026 18:07:43:INFO:Training local model for 1 epochs | None steps | None seconds.
05/04/2026 18:08:25:INFO:Packing local updates to be sent to the server.
05/04/2026 18:08:25:INFO:Local DP budget spent at the end of the round: (4.992799714321105, 1e-05)
2026-05-04 18:08:25,836:declearn.server:INFO: Awaiting clients' training results.
05/04/2026 18:08:25:INFO:Awaiting clients' training results.
2026-05-04 18:08:26,850:declearn.server:INFO: Conducting server-side optimization.
05/04/2026 18:08:26:INFO:Conducting server-side optimization.
2026-05-04 18:08:26,852:declearn.server:INFO: Initiating evaluation round 2
05/04/2026 18:08:26:INFO:Initiating evaluation round 2
05/04/2026 18:08:26:INFO:Participating in evaluation round 2
2026-05-04 18:08:27,151:declearn.client-client_0.train_manager:MAJOR: Local scalar evaluation metrics: {'accuracy': '0.1163', 'loss': '2.3010'}
05/04/2026 18:08:27:MAJOR:Local scalar evaluation metrics: {'accuracy': '0.1163', 'loss': '2.3010'}
05/04/2026 18:08:27:INFO:Packing local results to be sent to the server.
05/04/2026 18:08:27:INFO:Participating in evaluation round 2
2026-05-04 18:08:27,344:declearn.client-client_1.train_manager:MAJOR: Local scalar evaluation metrics: {'accuracy': '0.1305', 'loss': '2.3007'}
05/04/2026 18:08:27:MAJOR:Local scalar evaluation metrics: {'accuracy': '0.1305', 'loss': '2.3007'}
05/04/2026 18:08:27:INFO:Packing local results to be sent to the server.
2026-05-04 18:08:27,864:declearn.server:INFO: Awaiting clients' evaluation results.
05/04/2026 18:08:27:INFO:Awaiting clients' evaluation results.
2026-05-04 18:08:27,864:declearn.server:INFO: Aggregating evaluation results.
05/04/2026 18:08:27:INFO:Aggregating evaluation results.
2026-05-04 18:08:27,865:declearn.server:INFO: Averaged loss is: 2.3008571853637694
05/04/2026 18:08:27:INFO:Averaged loss is: 2.3008571853637694
2026-05-04 18:08:27,865:declearn.server:INFO: Other averaged scalar metrics are: {'accuracy': '0.1234', 'loss': '2.3009'}
05/04/2026 18:08:27:INFO:Other averaged scalar metrics are: {'accuracy': '0.1234', 'loss': '2.3009'}
2026-05-04 18:08:27,876:declearn.server:INFO: Maximum number of training rounds reached.
05/04/2026 18:08:27:INFO:Maximum number of training rounds reached.
2026-05-04 18:08:27,876:declearn.server:INFO: Stopping training.
05/04/2026 18:08:27:INFO:Stopping training.
2026-05-04 18:08:27,876:declearn.server:INFO: Recovering weights that yielded the lowest loss.
05/04/2026 18:08:27:INFO:Recovering weights that yielded the lowest loss.
2026-05-04 18:08:27,876:declearn.server:INFO: Notifying clients that training is over.
05/04/2026 18:08:27:INFO:Notifying clients that training is over.
05/04/2026 18:08:28:INFO:Training is now over, after 2 rounds. Global loss: 2.3008571853637694
05/04/2026 18:08:28:INFO:Checkpointing final weights under /home/fslimani/declearn-bench/declearn-experiments/exp_04_dp/result_26-05-04_18-06/client_0/model_state_best.json.
/home/fslimani/declearn-bench/declearn-for-exp_04_dp/declearn/utils/_serialize.py:125: UserWarning: PyTorch JSON serialization relies on pickle, which may be unsafe.
  config = obj.get_config()
05/04/2026 18:08:28:INFO:Training is now over, after 2 rounds. Global loss: 2.3008571853637694
05/04/2026 18:08:28:INFO:Checkpointing final weights under /home/fslimani/declearn-bench/declearn-experiments/exp_04_dp/result_26-05-04_18-06/client_1/model_state_best.json.
2026-05-04 18:08:28,522:declearn.server.network:INFO: connection closed
05/04/2026 18:08:28:INFO:connection closed
2026-05-04 18:08:28,522:declearn.server.network:INFO: connection closed
05/04/2026 18:08:28:INFO:connection closed
2026-05-04 18:08:28,886:declearn.server:INFO: Checkpointing final weights under /home/fslimani/declearn-bench/declearn-experiments/exp_04_dp/result_26-05-04_18-06/server/model_state_best.json.
05/04/2026 18:08:28:INFO:Checkpointing final weights under /home/fslimani/declearn-bench/declearn-experiments/exp_04_dp/result_26-05-04_18-06/server/model_state_best.json.
2026-05-04 18:08:28,898:declearn.server.network:INFO: server closing
05/04/2026 18:08:28:INFO:server closing
2026-05-04 18:08:28,898:declearn.server.network:INFO: server closed
05/04/2026 18:08:28:INFO:server closed

py-spy> Stopped sampling because process exited
py-spy> Wrote speedscope file to '/home/fslimani/declearn-bench/declearn-experiments/exp_04_dp/runs/profiles_followup/h4_adaptive/2026-05-04_18-06-27/pyspy_speedscope.json'. Samples: 11152 Errors: 0
py-spy> Visit https://www.speedscope.app/ to view
