py-spy> Sampling process 100 times a second. Press Control-C to exit.

2026-05-04 18:05:26,692:declearn.server:INFO: Default client sampler selected, all clients will be involved in each round
2026-05-04 18:05:26,692:declearn.server.network:INFO: Server is now starting...
2026-05-04 18:05:26,796:declearn.server.network:INFO: server listening on 127.0.0.1:8765
2026-05-04 18:05:26,796:declearn.server:INFO: Starting clients registration process.
2026-05-04 18:05:27,800:declearn.server.network:INFO: connection open
2026-05-04 18:05:27,800:declearn.server.network:INFO: New connection from ('127.0.0.1', 36282)
2026-05-04 18:05:27,800:declearn.server.network:INFO: connection open
2026-05-04 18:05:27,800:declearn.server.network:INFO: New connection from ('127.0.0.1', 36286)
2026-05-04 18:05:27,802:declearn.server.messages_handler:INFO: Registering client 'client_1' for training.
2026-05-04 18:05:27,802:declearn.server.messages_handler:INFO: Registering client 'client_0' for training.
2026-05-04 18:05:31,801:declearn.server:INFO: Clients' registration is now complete.
2026-05-04 18:05:31,801:declearn.server:INFO: Sending initialization requests to clients.
/home/fslimani/declearn-bench/declearn-for-exp_04_dp/declearn/utils/_serialize.py:125: UserWarning: PyTorch JSON serialization relies on pickle, which may be unsafe.
  config = obj.get_config()
2026-05-04 18:05:32,814:declearn.server:INFO: Waiting for clients' responses.
2026-05-04 18:05:32,814:declearn.server:INFO: Sending privacy requests to all clients.
/home/fslimani/.venvs/declearn313/lib/python3.13/site-packages/opacus/accountants/analysis/rdp.py:332: UserWarning: Optimal order is the largest alpha. Please consider expanding the range of alphas to get a tighter privacy bound.
  warnings.warn(
05/04/2026 18:05:33:INFO:Notifying the server that DP-SGD setup went fine.
05/04/2026 18:05:33:INFO:Received DP-SGD setup instructions.
05/04/2026 18:05:34:INFO:Notifying the server that DP-SGD setup went fine.
2026-05-04 18:05:34,928:declearn.server:INFO: Waiting for clients' responses.
05/04/2026 18:05:34:INFO:Waiting for clients' responses.
2026-05-04 18:05:34,928:declearn.server:INFO: Privacy requests were processed by clients.
05/04/2026 18:05:34:INFO:Privacy requests were processed by clients.
2026-05-04 18:05:34,928:declearn.server:INFO: Initialization was successful.
05/04/2026 18:05:34:INFO:Initialization was successful.
2026-05-04 18:05:34,943:declearn.server:INFO: Initiating training round 1
05/04/2026 18:05:34:INFO:Initiating training round 1
05/04/2026 18:05:35:INFO:Participating in training round 1
05/04/2026 18:05:36:INFO:Applying server updates to local objects.
05/04/2026 18:05:36:INFO:Training local model for 1 epochs | None steps | None seconds.
05/04/2026 18:05:45:INFO:Packing local updates to be sent to the server.
05/04/2026 18:05:45:INFO:Local DP budget spent at the end of the round: (4.518721769152027, 1e-05)
05/04/2026 18:05:45:INFO:Participating in training round 1
05/04/2026 18:05:46:INFO:Applying server updates to local objects.
05/04/2026 18:05:46:INFO:Training local model for 1 epochs | None steps | None seconds.
05/04/2026 18:05:55:INFO:Packing local updates to be sent to the server.
05/04/2026 18:05:55:INFO:Local DP budget spent at the end of the round: (4.518721769152027, 1e-05)
2026-05-04 18:05:55,380:declearn.server:INFO: Awaiting clients' training results.
05/04/2026 18:05:55:INFO:Awaiting clients' training results.
2026-05-04 18:05:56,386:declearn.server:INFO: Conducting server-side optimization.
05/04/2026 18:05:56:INFO:Conducting server-side optimization.
2026-05-04 18:05:56,387:declearn.server:INFO: Initiating evaluation round 1
05/04/2026 18:05:56:INFO:Initiating evaluation round 1
05/04/2026 18:05:56:INFO:Participating in evaluation round 1
2026-05-04 18:05:56,684:declearn.client-client_0.train_manager:MAJOR: Local scalar evaluation metrics: {'accuracy': '0.0728', 'loss': '2.3024'}
05/04/2026 18:05:56:MAJOR:Local scalar evaluation metrics: {'accuracy': '0.0728', 'loss': '2.3024'}
05/04/2026 18:05:56:INFO:Packing local results to be sent to the server.
05/04/2026 18:05:56:INFO:Participating in evaluation round 1
2026-05-04 18:05:56,891:declearn.client-client_1.train_manager:MAJOR: Local scalar evaluation metrics: {'accuracy': '0.0672', 'loss': '2.3024'}
05/04/2026 18:05:56:MAJOR:Local scalar evaluation metrics: {'accuracy': '0.0672', 'loss': '2.3024'}
05/04/2026 18:05:56:INFO:Packing local results to be sent to the server.
2026-05-04 18:05:57,397:declearn.server:INFO: Awaiting clients' evaluation results.
05/04/2026 18:05:57:INFO:Awaiting clients' evaluation results.
2026-05-04 18:05:57,398:declearn.server:INFO: Aggregating evaluation results.
05/04/2026 18:05:57:INFO:Aggregating evaluation results.
2026-05-04 18:05:57,400:declearn.server:INFO: Averaged loss is: 2.302405832926432
05/04/2026 18:05:57:INFO:Averaged loss is: 2.302405832926432
2026-05-04 18:05:57,401:declearn.server:INFO: Other averaged scalar metrics are: {'accuracy': '0.0700', 'loss': '2.3024'}
05/04/2026 18:05:57:INFO:Other averaged scalar metrics are: {'accuracy': '0.0700', 'loss': '2.3024'}
2026-05-04 18:05:57,412:declearn.server:INFO: Initiating training round 2
05/04/2026 18:05:57:INFO:Initiating training round 2
05/04/2026 18:05:57:INFO:Participating in training round 2
05/04/2026 18:06:00:INFO:Applying server updates to local objects.
05/04/2026 18:06:00:INFO:Training local model for 1 epochs | None steps | None seconds.
05/04/2026 18:06:07:INFO:Packing local updates to be sent to the server.
05/04/2026 18:06:08:INFO:Local DP budget spent at the end of the round: (4.992799714321105, 1e-05)
05/04/2026 18:06:08:INFO:Participating in training round 2
05/04/2026 18:06:10:INFO:Applying server updates to local objects.
05/04/2026 18:06:10:INFO:Training local model for 1 epochs | None steps | None seconds.
05/04/2026 18:06:18:INFO:Packing local updates to be sent to the server.
05/04/2026 18:06:18:INFO:Local DP budget spent at the end of the round: (4.992799714321105, 1e-05)
2026-05-04 18:06:18,609:declearn.server:INFO: Awaiting clients' training results.
05/04/2026 18:06:18:INFO:Awaiting clients' training results.
2026-05-04 18:06:19,623:declearn.server:INFO: Conducting server-side optimization.
05/04/2026 18:06:19:INFO:Conducting server-side optimization.
2026-05-04 18:06:19,625:declearn.server:INFO: Initiating evaluation round 2
05/04/2026 18:06:19:INFO:Initiating evaluation round 2
05/04/2026 18:06:19:INFO:Participating in evaluation round 2
2026-05-04 18:06:19,912:declearn.client-client_0.train_manager:MAJOR: Local scalar evaluation metrics: {'accuracy': '0.0628', 'loss': '2.3014'}
05/04/2026 18:06:19:MAJOR:Local scalar evaluation metrics: {'accuracy': '0.0628', 'loss': '2.3014'}
05/04/2026 18:06:19:INFO:Packing local results to be sent to the server.
05/04/2026 18:06:19:INFO:Participating in evaluation round 2
2026-05-04 18:06:20,071:declearn.client-client_1.train_manager:MAJOR: Local scalar evaluation metrics: {'accuracy': '0.0647', 'loss': '2.3011'}
05/04/2026 18:06:20:MAJOR:Local scalar evaluation metrics: {'accuracy': '0.0647', 'loss': '2.3011'}
05/04/2026 18:06:20:INFO:Packing local results to be sent to the server.
2026-05-04 18:06:20,634:declearn.server:INFO: Awaiting clients' evaluation results.
05/04/2026 18:06:20:INFO:Awaiting clients' evaluation results.
2026-05-04 18:06:20,634:declearn.server:INFO: Aggregating evaluation results.
05/04/2026 18:06:20:INFO:Aggregating evaluation results.
2026-05-04 18:06:20,635:declearn.server:INFO: Averaged loss is: 2.30121492767334
05/04/2026 18:06:20:INFO:Averaged loss is: 2.30121492767334
2026-05-04 18:06:20,635:declearn.server:INFO: Other averaged scalar metrics are: {'accuracy': '0.0638', 'loss': '2.3012'}
05/04/2026 18:06:20:INFO:Other averaged scalar metrics are: {'accuracy': '0.0638', 'loss': '2.3012'}
2026-05-04 18:06:20,643:declearn.server:INFO: Maximum number of training rounds reached.
05/04/2026 18:06:20:INFO:Maximum number of training rounds reached.
2026-05-04 18:06:20,643:declearn.server:INFO: Stopping training.
05/04/2026 18:06:20:INFO:Stopping training.
2026-05-04 18:06:20,643:declearn.server:INFO: Recovering weights that yielded the lowest loss.
05/04/2026 18:06:20:INFO:Recovering weights that yielded the lowest loss.
2026-05-04 18:06:20,644:declearn.server:INFO: Notifying clients that training is over.
05/04/2026 18:06:20:INFO:Notifying clients that training is over.
05/04/2026 18:06:21:INFO:Training is now over, after 2 rounds. Global loss: 2.30121492767334
05/04/2026 18:06:21:INFO:Checkpointing final weights under /home/fslimani/declearn-bench/declearn-experiments/exp_04_dp/result_26-05-04_18-05/client_0/model_state_best.json.
/home/fslimani/declearn-bench/declearn-for-exp_04_dp/declearn/utils/_serialize.py:125: UserWarning: PyTorch JSON serialization relies on pickle, which may be unsafe.
  config = obj.get_config()
05/04/2026 18:06:21:INFO:Training is now over, after 2 rounds. Global loss: 2.30121492767334
05/04/2026 18:06:21:INFO:Checkpointing final weights under /home/fslimani/declearn-bench/declearn-experiments/exp_04_dp/result_26-05-04_18-05/client_1/model_state_best.json.
2026-05-04 18:06:21,227:declearn.server.network:INFO: connection closed
05/04/2026 18:06:21:INFO:connection closed
2026-05-04 18:06:21,229:declearn.server.network:INFO: connection closed
05/04/2026 18:06:21:INFO:connection closed
2026-05-04 18:06:21,651:declearn.server:INFO: Checkpointing final weights under /home/fslimani/declearn-bench/declearn-experiments/exp_04_dp/result_26-05-04_18-05/server/model_state_best.json.
05/04/2026 18:06:21:INFO:Checkpointing final weights under /home/fslimani/declearn-bench/declearn-experiments/exp_04_dp/result_26-05-04_18-05/server/model_state_best.json.
2026-05-04 18:06:21,669:declearn.server.network:INFO: server closing
05/04/2026 18:06:21:INFO:server closing
2026-05-04 18:06:21,669:declearn.server.network:INFO: server closed
05/04/2026 18:06:21:INFO:server closed

py-spy> Stopped sampling because process exited
py-spy> Wrote speedscope file to '/home/fslimani/declearn-bench/declearn-experiments/exp_04_dp/runs/profiles_followup/h3_precompute/2026-05-04_18-05-23/pyspy_speedscope.json'. Samples: 4887 Errors: 0
py-spy> Visit https://www.speedscope.app/ to view
