2026-05-07 11:29:46,429:declearn.server:INFO: Default client sampler selected, all clients will be involved in each round
2026-05-07 11:29:46,430:declearn.server.network:INFO: Server is now starting...
2026-05-07 11:29:46,567:declearn.server.network:INFO: server listening on 127.0.0.1:8765
2026-05-07 11:29:46,567:declearn.server:INFO: Starting clients registration process.
2026-05-07 11:29:47,571:declearn.server.network:INFO: connection open
2026-05-07 11:29:47,572:declearn.server.network:INFO: New connection from ('127.0.0.1', 36852)
2026-05-07 11:29:47,572:declearn.server.network:INFO: connection open
2026-05-07 11:29:47,572:declearn.server.network:INFO: New connection from ('127.0.0.1', 36860)
2026-05-07 11:29:47,572:declearn.server.network:INFO: connection open
2026-05-07 11:29:47,572:declearn.server.network:INFO: New connection from ('127.0.0.1', 36872)
2026-05-07 11:29:47,574:declearn.server.messages_handler:INFO: Registering client 'client_1' for training.
2026-05-07 11:29:47,574:declearn.server.messages_handler:INFO: Registering client 'client_2' for training.
2026-05-07 11:29:47,575:declearn.server.messages_handler:INFO: Registering client 'client_0' for training.
2026-05-07 11:29:51,575:declearn.server:INFO: Clients' registration is now complete.
2026-05-07 11:29:51,575:declearn.server:INFO: Sending initialization requests to clients.
/home/fslimani/declearn-bench/declearn-for-exp_11_fairness_singlepass/declearn/utils/_serialize.py:125: UserWarning: PyTorch JSON serialization relies on pickle, which may be unsafe.
  config = obj.get_config()
2026-05-07 11:29:52,593:declearn.server:INFO: Waiting for clients' responses.
/home/fslimani/declearn-bench/declearn-for-exp_11_fairness_singlepass/declearn/fairness/fairfed/_fairfed.py:95: RuntimeWarning: Using fairness type 'accuracy_parity' with FairFed in 'strict' mode. This is supported, but beyond the original paper.
  self._key_groups = self.identify_key_groups(groups)
/home/fslimani/declearn-bench/declearn-for-exp_11_fairness_singlepass/declearn/fairness/fairfed/_fairfed.py:95: RuntimeWarning: Using fairness type 'accuracy_parity' with FairFed in 'strict' mode. This is supported, but beyond the original paper.
  self._key_groups = self.identify_key_groups(groups)
/home/fslimani/declearn-bench/declearn-for-exp_11_fairness_singlepass/declearn/fairness/fairfed/_fairfed.py:95: RuntimeWarning: Using fairness type 'accuracy_parity' with FairFed in 'strict' mode. This is supported, but beyond the original paper.
  self._key_groups = self.identify_key_groups(groups)
/home/fslimani/declearn-bench/declearn-for-exp_11_fairness_singlepass/declearn/utils/_serialize.py:125: UserWarning: PyTorch JSON serialization relies on pickle, which may be unsafe.
  config = obj.get_config()
/home/fslimani/declearn-bench/declearn-for-exp_11_fairness_singlepass/declearn/fairness/api/_server.py:188: RuntimeWarning: Overriding Aggregator choice due to the use of FairFed.
  return await self.finalize_fairness_setup(
2026-05-07 11:29:54,598:declearn.server:INFO: Initialization was successful.
2026-05-07 11:29:54,609:declearn.server:INFO: Initiating fairness-enforcing round 0
2026-05-07 11:29:58,194:declearn.server:INFO: Initiating training round 1
2026-05-07 11:30:04,146:declearn.server:INFO: Awaiting clients' training results.
2026-05-07 11:30:05,153:declearn.server:INFO: Conducting server-side optimization.
2026-05-07 11:30:05,155:declearn.server:INFO: Initiating evaluation round 1
2026-05-07 11:30:05,414:declearn.client-client_0.train_manager:MAJOR: Local scalar evaluation metrics: {'accuracy': '0.8920', 'loss': '0.4250'}
2026-05-07 11:30:05,550:declearn.client-client_1.train_manager:MAJOR: Local scalar evaluation metrics: {'accuracy': '0.8898', 'loss': '0.4291'}
2026-05-07 11:30:05,686:declearn.client-client_2.train_manager:MAJOR: Local scalar evaluation metrics: {'accuracy': '0.8970', 'loss': '0.4232'}
2026-05-07 11:30:06,166:declearn.server:INFO: Awaiting clients' evaluation results.
2026-05-07 11:30:06,167:declearn.server:INFO: Aggregating evaluation results.
2026-05-07 11:30:06,167:declearn.server:INFO: Averaged loss is: 0.42575739669799806
2026-05-07 11:30:06,167:declearn.server:INFO: Other averaged scalar metrics are: {'accuracy': '0.8929', 'loss': '0.4258'}
2026-05-07 11:30:06,177:declearn.server:INFO: Initiating fairness-enforcing round 1
2026-05-07 11:30:09,883:declearn.server:INFO: Initiating training round 2
2026-05-07 11:30:15,824:declearn.server:INFO: Awaiting clients' training results.
2026-05-07 11:30:16,843:declearn.server:INFO: Conducting server-side optimization.
2026-05-07 11:30:16,845:declearn.server:INFO: Initiating evaluation round 2
2026-05-07 11:30:17,089:declearn.client-client_0.train_manager:MAJOR: Local scalar evaluation metrics: {'accuracy': '0.9310', 'loss': '0.3833'}
2026-05-07 11:30:17,220:declearn.client-client_1.train_manager:MAJOR: Local scalar evaluation metrics: {'accuracy': '0.9263', 'loss': '0.3884'}
2026-05-07 11:30:17,366:declearn.client-client_2.train_manager:MAJOR: Local scalar evaluation metrics: {'accuracy': '0.9307', 'loss': '0.3832'}
2026-05-07 11:30:17,855:declearn.server:INFO: Awaiting clients' evaluation results.
2026-05-07 11:30:17,856:declearn.server:INFO: Aggregating evaluation results.
2026-05-07 11:30:17,856:declearn.server:INFO: Averaged loss is: 0.3849726882775625
2026-05-07 11:30:17,856:declearn.server:INFO: Other averaged scalar metrics are: {'accuracy': '0.9293', 'loss': '0.3850'}
2026-05-07 11:30:17,864:declearn.server:INFO: Maximum number of training rounds reached.
2026-05-07 11:30:17,864:declearn.server:INFO: Initiating fairness-enforcing round 2
2026-05-07 11:30:21,520:declearn.server:INFO: Stopping training.
2026-05-07 11:30:21,520:declearn.server:INFO: Recovering weights that yielded the lowest loss.
2026-05-07 11:30:21,520:declearn.server:INFO: Notifying clients that training is over.
/home/fslimani/declearn-bench/declearn-for-exp_11_fairness_singlepass/declearn/utils/_serialize.py:125: UserWarning: PyTorch JSON serialization relies on pickle, which may be unsafe.
  config = obj.get_config()
2026-05-07 11:30:21,706:declearn.server.network:INFO: connection closed
2026-05-07 11:30:21,706:declearn.server.network:INFO: connection closed
2026-05-07 11:30:21,706:declearn.server.network:INFO: connection closed
2026-05-07 11:30:22,531:declearn.server:INFO: Checkpointing final weights under /home/fslimani/declearn-bench/declearn-experiments/exp_11_fairness_singlepass/result_26-05-07_11-29/server/model_state_best.json.
2026-05-07 11:30:22,541:declearn.server.network:INFO: server closing
2026-05-07 11:30:22,541:declearn.server.network:INFO: server closed
