2026-05-07 11:22:43,009:declearn.server:INFO: Default client sampler selected, all clients will be involved in each round
2026-05-07 11:22:43,010:declearn.server.network:INFO: Server is now starting...
2026-05-07 11:22:43,136:declearn.server.network:INFO: server listening on 127.0.0.1:8765
2026-05-07 11:22:43,136:declearn.server:INFO: Starting clients registration process.
2026-05-07 11:22:44,140:declearn.server.network:INFO: connection open
2026-05-07 11:22:44,140:declearn.server.network:INFO: New connection from ('127.0.0.1', 60718)
2026-05-07 11:22:44,140:declearn.server.network:INFO: connection open
2026-05-07 11:22:44,141:declearn.server.network:INFO: New connection from ('127.0.0.1', 60732)
2026-05-07 11:22:44,141:declearn.server.network:INFO: connection open
2026-05-07 11:22:44,141:declearn.server.network:INFO: New connection from ('127.0.0.1', 60738)
2026-05-07 11:22:44,143:declearn.server.messages_handler:INFO: Registering client 'client_1' for training.
2026-05-07 11:22:44,143:declearn.server.messages_handler:INFO: Registering client 'client_2' for training.
2026-05-07 11:22:44,143:declearn.server.messages_handler:INFO: Registering client 'client_0' for training.
2026-05-07 11:22:48,143:declearn.server:INFO: Clients' registration is now complete.
2026-05-07 11:22:48,143:declearn.server:INFO: Sending initialization requests to clients.
/home/fslimani/declearn-bench/declearn-for-exp_11_fairness_singlepass/declearn/utils/_serialize.py:125: UserWarning: PyTorch JSON serialization relies on pickle, which may be unsafe.
  config = obj.get_config()
2026-05-07 11:22:49,161:declearn.server:INFO: Waiting for clients' responses.
/home/fslimani/declearn-bench/declearn-for-exp_11_fairness_singlepass/declearn/fairness/fairfed/_fairfed.py:95: RuntimeWarning: Using fairness type 'accuracy_parity' with FairFed in 'strict' mode. This is supported, but beyond the original paper.
  self._key_groups = self.identify_key_groups(groups)
/home/fslimani/declearn-bench/declearn-for-exp_11_fairness_singlepass/declearn/fairness/fairfed/_fairfed.py:95: RuntimeWarning: Using fairness type 'accuracy_parity' with FairFed in 'strict' mode. This is supported, but beyond the original paper.
  self._key_groups = self.identify_key_groups(groups)
/home/fslimani/declearn-bench/declearn-for-exp_11_fairness_singlepass/declearn/fairness/fairfed/_fairfed.py:95: RuntimeWarning: Using fairness type 'accuracy_parity' with FairFed in 'strict' mode. This is supported, but beyond the original paper.
  self._key_groups = self.identify_key_groups(groups)
/home/fslimani/declearn-bench/declearn-for-exp_11_fairness_singlepass/declearn/utils/_serialize.py:125: UserWarning: PyTorch JSON serialization relies on pickle, which may be unsafe.
  config = obj.get_config()
/home/fslimani/declearn-bench/declearn-for-exp_11_fairness_singlepass/declearn/fairness/api/_server.py:188: RuntimeWarning: Overriding Aggregator choice due to the use of FairFed.
  return await self.finalize_fairness_setup(
2026-05-07 11:22:51,166:declearn.server:INFO: Initialization was successful.
2026-05-07 11:22:51,176:declearn.server:INFO: Initiating fairness-enforcing round 0
2026-05-07 11:22:54,625:declearn.server:INFO: Initiating training round 1
2026-05-07 11:23:00,637:declearn.server:INFO: Awaiting clients' training results.
2026-05-07 11:23:01,644:declearn.server:INFO: Conducting server-side optimization.
2026-05-07 11:23:01,646:declearn.server:INFO: Initiating evaluation round 1
2026-05-07 11:23:01,911:declearn.client-client_0.train_manager:MAJOR: Local scalar evaluation metrics: {'accuracy': '0.8858', 'loss': '0.4318'}
2026-05-07 11:23:02,048:declearn.client-client_1.train_manager:MAJOR: Local scalar evaluation metrics: {'accuracy': '0.8930', 'loss': '0.4256'}
2026-05-07 11:23:02,182:declearn.client-client_2.train_manager:MAJOR: Local scalar evaluation metrics: {'accuracy': '0.8992', 'loss': '0.4231'}
2026-05-07 11:23:02,656:declearn.server:INFO: Awaiting clients' evaluation results.
2026-05-07 11:23:02,657:declearn.server:INFO: Aggregating evaluation results.
2026-05-07 11:23:02,657:declearn.server:INFO: Averaged loss is: 0.4268223155339559
2026-05-07 11:23:02,657:declearn.server:INFO: Other averaged scalar metrics are: {'accuracy': '0.8927', 'loss': '0.4268'}
2026-05-07 11:23:02,665:declearn.server:INFO: Initiating fairness-enforcing round 1
2026-05-07 11:23:06,146:declearn.server:INFO: Initiating training round 2
2026-05-07 11:23:12,154:declearn.server:INFO: Awaiting clients' training results.
2026-05-07 11:23:13,173:declearn.server:INFO: Conducting server-side optimization.
2026-05-07 11:23:13,175:declearn.server:INFO: Initiating evaluation round 2
2026-05-07 11:23:13,426:declearn.client-client_0.train_manager:MAJOR: Local scalar evaluation metrics: {'accuracy': '0.9377', 'loss': '0.3781'}
2026-05-07 11:23:13,561:declearn.client-client_1.train_manager:MAJOR: Local scalar evaluation metrics: {'accuracy': '0.9397', 'loss': '0.3754'}
2026-05-07 11:23:13,695:declearn.client-client_2.train_manager:MAJOR: Local scalar evaluation metrics: {'accuracy': '0.9370', 'loss': '0.3772'}
2026-05-07 11:23:14,185:declearn.server:INFO: Awaiting clients' evaluation results.
2026-05-07 11:23:14,186:declearn.server:INFO: Aggregating evaluation results.
2026-05-07 11:23:14,186:declearn.server:INFO: Averaged loss is: 0.3768949565887451
2026-05-07 11:23:14,186:declearn.server:INFO: Other averaged scalar metrics are: {'accuracy': '0.9382', 'loss': '0.3769'}
2026-05-07 11:23:14,193:declearn.server:INFO: Maximum number of training rounds reached.
2026-05-07 11:23:14,194:declearn.server:INFO: Initiating fairness-enforcing round 2
2026-05-07 11:23:17,653:declearn.server:INFO: Stopping training.
2026-05-07 11:23:17,653:declearn.server:INFO: Recovering weights that yielded the lowest loss.
2026-05-07 11:23:17,653:declearn.server:INFO: Notifying clients that training is over.
/home/fslimani/declearn-bench/declearn-for-exp_11_fairness_singlepass/declearn/utils/_serialize.py:125: UserWarning: PyTorch JSON serialization relies on pickle, which may be unsafe.
  config = obj.get_config()
2026-05-07 11:23:17,836:declearn.server.network:INFO: connection closed
2026-05-07 11:23:17,836:declearn.server.network:INFO: connection closed
2026-05-07 11:23:17,836:declearn.server.network:INFO: connection closed
2026-05-07 11:23:18,664:declearn.server:INFO: Checkpointing final weights under /home/fslimani/declearn-bench/declearn-experiments/exp_11_fairness_singlepass/result_26-05-07_11-22/server/model_state_best.json.
2026-05-07 11:23:18,674:declearn.server.network:INFO: server closing
2026-05-07 11:23:18,674:declearn.server.network:INFO: server closed
