2026-05-07 11:26:36,524:declearn.server:INFO: Default client sampler selected, all clients will be involved in each round
2026-05-07 11:26:36,525:declearn.server.network:INFO: Server is now starting...
2026-05-07 11:26:36,651:declearn.server.network:INFO: server listening on 127.0.0.1:8765
2026-05-07 11:26:36,651:declearn.server:INFO: Starting clients registration process.
2026-05-07 11:26:37,655:declearn.server.network:INFO: connection open
2026-05-07 11:26:37,655:declearn.server.network:INFO: New connection from ('127.0.0.1', 49706)
2026-05-07 11:26:37,655:declearn.server.network:INFO: connection open
2026-05-07 11:26:37,655:declearn.server.network:INFO: New connection from ('127.0.0.1', 49718)
2026-05-07 11:26:37,655:declearn.server.network:INFO: connection open
2026-05-07 11:26:37,655:declearn.server.network:INFO: New connection from ('127.0.0.1', 49730)
2026-05-07 11:26:37,657:declearn.server.messages_handler:INFO: Registering client 'client_1' for training.
2026-05-07 11:26:37,657:declearn.server.messages_handler:INFO: Registering client 'client_2' for training.
2026-05-07 11:26:37,657:declearn.server.messages_handler:INFO: Registering client 'client_0' for training.
2026-05-07 11:26:41,658:declearn.server:INFO: Clients' registration is now complete.
2026-05-07 11:26:41,658:declearn.server:INFO: Sending initialization requests to clients.
/home/fslimani/declearn-bench/declearn-for-exp_11_fairness_singlepass/declearn/utils/_serialize.py:125: UserWarning: PyTorch JSON serialization relies on pickle, which may be unsafe.
  config = obj.get_config()
2026-05-07 11:26:42,676:declearn.server:INFO: Waiting for clients' responses.
/home/fslimani/declearn-bench/declearn-for-exp_11_fairness_singlepass/declearn/fairness/fairfed/_fairfed.py:95: RuntimeWarning: Using fairness type 'accuracy_parity' with FairFed in 'strict' mode. This is supported, but beyond the original paper.
  self._key_groups = self.identify_key_groups(groups)
/home/fslimani/declearn-bench/declearn-for-exp_11_fairness_singlepass/declearn/fairness/fairfed/_fairfed.py:95: RuntimeWarning: Using fairness type 'accuracy_parity' with FairFed in 'strict' mode. This is supported, but beyond the original paper.
  self._key_groups = self.identify_key_groups(groups)
/home/fslimani/declearn-bench/declearn-for-exp_11_fairness_singlepass/declearn/fairness/fairfed/_fairfed.py:95: RuntimeWarning: Using fairness type 'accuracy_parity' with FairFed in 'strict' mode. This is supported, but beyond the original paper.
  self._key_groups = self.identify_key_groups(groups)
/home/fslimani/declearn-bench/declearn-for-exp_11_fairness_singlepass/declearn/utils/_serialize.py:125: UserWarning: PyTorch JSON serialization relies on pickle, which may be unsafe.
  config = obj.get_config()
/home/fslimani/declearn-bench/declearn-for-exp_11_fairness_singlepass/declearn/fairness/api/_server.py:188: RuntimeWarning: Overriding Aggregator choice due to the use of FairFed.
  return await self.finalize_fairness_setup(
2026-05-07 11:26:44,679:declearn.server:INFO: Initialization was successful.
2026-05-07 11:26:44,689:declearn.server:INFO: Initiating fairness-enforcing round 0
2026-05-07 11:26:48,152:declearn.server:INFO: Initiating training round 1
2026-05-07 11:26:54,386:declearn.server:INFO: Awaiting clients' training results.
2026-05-07 11:26:55,394:declearn.server:INFO: Conducting server-side optimization.
2026-05-07 11:26:55,396:declearn.server:INFO: Initiating evaluation round 1
2026-05-07 11:26:55,676:declearn.client-client_0.train_manager:MAJOR: Local scalar evaluation metrics: {'accuracy': '0.8772', 'loss': '0.4514'}
2026-05-07 11:26:55,835:declearn.client-client_1.train_manager:MAJOR: Local scalar evaluation metrics: {'accuracy': '0.8762', 'loss': '0.4484'}
2026-05-07 11:26:55,995:declearn.client-client_2.train_manager:MAJOR: Local scalar evaluation metrics: {'accuracy': '0.8782', 'loss': '0.4504'}
2026-05-07 11:26:56,407:declearn.server:INFO: Awaiting clients' evaluation results.
2026-05-07 11:26:56,407:declearn.server:INFO: Aggregating evaluation results.
2026-05-07 11:26:56,408:declearn.server:INFO: Averaged loss is: 0.45007194836934405
2026-05-07 11:26:56,408:declearn.server:INFO: Other averaged scalar metrics are: {'accuracy': '0.8772', 'loss': '0.4501'}
2026-05-07 11:26:56,416:declearn.server:INFO: Initiating fairness-enforcing round 1
2026-05-07 11:26:59,838:declearn.server:INFO: Initiating training round 2
2026-05-07 11:27:06,028:declearn.server:INFO: Awaiting clients' training results.
2026-05-07 11:27:07,047:declearn.server:INFO: Conducting server-side optimization.
2026-05-07 11:27:07,048:declearn.server:INFO: Initiating evaluation round 2
2026-05-07 11:27:07,289:declearn.client-client_0.train_manager:MAJOR: Local scalar evaluation metrics: {'accuracy': '0.9337', 'loss': '0.3818'}
2026-05-07 11:27:07,427:declearn.client-client_1.train_manager:MAJOR: Local scalar evaluation metrics: {'accuracy': '0.9373', 'loss': '0.3799'}
2026-05-07 11:27:07,557:declearn.client-client_2.train_manager:MAJOR: Local scalar evaluation metrics: {'accuracy': '0.9353', 'loss': '0.3814'}
2026-05-07 11:27:08,059:declearn.server:INFO: Awaiting clients' evaluation results.
2026-05-07 11:27:08,059:declearn.server:INFO: Aggregating evaluation results.
2026-05-07 11:27:08,060:declearn.server:INFO: Averaged loss is: 0.3810338505109151
2026-05-07 11:27:08,060:declearn.server:INFO: Other averaged scalar metrics are: {'accuracy': '0.9354', 'loss': '0.3810'}
2026-05-07 11:27:08,067:declearn.server:INFO: Maximum number of training rounds reached.
2026-05-07 11:27:08,067:declearn.server:INFO: Initiating fairness-enforcing round 2
2026-05-07 11:27:11,219:declearn.server:INFO: Stopping training.
2026-05-07 11:27:11,219:declearn.server:INFO: Recovering weights that yielded the lowest loss.
2026-05-07 11:27:11,219:declearn.server:INFO: Notifying clients that training is over.
/home/fslimani/declearn-bench/declearn-for-exp_11_fairness_singlepass/declearn/utils/_serialize.py:125: UserWarning: PyTorch JSON serialization relies on pickle, which may be unsafe.
  config = obj.get_config()
2026-05-07 11:27:11,403:declearn.server.network:INFO: connection closed
2026-05-07 11:27:11,403:declearn.server.network:INFO: connection closed
2026-05-07 11:27:11,403:declearn.server.network:INFO: connection closed
2026-05-07 11:27:12,231:declearn.server:INFO: Checkpointing final weights under /home/fslimani/declearn-bench/declearn-experiments/exp_11_fairness_singlepass/result_26-05-07_11-26/server/model_state_best.json.
2026-05-07 11:27:12,240:declearn.server.network:INFO: server closing
2026-05-07 11:27:12,240:declearn.server.network:INFO: server closed
