2026-05-07 11:17:16,905:declearn.server:INFO: Default client sampler selected, all clients will be involved in each round
2026-05-07 11:17:16,906:declearn.server.network:INFO: Server is now starting...
2026-05-07 11:17:17,042:declearn.server.network:INFO: server listening on 127.0.0.1:8765
2026-05-07 11:17:17,043:declearn.server:INFO: Starting clients registration process.
2026-05-07 11:17:18,047:declearn.server.network:INFO: connection open
2026-05-07 11:17:18,047:declearn.server.network:INFO: New connection from ('127.0.0.1', 51526)
2026-05-07 11:17:18,047:declearn.server.network:INFO: connection open
2026-05-07 11:17:18,047:declearn.server.network:INFO: New connection from ('127.0.0.1', 51542)
2026-05-07 11:17:18,048:declearn.server.network:INFO: connection open
2026-05-07 11:17:18,048:declearn.server.network:INFO: New connection from ('127.0.0.1', 51546)
2026-05-07 11:17:18,050:declearn.server.messages_handler:INFO: Registering client 'client_1' for training.
2026-05-07 11:17:18,050:declearn.server.messages_handler:INFO: Registering client 'client_2' for training.
2026-05-07 11:17:18,050:declearn.server.messages_handler:INFO: Registering client 'client_0' for training.
2026-05-07 11:17:22,050:declearn.server:INFO: Clients' registration is now complete.
2026-05-07 11:17:22,050:declearn.server:INFO: Sending initialization requests to clients.
/home/fslimani/declearn-bench/declearn-for-exp_11_fairness_singlepass/declearn/utils/_serialize.py:125: UserWarning: PyTorch JSON serialization relies on pickle, which may be unsafe.
  config = obj.get_config()
2026-05-07 11:17:23,068:declearn.server:INFO: Waiting for clients' responses.
2026-05-07 11:17:25,073:declearn.server.network:INFO: Sending FairGrad weights to clients.
/home/fslimani/declearn-bench/declearn-for-exp_11_fairness_singlepass/declearn/utils/_serialize.py:125: UserWarning: PyTorch JSON serialization relies on pickle, which may be unsafe.
  config = obj.get_config()
/home/fslimani/declearn-bench/declearn-for-exp_11_fairness_singlepass/declearn/fairness/api/_server.py:188: RuntimeWarning: Overriding Aggregator choice to a 'SumAggregator', due to the use of Fed-FairGrad.
  return await self.finalize_fairness_setup(
2026-05-07 11:17:26,075:declearn.server:INFO: Initialization was successful.
2026-05-07 11:17:26,085:declearn.server:INFO: Initiating fairness-enforcing round 0
2026-05-07 11:17:27,688:declearn.server.network:INFO: Sending FairGrad weights to clients.
2026-05-07 11:17:28,691:declearn.server:INFO: Initiating training round 1
2026-05-07 11:17:34,975:declearn.server:INFO: Awaiting clients' training results.
2026-05-07 11:17:35,982:declearn.server:INFO: Conducting server-side optimization.
2026-05-07 11:17:35,984:declearn.server:INFO: Initiating evaluation round 1
2026-05-07 11:17:36,264:declearn.client-client_0.train_manager:MAJOR: Local scalar evaluation metrics: {'accuracy': '0.7970', 'loss': '0.5128'}
2026-05-07 11:17:36,407:declearn.client-client_1.train_manager:MAJOR: Local scalar evaluation metrics: {'accuracy': '0.8117', 'loss': '0.4984'}
2026-05-07 11:17:36,551:declearn.client-client_2.train_manager:MAJOR: Local scalar evaluation metrics: {'accuracy': '0.8077', 'loss': '0.5015'}
2026-05-07 11:17:36,995:declearn.server:INFO: Awaiting clients' evaluation results.
2026-05-07 11:17:36,996:declearn.server:INFO: Aggregating evaluation results.
2026-05-07 11:17:36,996:declearn.server:INFO: Averaged loss is: 0.5042251474062601
2026-05-07 11:17:36,996:declearn.server:INFO: Other averaged scalar metrics are: {'accuracy': '0.8055', 'loss': '0.5042'}
2026-05-07 11:17:37,004:declearn.server:INFO: Initiating fairness-enforcing round 1
2026-05-07 11:17:38,654:declearn.server.network:INFO: Sending FairGrad weights to clients.
2026-05-07 11:17:39,657:declearn.server:INFO: Initiating training round 2
2026-05-07 11:17:46,699:declearn.server:INFO: Awaiting clients' training results.
2026-05-07 11:17:47,718:declearn.server:INFO: Conducting server-side optimization.
2026-05-07 11:17:47,719:declearn.server:INFO: Initiating evaluation round 2
2026-05-07 11:17:47,989:declearn.client-client_0.train_manager:MAJOR: Local scalar evaluation metrics: {'accuracy': '0.7528', 'loss': '0.5547'}
2026-05-07 11:17:48,146:declearn.client-client_1.train_manager:MAJOR: Local scalar evaluation metrics: {'accuracy': '0.7425', 'loss': '0.5625'}
2026-05-07 11:17:48,306:declearn.client-client_2.train_manager:MAJOR: Local scalar evaluation metrics: {'accuracy': '0.7435', 'loss': '0.5612'}
2026-05-07 11:17:48,731:declearn.server:INFO: Awaiting clients' evaluation results.
2026-05-07 11:17:48,732:declearn.server:INFO: Aggregating evaluation results.
2026-05-07 11:17:48,732:declearn.server:INFO: Averaged loss is: 0.5594834238688151
2026-05-07 11:17:48,732:declearn.server:INFO: Other averaged scalar metrics are: {'accuracy': '0.7462', 'loss': '0.5595'}
2026-05-07 11:17:48,741:declearn.server:INFO: Maximum number of training rounds reached.
2026-05-07 11:17:48,741:declearn.server:INFO: Initiating fairness-enforcing round 2
2026-05-07 11:17:50,141:declearn.server.network:INFO: Sending FairGrad weights to clients.
2026-05-07 11:17:51,145:declearn.server:INFO: Stopping training.
2026-05-07 11:17:51,145:declearn.server:INFO: Recovering weights that yielded the lowest loss.
2026-05-07 11:17:51,145:declearn.server:INFO: Notifying clients that training is over.
/home/fslimani/declearn-bench/declearn-for-exp_11_fairness_singlepass/declearn/utils/_serialize.py:125: UserWarning: PyTorch JSON serialization relies on pickle, which may be unsafe.
  config = obj.get_config()
2026-05-07 11:17:51,343:declearn.server.network:INFO: connection closed
2026-05-07 11:17:51,343:declearn.server.network:INFO: connection closed
2026-05-07 11:17:51,344:declearn.server.network:INFO: connection closed
2026-05-07 11:17:52,157:declearn.server:INFO: Checkpointing final weights under /home/fslimani/declearn-bench/declearn-experiments/exp_11_fairness_singlepass/result_26-05-07_11-17/server/model_state_best.json.
2026-05-07 11:17:52,168:declearn.server.network:INFO: server closing
2026-05-07 11:17:52,168:declearn.server.network:INFO: server closed
