2026-05-06 14:18:23,432:declearn.server:INFO: Default client sampler selected, all clients will be involved in each round
2026-05-06 14:18:23,433:declearn.server.network:INFO: Server is now starting...
2026-05-06 14:18:23,542:declearn.server.network:INFO: server listening on 127.0.0.1:8765
2026-05-06 14:18:23,542:declearn.server:INFO: Starting clients registration process.
2026-05-06 14:18:24,546:declearn.server.network:INFO: connection open
2026-05-06 14:18:24,546:declearn.server.network:INFO: New connection from ('127.0.0.1', 60868)
2026-05-06 14:18:24,546:declearn.server.network:INFO: connection open
2026-05-06 14:18:24,547:declearn.server.network:INFO: New connection from ('127.0.0.1', 60870)
2026-05-06 14:18:24,548:declearn.server.messages_handler:INFO: Registering client 'client_1' for training.
2026-05-06 14:18:24,548:declearn.server.messages_handler:INFO: Registering client 'client_0' for training.
2026-05-06 14:18:28,549:declearn.server:INFO: Clients' registration is now complete.
2026-05-06 14:18:28,549:declearn.server:INFO: Sending initialization requests to clients.
/home/fslimani/declearn-bench/declearn-for-exp_10_vector_foreach/declearn/utils/_serialize.py:125: UserWarning: PyTorch JSON serialization relies on pickle, which may be unsafe.
  config = obj.get_config()
2026-05-06 14:18:29,585:declearn.server:INFO: Waiting for clients' responses.
2026-05-06 14:18:29,585:declearn.server:INFO: Initialization was successful.
2026-05-06 14:18:29,608:declearn.server:INFO: Initiating training round 1
2026-05-06 14:19:44,100:declearn.server:INFO: Awaiting clients' training results.
2026-05-06 14:19:44,103:declearn.server:INFO: Conducting server-side optimization.
2026-05-06 14:19:44,107:declearn.server:INFO: Initiating evaluation round 1
2026-05-06 14:19:45,248:declearn.client-client_1.train_manager:MAJOR: Local scalar evaluation metrics: {'accuracy': '0.1633', 'loss': '2.2729'}
2026-05-06 14:19:46,372:declearn.client-client_0.train_manager:MAJOR: Local scalar evaluation metrics: {'accuracy': '0.1003', 'loss': '2.3200'}
2026-05-06 14:19:46,390:declearn.server:INFO: Awaiting clients' evaluation results.
2026-05-06 14:19:46,390:declearn.server:INFO: Aggregating evaluation results.
2026-05-06 14:19:46,391:declearn.server:INFO: Averaged loss is: 2.296459046681722
2026-05-06 14:19:46,391:declearn.server:INFO: Other averaged scalar metrics are: {'accuracy': '0.1318', 'loss': '2.2965'}
2026-05-06 14:19:46,400:declearn.server:INFO: Initiating training round 2
2026-05-06 14:21:00,627:declearn.server:INFO: Awaiting clients' training results.
2026-05-06 14:21:00,630:declearn.server:INFO: Conducting server-side optimization.
2026-05-06 14:21:00,634:declearn.server:INFO: Initiating evaluation round 2
2026-05-06 14:21:01,778:declearn.client-client_1.train_manager:MAJOR: Local scalar evaluation metrics: {'accuracy': '0.2373', 'loss': '2.1803'}
2026-05-06 14:21:02,869:declearn.client-client_0.train_manager:MAJOR: Local scalar evaluation metrics: {'accuracy': '0.1902', 'loss': '2.2560'}
2026-05-06 14:21:02,881:declearn.server:INFO: Awaiting clients' evaluation results.
2026-05-06 14:21:02,882:declearn.server:INFO: Aggregating evaluation results.
2026-05-06 14:21:02,882:declearn.server:INFO: Averaged loss is: 2.2181668332417805
2026-05-06 14:21:02,882:declearn.server:INFO: Other averaged scalar metrics are: {'accuracy': '0.2137', 'loss': '2.2182'}
2026-05-06 14:21:02,891:declearn.server:INFO: Maximum number of training rounds reached.
2026-05-06 14:21:02,891:declearn.server:INFO: Stopping training.
2026-05-06 14:21:02,891:declearn.server:INFO: Recovering weights that yielded the lowest loss.
2026-05-06 14:21:02,891:declearn.server:INFO: Notifying clients that training is over.
/home/fslimani/declearn-bench/declearn-for-exp_10_vector_foreach/declearn/utils/_serialize.py:125: UserWarning: PyTorch JSON serialization relies on pickle, which may be unsafe.
  config = obj.get_config()
2026-05-06 14:21:02,983:declearn.server.network:INFO: connection closed
2026-05-06 14:21:02,983:declearn.server.network:INFO: connection closed
2026-05-06 14:21:03,906:declearn.server:INFO: Checkpointing final weights under /home/fslimani/declearn-bench/declearn-experiments/exp_10_vector_foreach/result_26-05-06_14-18/server/model_state_best.json.
2026-05-06 14:21:03,933:declearn.server.network:INFO: server closing
2026-05-06 14:21:03,933:declearn.server.network:INFO: server closed
