2026-05-06 13:55:42,121:declearn.server:INFO: Default client sampler selected, all clients will be involved in each round
2026-05-06 13:55:42,122:declearn.server.network:INFO: Server is now starting...
2026-05-06 13:55:42,223:declearn.server.network:INFO: server listening on 127.0.0.1:8765
2026-05-06 13:55:42,224:declearn.server:INFO: Starting clients registration process.
2026-05-06 13:55:43,228:declearn.server.network:INFO: connection open
2026-05-06 13:55:43,228:declearn.server.network:INFO: New connection from ('127.0.0.1', 38926)
2026-05-06 13:55:43,228:declearn.server.network:INFO: connection open
2026-05-06 13:55:43,229:declearn.server.network:INFO: New connection from ('127.0.0.1', 38942)
2026-05-06 13:55:43,230:declearn.server.messages_handler:INFO: Registering client 'client_1' for training.
2026-05-06 13:55:43,230:declearn.server.messages_handler:INFO: Registering client 'client_0' for training.
2026-05-06 13:55:47,231:declearn.server:INFO: Clients' registration is now complete.
2026-05-06 13:55:47,231:declearn.server:INFO: Sending initialization requests to clients.
/home/fslimani/declearn-bench/declearn-for-exp_10_vector_foreach/declearn/utils/_serialize.py:125: UserWarning: PyTorch JSON serialization relies on pickle, which may be unsafe.
  config = obj.get_config()
2026-05-06 13:55:48,269:declearn.server:INFO: Waiting for clients' responses.
2026-05-06 13:55:48,269:declearn.server:INFO: Initialization was successful.
2026-05-06 13:55:48,292:declearn.server:INFO: Initiating training round 1
2026-05-06 13:57:10,240:declearn.server:INFO: Awaiting clients' training results.
2026-05-06 13:57:10,244:declearn.server:INFO: Conducting server-side optimization.
2026-05-06 13:57:10,249:declearn.server:INFO: Initiating evaluation round 1
2026-05-06 13:57:11,454:declearn.client-client_1.train_manager:MAJOR: Local scalar evaluation metrics: {'accuracy': '0.0965', 'loss': '2.3154'}
2026-05-06 13:57:12,590:declearn.client-client_0.train_manager:MAJOR: Local scalar evaluation metrics: {'accuracy': '0.1033', 'loss': '2.3386'}
2026-05-06 13:57:12,608:declearn.server:INFO: Awaiting clients' evaluation results.
2026-05-06 13:57:12,609:declearn.server:INFO: Aggregating evaluation results.
2026-05-06 13:57:12,609:declearn.server:INFO: Averaged loss is: 2.3270357666015626
2026-05-06 13:57:12,609:declearn.server:INFO: Other averaged scalar metrics are: {'accuracy': '0.0999', 'loss': '2.3270'}
2026-05-06 13:57:12,619:declearn.server:INFO: Initiating training round 2
2026-05-06 13:58:32,720:declearn.server:INFO: Awaiting clients' training results.
2026-05-06 13:58:32,724:declearn.server:INFO: Conducting server-side optimization.
2026-05-06 13:58:32,729:declearn.server:INFO: Initiating evaluation round 2
2026-05-06 13:58:33,902:declearn.client-client_1.train_manager:MAJOR: Local scalar evaluation metrics: {'accuracy': '0.6317', 'loss': '1.8708'}
2026-05-06 13:58:35,018:declearn.client-client_0.train_manager:MAJOR: Local scalar evaluation metrics: {'accuracy': '0.2817', 'loss': '2.1710'}
2026-05-06 13:58:35,031:declearn.server:INFO: Awaiting clients' evaluation results.
2026-05-06 13:58:35,032:declearn.server:INFO: Aggregating evaluation results.
2026-05-06 13:58:35,032:declearn.server:INFO: Averaged loss is: 2.0208912556966148
2026-05-06 13:58:35,032:declearn.server:INFO: Other averaged scalar metrics are: {'accuracy': '0.4567', 'loss': '2.0209'}
2026-05-06 13:58:35,042:declearn.server:INFO: Maximum number of training rounds reached.
2026-05-06 13:58:35,042:declearn.server:INFO: Stopping training.
2026-05-06 13:58:35,042:declearn.server:INFO: Recovering weights that yielded the lowest loss.
2026-05-06 13:58:35,042:declearn.server:INFO: Notifying clients that training is over.
/home/fslimani/declearn-bench/declearn-for-exp_10_vector_foreach/declearn/utils/_serialize.py:125: UserWarning: PyTorch JSON serialization relies on pickle, which may be unsafe.
  config = obj.get_config()
2026-05-06 13:58:35,135:declearn.server.network:INFO: connection closed
2026-05-06 13:58:35,135:declearn.server.network:INFO: connection closed
2026-05-06 13:58:36,057:declearn.server:INFO: Checkpointing final weights under /home/fslimani/declearn-bench/declearn-experiments/exp_10_vector_foreach/result_26-05-06_13-55/server/model_state_best.json.
2026-05-06 13:58:36,085:declearn.server.network:INFO: server closing
2026-05-06 13:58:36,085:declearn.server.network:INFO: server closed
