2026-05-06 13:52:36,592:declearn.server:INFO: Default client sampler selected, all clients will be involved in each round
2026-05-06 13:52:36,593:declearn.server.network:INFO: Server is now starting...
2026-05-06 13:52:36,693:declearn.server.network:INFO: server listening on 127.0.0.1:8765
2026-05-06 13:52:36,693:declearn.server:INFO: Starting clients registration process.
2026-05-06 13:52:37,698:declearn.server.network:INFO: connection open
2026-05-06 13:52:37,698:declearn.server.network:INFO: New connection from ('127.0.0.1', 34676)
2026-05-06 13:52:37,699:declearn.server.network:INFO: connection open
2026-05-06 13:52:37,699:declearn.server.network:INFO: New connection from ('127.0.0.1', 34690)
2026-05-06 13:52:37,700:declearn.server.messages_handler:INFO: Registering client 'client_1' for training.
2026-05-06 13:52:37,700:declearn.server.messages_handler:INFO: Registering client 'client_0' for training.
2026-05-06 13:52:41,700:declearn.server:INFO: Clients' registration is now complete.
2026-05-06 13:52:41,700:declearn.server:INFO: Sending initialization requests to clients.
/home/fslimani/declearn-bench/declearn-for-exp_10_vector_foreach/declearn/utils/_serialize.py:125: UserWarning: PyTorch JSON serialization relies on pickle, which may be unsafe.
  config = obj.get_config()
2026-05-06 13:52:42,737:declearn.server:INFO: Waiting for clients' responses.
2026-05-06 13:52:42,738:declearn.server:INFO: Initialization was successful.
2026-05-06 13:52:42,761:declearn.server:INFO: Initiating training round 1
2026-05-06 13:54:01,645:declearn.server:INFO: Awaiting clients' training results.
2026-05-06 13:54:02,653:declearn.server:INFO: Conducting server-side optimization.
2026-05-06 13:54:02,659:declearn.server:INFO: Initiating evaluation round 1
2026-05-06 13:54:03,810:declearn.client-client_0.train_manager:MAJOR: Local scalar evaluation metrics: {'accuracy': '0.1158', 'loss': '2.3150'}
2026-05-06 13:54:04,942:declearn.client-client_1.train_manager:MAJOR: Local scalar evaluation metrics: {'accuracy': '0.1107', 'loss': '2.3360'}
2026-05-06 13:54:04,958:declearn.server:INFO: Awaiting clients' evaluation results.
2026-05-06 13:54:04,958:declearn.server:INFO: Aggregating evaluation results.
2026-05-06 13:54:04,959:declearn.server:INFO: Averaged loss is: 2.3254741185506185
2026-05-06 13:54:04,959:declearn.server:INFO: Other averaged scalar metrics are: {'accuracy': '0.1133', 'loss': '2.3255'}
2026-05-06 13:54:04,971:declearn.server:INFO: Initiating training round 2
2026-05-06 13:55:23,573:declearn.server:INFO: Awaiting clients' training results.
2026-05-06 13:55:24,580:declearn.server:INFO: Conducting server-side optimization.
2026-05-06 13:55:24,585:declearn.server:INFO: Initiating evaluation round 2
2026-05-06 13:55:26,752:declearn.client-client_0.train_manager:MAJOR: Local scalar evaluation metrics: {'accuracy': '0.3207', 'loss': '2.1227'}
2026-05-06 13:55:28,174:declearn.client-client_1.train_manager:MAJOR: Local scalar evaluation metrics: {'accuracy': '0.4823', 'loss': '1.9946'}
2026-05-06 13:55:28,192:declearn.server:INFO: Awaiting clients' evaluation results.
2026-05-06 13:55:28,193:declearn.server:INFO: Aggregating evaluation results.
2026-05-06 13:55:28,193:declearn.server:INFO: Averaged loss is: 2.0586478017171226
2026-05-06 13:55:28,193:declearn.server:INFO: Other averaged scalar metrics are: {'accuracy': '0.4015', 'loss': '2.0586'}
2026-05-06 13:55:28,205:declearn.server:INFO: Maximum number of training rounds reached.
2026-05-06 13:55:28,205:declearn.server:INFO: Stopping training.
2026-05-06 13:55:28,205:declearn.server:INFO: Recovering weights that yielded the lowest loss.
2026-05-06 13:55:28,205:declearn.server:INFO: Notifying clients that training is over.
/home/fslimani/declearn-bench/declearn-for-exp_10_vector_foreach/declearn/utils/_serialize.py:125: UserWarning: PyTorch JSON serialization relies on pickle, which may be unsafe.
  config = obj.get_config()
2026-05-06 13:55:28,299:declearn.server.network:INFO: connection closed
2026-05-06 13:55:28,299:declearn.server.network:INFO: connection closed
2026-05-06 13:55:29,220:declearn.server:INFO: Checkpointing final weights under /home/fslimani/declearn-bench/declearn-experiments/exp_10_vector_foreach/result_26-05-06_13-52/server/model_state_best.json.
2026-05-06 13:55:29,246:declearn.server.network:INFO: server closing
2026-05-06 13:55:29,247:declearn.server.network:INFO: server closed
