2026-05-06 14:28:51,163:declearn.server:INFO: Default client sampler selected, all clients will be involved in each round
2026-05-06 14:28:51,163:declearn.server.network:INFO: Server is now starting...
2026-05-06 14:28:51,264:declearn.server.network:INFO: server listening on 127.0.0.1:8765
2026-05-06 14:28:51,264:declearn.server:INFO: Starting clients registration process.
2026-05-06 14:28:52,268:declearn.server.network:INFO: connection open
2026-05-06 14:28:52,268:declearn.server.network:INFO: New connection from ('127.0.0.1', 35774)
2026-05-06 14:28:52,268:declearn.server.network:INFO: connection open
2026-05-06 14:28:52,268:declearn.server.network:INFO: New connection from ('127.0.0.1', 35776)
2026-05-06 14:28:52,269:declearn.server.messages_handler:INFO: Registering client 'client_1' for training.
2026-05-06 14:28:52,269:declearn.server.messages_handler:INFO: Registering client 'client_0' for training.
2026-05-06 14:28:56,271:declearn.server:INFO: Clients' registration is now complete.
2026-05-06 14:28:56,271:declearn.server:INFO: Sending initialization requests to clients.
/home/fslimani/declearn-bench/declearn-for-exp_10_vector_foreach/declearn/utils/_serialize.py:125: UserWarning: PyTorch JSON serialization relies on pickle, which may be unsafe.
  config = obj.get_config()
2026-05-06 14:28:57,329:declearn.server:INFO: Waiting for clients' responses.
2026-05-06 14:28:57,329:declearn.server:INFO: Initialization was successful.
2026-05-06 14:28:57,351:declearn.server:INFO: Initiating training round 1
2026-05-06 14:30:22,309:declearn.server:INFO: Awaiting clients' training results.
2026-05-06 14:30:23,316:declearn.server:INFO: Conducting server-side optimization.
2026-05-06 14:30:23,324:declearn.server:INFO: Initiating evaluation round 1
2026-05-06 14:30:24,972:declearn.client-client_1.train_manager:MAJOR: Local scalar evaluation metrics: {'accuracy': '0.1463', 'loss': '2.3075'}
2026-05-06 14:30:26,802:declearn.client-client_0.train_manager:MAJOR: Local scalar evaluation metrics: {'accuracy': '0.1120', 'loss': '2.3152'}
2026-05-06 14:30:26,818:declearn.server:INFO: Awaiting clients' evaluation results.
2026-05-06 14:30:26,818:declearn.server:INFO: Aggregating evaluation results.
2026-05-06 14:30:26,818:declearn.server:INFO: Averaged loss is: 2.3113404642740885
2026-05-06 14:30:26,818:declearn.server:INFO: Other averaged scalar metrics are: {'accuracy': '0.1292', 'loss': '2.3113'}
2026-05-06 14:30:26,830:declearn.server:INFO: Initiating training round 2
2026-05-06 14:31:46,660:declearn.server:INFO: Awaiting clients' training results.
2026-05-06 14:31:46,665:declearn.server:INFO: Conducting server-side optimization.
2026-05-06 14:31:46,672:declearn.server:INFO: Initiating evaluation round 2
2026-05-06 14:31:47,786:declearn.client-client_1.train_manager:MAJOR: Local scalar evaluation metrics: {'accuracy': '0.3477', 'loss': '2.0942'}
2026-05-06 14:31:48,894:declearn.client-client_0.train_manager:MAJOR: Local scalar evaluation metrics: {'accuracy': '0.5733', 'loss': '1.8781'}
2026-05-06 14:31:48,912:declearn.server:INFO: Awaiting clients' evaluation results.
2026-05-06 14:31:48,912:declearn.server:INFO: Aggregating evaluation results.
2026-05-06 14:31:48,913:declearn.server:INFO: Averaged loss is: 1.9861628074645996
2026-05-06 14:31:48,913:declearn.server:INFO: Other averaged scalar metrics are: {'accuracy': '0.4605', 'loss': '1.9862'}
2026-05-06 14:31:48,925:declearn.server:INFO: Maximum number of training rounds reached.
2026-05-06 14:31:48,925:declearn.server:INFO: Stopping training.
2026-05-06 14:31:48,926:declearn.server:INFO: Recovering weights that yielded the lowest loss.
2026-05-06 14:31:48,926:declearn.server:INFO: Notifying clients that training is over.
/home/fslimani/declearn-bench/declearn-for-exp_10_vector_foreach/declearn/utils/_serialize.py:125: UserWarning: PyTorch JSON serialization relies on pickle, which may be unsafe.
  config = obj.get_config()
2026-05-06 14:31:49,016:declearn.server.network:INFO: connection closed
2026-05-06 14:31:49,016:declearn.server.network:INFO: connection closed
2026-05-06 14:31:49,941:declearn.server:INFO: Checkpointing final weights under /home/fslimani/declearn-bench/declearn-experiments/exp_10_vector_foreach/result_26-05-06_14-28/server/model_state_best.json.
2026-05-06 14:31:49,968:declearn.server.network:INFO: server closing
2026-05-06 14:31:49,968:declearn.server.network:INFO: server closed
