2026-05-06 11:09:43,973:declearn.server:INFO: Default client sampler selected, all clients will be involved in each round
2026-05-06 11:09:43,974:declearn.server.network:INFO: Server is now starting...
2026-05-06 11:09:44,075:declearn.server.network:INFO: server listening on 127.0.0.1:8765
2026-05-06 11:09:44,076:declearn.server:INFO: Starting clients registration process.
2026-05-06 11:09:45,080:declearn.server.network:INFO: connection open
2026-05-06 11:09:45,080:declearn.server.network:INFO: New connection from ('127.0.0.1', 32898)
2026-05-06 11:09:45,080:declearn.server.network:INFO: connection open
2026-05-06 11:09:45,080:declearn.server.network:INFO: New connection from ('127.0.0.1', 32906)
2026-05-06 11:09:45,082:declearn.server.messages_handler:INFO: Registering client 'client_1' for training.
2026-05-06 11:09:45,082:declearn.server.messages_handler:INFO: Registering client 'client_0' for training.
2026-05-06 11:09:49,083:declearn.server:INFO: Clients' registration is now complete.
2026-05-06 11:09:49,083:declearn.server:INFO: Sending initialization requests to clients.
/home/fslimani/declearn-bench/declearn-for-exp_10_vector_foreach/declearn/utils/_serialize.py:125: UserWarning: PyTorch JSON serialization relies on pickle, which may be unsafe.
  config = obj.get_config()
2026-05-06 11:09:50,096:declearn.server:INFO: Waiting for clients' responses.
2026-05-06 11:09:50,097:declearn.server:INFO: Initialization was successful.
2026-05-06 11:09:50,106:declearn.server:INFO: Initiating training round 1
2026-05-06 11:09:57,229:declearn.server:INFO: Awaiting clients' training results.
2026-05-06 11:09:58,235:declearn.server:INFO: Conducting server-side optimization.
2026-05-06 11:09:58,236:declearn.server:INFO: Initiating evaluation round 1
2026-05-06 11:09:58,529:declearn.client-client_0.train_manager:MAJOR: Local scalar evaluation metrics: {'accuracy': '0.1012', 'loss': '2.3026'}
2026-05-06 11:09:58,732:declearn.client-client_1.train_manager:MAJOR: Local scalar evaluation metrics: {'accuracy': '0.0930', 'loss': '2.3026'}
2026-05-06 11:09:59,245:declearn.server:INFO: Awaiting clients' evaluation results.
2026-05-06 11:09:59,245:declearn.server:INFO: Aggregating evaluation results.
2026-05-06 11:09:59,245:declearn.server:INFO: Averaged loss is: 2.302584701538086
2026-05-06 11:09:59,246:declearn.server:INFO: Other averaged scalar metrics are: {'accuracy': '0.0971', 'loss': '2.3026'}
2026-05-06 11:09:59,252:declearn.server:INFO: Initiating training round 2
2026-05-06 11:10:06,454:declearn.server:INFO: Awaiting clients' training results.
2026-05-06 11:10:07,469:declearn.server:INFO: Conducting server-side optimization.
2026-05-06 11:10:07,470:declearn.server:INFO: Initiating evaluation round 2
2026-05-06 11:10:07,744:declearn.client-client_0.train_manager:MAJOR: Local scalar evaluation metrics: {'accuracy': '0.1000', 'loss': '2.3026'}
2026-05-06 11:10:07,936:declearn.client-client_1.train_manager:MAJOR: Local scalar evaluation metrics: {'accuracy': '0.1003', 'loss': '2.3026'}
2026-05-06 11:10:08,477:declearn.server:INFO: Awaiting clients' evaluation results.
2026-05-06 11:10:08,478:declearn.server:INFO: Aggregating evaluation results.
2026-05-06 11:10:08,478:declearn.server:INFO: Averaged loss is: 2.302584866841634
2026-05-06 11:10:08,478:declearn.server:INFO: Other averaged scalar metrics are: {'accuracy': '0.1002', 'loss': '2.3026'}
2026-05-06 11:10:08,485:declearn.server:INFO: Maximum number of training rounds reached.
2026-05-06 11:10:08,485:declearn.server:INFO: Stopping training.
2026-05-06 11:10:08,485:declearn.server:INFO: Recovering weights that yielded the lowest loss.
2026-05-06 11:10:08,485:declearn.server:INFO: Notifying clients that training is over.
/home/fslimani/declearn-bench/declearn-for-exp_10_vector_foreach/declearn/utils/_serialize.py:125: UserWarning: PyTorch JSON serialization relies on pickle, which may be unsafe.
  config = obj.get_config()
2026-05-06 11:10:09,072:declearn.server.network:INFO: connection closed
2026-05-06 11:10:09,072:declearn.server.network:INFO: connection closed
2026-05-06 11:10:09,493:declearn.server:INFO: Checkpointing final weights under /home/fslimani/declearn-bench/declearn-experiments/exp_10_vector_foreach/result_26-05-06_11-09/server/model_state_best.json.
2026-05-06 11:10:09,504:declearn.server.network:INFO: server closing
2026-05-06 11:10:09,504:declearn.server.network:INFO: server closed
