2026-05-06 11:09:09,817:declearn.server:INFO: Default client sampler selected, all clients will be involved in each round
2026-05-06 11:09:09,818:declearn.server.network:INFO: Server is now starting...
2026-05-06 11:09:09,919:declearn.server.network:INFO: server listening on 127.0.0.1:8765
2026-05-06 11:09:09,920:declearn.server:INFO: Starting clients registration process.
2026-05-06 11:09:10,924:declearn.server.network:INFO: connection open
2026-05-06 11:09:10,924:declearn.server.network:INFO: New connection from ('127.0.0.1', 39948)
2026-05-06 11:09:10,924:declearn.server.network:INFO: connection open
2026-05-06 11:09:10,924:declearn.server.network:INFO: New connection from ('127.0.0.1', 39950)
2026-05-06 11:09:10,926:declearn.server.messages_handler:INFO: Registering client 'client_1' for training.
2026-05-06 11:09:10,926:declearn.server.messages_handler:INFO: Registering client 'client_0' for training.
2026-05-06 11:09:14,927:declearn.server:INFO: Clients' registration is now complete.
2026-05-06 11:09:14,927:declearn.server:INFO: Sending initialization requests to clients.
/home/fslimani/declearn-bench/declearn-for-exp_10_vector_foreach/declearn/utils/_serialize.py:125: UserWarning: PyTorch JSON serialization relies on pickle, which may be unsafe.
  config = obj.get_config()
2026-05-06 11:09:15,941:declearn.server:INFO: Waiting for clients' responses.
2026-05-06 11:09:15,941:declearn.server:INFO: Initialization was successful.
2026-05-06 11:09:15,951:declearn.server:INFO: Initiating training round 1
2026-05-06 11:09:23,253:declearn.server:INFO: Awaiting clients' training results.
2026-05-06 11:09:24,259:declearn.server:INFO: Conducting server-side optimization.
2026-05-06 11:09:24,261:declearn.server:INFO: Initiating evaluation round 1
2026-05-06 11:09:24,494:declearn.client-client_0.train_manager:MAJOR: Local scalar evaluation metrics: {'accuracy': '0.1000', 'loss': '2.3026'}
2026-05-06 11:09:24,701:declearn.client-client_1.train_manager:MAJOR: Local scalar evaluation metrics: {'accuracy': '0.1003', 'loss': '2.3026'}
2026-05-06 11:09:25,269:declearn.server:INFO: Awaiting clients' evaluation results.
2026-05-06 11:09:25,269:declearn.server:INFO: Aggregating evaluation results.
2026-05-06 11:09:25,269:declearn.server:INFO: Averaged loss is: 2.302585138956706
2026-05-06 11:09:25,269:declearn.server:INFO: Other averaged scalar metrics are: {'accuracy': '0.1002', 'loss': '2.3026'}
2026-05-06 11:09:25,276:declearn.server:INFO: Initiating training round 2
2026-05-06 11:09:32,649:declearn.server:INFO: Awaiting clients' training results.
2026-05-06 11:09:33,664:declearn.server:INFO: Conducting server-side optimization.
2026-05-06 11:09:33,665:declearn.server:INFO: Initiating evaluation round 2
2026-05-06 11:09:33,933:declearn.client-client_0.train_manager:MAJOR: Local scalar evaluation metrics: {'accuracy': '0.1145', 'loss': '2.3026'}
2026-05-06 11:09:34,131:declearn.client-client_1.train_manager:MAJOR: Local scalar evaluation metrics: {'accuracy': '0.1107', 'loss': '2.3026'}
2026-05-06 11:09:34,673:declearn.server:INFO: Awaiting clients' evaluation results.
2026-05-06 11:09:34,673:declearn.server:INFO: Aggregating evaluation results.
2026-05-06 11:09:34,673:declearn.server:INFO: Averaged loss is: 2.3025845311482747
2026-05-06 11:09:34,673:declearn.server:INFO: Other averaged scalar metrics are: {'accuracy': '0.1126', 'loss': '2.3026'}
2026-05-06 11:09:34,680:declearn.server:INFO: Maximum number of training rounds reached.
2026-05-06 11:09:34,681:declearn.server:INFO: Stopping training.
2026-05-06 11:09:34,681:declearn.server:INFO: Recovering weights that yielded the lowest loss.
2026-05-06 11:09:34,681:declearn.server:INFO: Notifying clients that training is over.
/home/fslimani/declearn-bench/declearn-for-exp_10_vector_foreach/declearn/utils/_serialize.py:125: UserWarning: PyTorch JSON serialization relies on pickle, which may be unsafe.
  config = obj.get_config()
2026-05-06 11:09:35,253:declearn.server.network:INFO: connection closed
2026-05-06 11:09:35,253:declearn.server.network:INFO: connection closed
2026-05-06 11:09:35,688:declearn.server:INFO: Checkpointing final weights under /home/fslimani/declearn-bench/declearn-experiments/exp_10_vector_foreach/result_26-05-06_11-09/server/model_state_best.json.
2026-05-06 11:09:35,698:declearn.server.network:INFO: server closing
2026-05-06 11:09:35,698:declearn.server.network:INFO: server closed
