2026-05-06 11:10:17,696:declearn.server:INFO: Default client sampler selected, all clients will be involved in each round
2026-05-06 11:10:17,697:declearn.server.network:INFO: Server is now starting...
2026-05-06 11:10:17,791:declearn.server.network:INFO: server listening on 127.0.0.1:8765
2026-05-06 11:10:17,791:declearn.server:INFO: Starting clients registration process.
2026-05-06 11:10:18,794:declearn.server.network:INFO: connection open
2026-05-06 11:10:18,794:declearn.server.network:INFO: New connection from ('127.0.0.1', 41572)
2026-05-06 11:10:18,795:declearn.server.network:INFO: connection open
2026-05-06 11:10:18,795:declearn.server.network:INFO: New connection from ('127.0.0.1', 41584)
2026-05-06 11:10:18,796:declearn.server.messages_handler:INFO: Registering client 'client_1' for training.
2026-05-06 11:10:18,796:declearn.server.messages_handler:INFO: Registering client 'client_0' for training.
2026-05-06 11:10:22,798:declearn.server:INFO: Clients' registration is now complete.
2026-05-06 11:10:22,798:declearn.server:INFO: Sending initialization requests to clients.
/home/fslimani/declearn-bench/declearn-for-exp_10_vector_foreach/declearn/utils/_serialize.py:125: UserWarning: PyTorch JSON serialization relies on pickle, which may be unsafe.
  config = obj.get_config()
2026-05-06 11:10:23,873:declearn.server:INFO: Waiting for clients' responses.
2026-05-06 11:10:24,875:declearn.server:INFO: Initialization was successful.
2026-05-06 11:10:24,884:declearn.server:INFO: Initiating training round 1
2026-05-06 11:10:31,364:declearn.server:INFO: Awaiting clients' training results.
2026-05-06 11:10:32,373:declearn.server:INFO: Conducting server-side optimization.
2026-05-06 11:10:32,375:declearn.server:INFO: Initiating evaluation round 1
2026-05-06 11:10:32,709:declearn.client-client_1.train_manager:MAJOR: Local scalar evaluation metrics: {'accuracy': '0.8973', 'loss': '1.5778'}
2026-05-06 11:10:32,872:declearn.client-client_0.train_manager:MAJOR: Local scalar evaluation metrics: {'accuracy': '0.8983', 'loss': '1.5745'}
2026-05-06 11:10:33,383:declearn.server:INFO: Awaiting clients' evaluation results.
2026-05-06 11:10:33,383:declearn.server:INFO: Aggregating evaluation results.
2026-05-06 11:10:33,384:declearn.server:INFO: Averaged loss is: 1.576138567606608
2026-05-06 11:10:33,384:declearn.server:INFO: Other averaged scalar metrics are: {'accuracy': '0.8978', 'loss': '1.5761'}
2026-05-06 11:10:33,400:declearn.server:INFO: Initiating training round 2
2026-05-06 11:10:40,278:declearn.server:INFO: Awaiting clients' training results.
2026-05-06 11:10:41,288:declearn.server:INFO: Conducting server-side optimization.
2026-05-06 11:10:41,289:declearn.server:INFO: Initiating evaluation round 2
2026-05-06 11:10:41,612:declearn.client-client_1.train_manager:MAJOR: Local scalar evaluation metrics: {'accuracy': '0.9173', 'loss': '1.5475'}
2026-05-06 11:10:41,756:declearn.client-client_0.train_manager:MAJOR: Local scalar evaluation metrics: {'accuracy': '0.9195', 'loss': '1.5458'}
2026-05-06 11:10:42,298:declearn.server:INFO: Awaiting clients' evaluation results.
2026-05-06 11:10:42,298:declearn.server:INFO: Aggregating evaluation results.
2026-05-06 11:10:42,299:declearn.server:INFO: Averaged loss is: 1.5466859703063964
2026-05-06 11:10:42,299:declearn.server:INFO: Other averaged scalar metrics are: {'accuracy': '0.9184', 'loss': '1.5467'}
2026-05-06 11:10:42,309:declearn.server:INFO: Maximum number of training rounds reached.
2026-05-06 11:10:42,309:declearn.server:INFO: Stopping training.
2026-05-06 11:10:42,309:declearn.server:INFO: Recovering weights that yielded the lowest loss.
2026-05-06 11:10:42,309:declearn.server:INFO: Notifying clients that training is over.
/home/fslimani/declearn-bench/declearn-for-exp_10_vector_foreach/declearn/utils/_serialize.py:125: UserWarning: PyTorch JSON serialization relies on pickle, which may be unsafe.
  config = obj.get_config()
2026-05-06 11:10:42,901:declearn.server.network:INFO: connection closed
2026-05-06 11:10:42,902:declearn.server.network:INFO: connection closed
2026-05-06 11:10:43,320:declearn.server:INFO: Checkpointing final weights under /home/fslimani/declearn-bench/declearn-experiments/exp_10_vector_foreach/result_26-05-06_11-10/server/model_state_best.json.
2026-05-06 11:10:43,332:declearn.server.network:INFO: server closing
2026-05-06 11:10:43,332:declearn.server.network:INFO: server closed
