2026-05-06 11:17:39,677:declearn.server:INFO: Default client sampler selected, all clients will be involved in each round
2026-05-06 11:17:39,678:declearn.server.network:INFO: Server is now starting...
2026-05-06 11:17:39,777:declearn.server.network:INFO: server listening on 127.0.0.1:8765
2026-05-06 11:17:39,777:declearn.server:INFO: Starting clients registration process.
2026-05-06 11:17:40,781:declearn.server.network:INFO: connection open
2026-05-06 11:17:40,781:declearn.server.network:INFO: New connection from ('127.0.0.1', 60576)
2026-05-06 11:17:40,781:declearn.server.network:INFO: connection open
2026-05-06 11:17:40,782:declearn.server.network:INFO: New connection from ('127.0.0.1', 60592)
2026-05-06 11:17:40,783:declearn.server.messages_handler:INFO: Registering client 'client_1' for training.
2026-05-06 11:17:40,783:declearn.server.messages_handler:INFO: Registering client 'client_0' for training.
2026-05-06 11:17:44,784:declearn.server:INFO: Clients' registration is now complete.
2026-05-06 11:17:44,784:declearn.server:INFO: Sending initialization requests to clients.
/home/fslimani/declearn-bench/declearn-for-exp_10_vector_foreach/declearn/utils/_serialize.py:125: UserWarning: PyTorch JSON serialization relies on pickle, which may be unsafe.
  config = obj.get_config()
2026-05-06 11:17:45,797:declearn.server:INFO: Waiting for clients' responses.
2026-05-06 11:17:45,797:declearn.server:INFO: Initialization was successful.
2026-05-06 11:17:45,807:declearn.server:INFO: Initiating training round 1
2026-05-06 11:17:52,077:declearn.server:INFO: Awaiting clients' training results.
2026-05-06 11:17:53,087:declearn.server:INFO: Conducting server-side optimization.
2026-05-06 11:17:53,089:declearn.server:INFO: Initiating evaluation round 1
2026-05-06 11:17:53,437:declearn.client-client_1.train_manager:MAJOR: Local scalar evaluation metrics: {'accuracy': '0.8110', 'loss': '1.6770'}
2026-05-06 11:17:53,583:declearn.client-client_0.train_manager:MAJOR: Local scalar evaluation metrics: {'accuracy': '0.8065', 'loss': '1.6794'}
2026-05-06 11:17:54,100:declearn.server:INFO: Awaiting clients' evaluation results.
2026-05-06 11:17:54,101:declearn.server:INFO: Aggregating evaluation results.
2026-05-06 11:17:54,101:declearn.server:INFO: Averaged loss is: 1.6782133076985677
2026-05-06 11:17:54,101:declearn.server:INFO: Other averaged scalar metrics are: {'accuracy': '0.8087', 'loss': '1.6782'}
2026-05-06 11:17:54,112:declearn.server:INFO: Initiating training round 2
2026-05-06 11:18:00,611:declearn.server:INFO: Awaiting clients' training results.
2026-05-06 11:18:01,621:declearn.server:INFO: Conducting server-side optimization.
2026-05-06 11:18:01,622:declearn.server:INFO: Initiating evaluation round 2
2026-05-06 11:18:01,972:declearn.client-client_1.train_manager:MAJOR: Local scalar evaluation metrics: {'accuracy': '0.9027', 'loss': '1.5629'}
2026-05-06 11:18:02,121:declearn.client-client_0.train_manager:MAJOR: Local scalar evaluation metrics: {'accuracy': '0.9077', 'loss': '1.5618'}
2026-05-06 11:18:02,630:declearn.server:INFO: Awaiting clients' evaluation results.
2026-05-06 11:18:02,631:declearn.server:INFO: Aggregating evaluation results.
2026-05-06 11:18:02,631:declearn.server:INFO: Averaged loss is: 1.5623598403930663
2026-05-06 11:18:02,631:declearn.server:INFO: Other averaged scalar metrics are: {'accuracy': '0.9052', 'loss': '1.5624'}
2026-05-06 11:18:02,641:declearn.server:INFO: Maximum number of training rounds reached.
2026-05-06 11:18:02,641:declearn.server:INFO: Stopping training.
2026-05-06 11:18:02,641:declearn.server:INFO: Recovering weights that yielded the lowest loss.
2026-05-06 11:18:02,641:declearn.server:INFO: Notifying clients that training is over.
/home/fslimani/declearn-bench/declearn-for-exp_10_vector_foreach/declearn/utils/_serialize.py:125: UserWarning: PyTorch JSON serialization relies on pickle, which may be unsafe.
  config = obj.get_config()
2026-05-06 11:18:03,257:declearn.server.network:INFO: connection closed
2026-05-06 11:18:03,258:declearn.server.network:INFO: connection closed
2026-05-06 11:18:03,648:declearn.server:INFO: Checkpointing final weights under /home/fslimani/declearn-bench/declearn-experiments/exp_10_vector_foreach/result_26-05-06_11-17/server/model_state_best.json.
2026-05-06 11:18:03,658:declearn.server.network:INFO: server closing
2026-05-06 11:18:03,659:declearn.server.network:INFO: server closed
