2026-05-06 11:14:14,497:declearn.server:INFO: Default client sampler selected, all clients will be involved in each round
2026-05-06 11:14:14,498:declearn.server.network:INFO: Server is now starting...
2026-05-06 11:14:14,598:declearn.server.network:INFO: server listening on 127.0.0.1:8765
2026-05-06 11:14:14,598:declearn.server:INFO: Starting clients registration process.
2026-05-06 11:14:15,602:declearn.server.network:INFO: connection open
2026-05-06 11:14:15,603:declearn.server.network:INFO: New connection from ('127.0.0.1', 46704)
2026-05-06 11:14:15,603:declearn.server.network:INFO: connection open
2026-05-06 11:14:15,603:declearn.server.network:INFO: New connection from ('127.0.0.1', 46708)
2026-05-06 11:14:15,604:declearn.server.messages_handler:INFO: Registering client 'client_1' for training.
2026-05-06 11:14:15,605:declearn.server.messages_handler:INFO: Registering client 'client_0' for training.
2026-05-06 11:14:19,605:declearn.server:INFO: Clients' registration is now complete.
2026-05-06 11:14:19,606:declearn.server:INFO: Sending initialization requests to clients.
/home/fslimani/declearn-bench/declearn-for-exp_10_vector_foreach/declearn/utils/_serialize.py:125: UserWarning: PyTorch JSON serialization relies on pickle, which may be unsafe.
  config = obj.get_config()
2026-05-06 11:14:20,620:declearn.server:INFO: Waiting for clients' responses.
2026-05-06 11:14:20,620:declearn.server:INFO: Initialization was successful.
2026-05-06 11:14:20,630:declearn.server:INFO: Initiating training round 1
2026-05-06 11:14:27,168:declearn.server:INFO: Awaiting clients' training results.
2026-05-06 11:14:28,177:declearn.server:INFO: Conducting server-side optimization.
2026-05-06 11:14:28,179:declearn.server:INFO: Initiating evaluation round 1
2026-05-06 11:14:28,524:declearn.client-client_1.train_manager:MAJOR: Local scalar evaluation metrics: {'accuracy': '0.8958', 'loss': '1.5777'}
2026-05-06 11:14:28,669:declearn.client-client_0.train_manager:MAJOR: Local scalar evaluation metrics: {'accuracy': '0.9097', 'loss': '1.5658'}
2026-05-06 11:14:29,186:declearn.server:INFO: Awaiting clients' evaluation results.
2026-05-06 11:14:29,187:declearn.server:INFO: Aggregating evaluation results.
2026-05-06 11:14:29,187:declearn.server:INFO: Averaged loss is: 1.5717373491923015
2026-05-06 11:14:29,187:declearn.server:INFO: Other averaged scalar metrics are: {'accuracy': '0.9028', 'loss': '1.5717'}
2026-05-06 11:14:29,197:declearn.server:INFO: Initiating training round 2
2026-05-06 11:14:35,909:declearn.server:INFO: Awaiting clients' training results.
2026-05-06 11:14:36,918:declearn.server:INFO: Conducting server-side optimization.
2026-05-06 11:14:36,920:declearn.server:INFO: Initiating evaluation round 2
2026-05-06 11:14:37,342:declearn.client-client_1.train_manager:MAJOR: Local scalar evaluation metrics: {'accuracy': '0.9243', 'loss': '1.5443'}
2026-05-06 11:14:37,556:declearn.client-client_0.train_manager:MAJOR: Local scalar evaluation metrics: {'accuracy': '0.9305', 'loss': '1.5349'}
2026-05-06 11:14:37,931:declearn.server:INFO: Awaiting clients' evaluation results.
2026-05-06 11:14:37,931:declearn.server:INFO: Aggregating evaluation results.
2026-05-06 11:14:37,932:declearn.server:INFO: Averaged loss is: 1.5396096636454264
2026-05-06 11:14:37,932:declearn.server:INFO: Other averaged scalar metrics are: {'accuracy': '0.9274', 'loss': '1.5396'}
2026-05-06 11:14:37,943:declearn.server:INFO: Maximum number of training rounds reached.
2026-05-06 11:14:37,943:declearn.server:INFO: Stopping training.
2026-05-06 11:14:37,943:declearn.server:INFO: Recovering weights that yielded the lowest loss.
2026-05-06 11:14:37,943:declearn.server:INFO: Notifying clients that training is over.
/home/fslimani/declearn-bench/declearn-for-exp_10_vector_foreach/declearn/utils/_serialize.py:125: UserWarning: PyTorch JSON serialization relies on pickle, which may be unsafe.
  config = obj.get_config()
2026-05-06 11:14:38,693:declearn.server.network:INFO: connection closed
2026-05-06 11:14:38,693:declearn.server.network:INFO: connection closed
2026-05-06 11:14:38,951:declearn.server:INFO: Checkpointing final weights under /home/fslimani/declearn-bench/declearn-experiments/exp_10_vector_foreach/result_26-05-06_11-14/server/model_state_best.json.
2026-05-06 11:14:38,960:declearn.server.network:INFO: server closing
2026-05-06 11:14:38,961:declearn.server.network:INFO: server closed
