2026-05-06 11:08:38,009:declearn.server:INFO: Default client sampler selected, all clients will be involved in each round
2026-05-06 11:08:38,010:declearn.server.network:INFO: Server is now starting...
2026-05-06 11:08:38,120:declearn.server.network:INFO: server listening on 127.0.0.1:8765
2026-05-06 11:08:38,120:declearn.server:INFO: Starting clients registration process.
2026-05-06 11:08:39,124:declearn.server.network:INFO: connection open
2026-05-06 11:08:39,124:declearn.server.network:INFO: New connection from ('127.0.0.1', 39464)
2026-05-06 11:08:39,125:declearn.server.network:INFO: connection open
2026-05-06 11:08:39,125:declearn.server.network:INFO: New connection from ('127.0.0.1', 39474)
2026-05-06 11:08:39,126:declearn.server.messages_handler:INFO: Registering client 'client_1' for training.
2026-05-06 11:08:39,126:declearn.server.messages_handler:INFO: Registering client 'client_0' for training.
2026-05-06 11:08:43,127:declearn.server:INFO: Clients' registration is now complete.
2026-05-06 11:08:43,127:declearn.server:INFO: Sending initialization requests to clients.
/home/fslimani/declearn-bench/declearn-for-exp_10_vector_foreach/declearn/utils/_serialize.py:125: UserWarning: PyTorch JSON serialization relies on pickle, which may be unsafe.
  config = obj.get_config()
2026-05-06 11:08:44,141:declearn.server:INFO: Waiting for clients' responses.
2026-05-06 11:08:44,141:declearn.server:INFO: Initialization was successful.
2026-05-06 11:08:44,150:declearn.server:INFO: Initiating training round 1
2026-05-06 11:08:50,377:declearn.server:INFO: Awaiting clients' training results.
2026-05-06 11:08:51,383:declearn.server:INFO: Conducting server-side optimization.
2026-05-06 11:08:51,385:declearn.server:INFO: Initiating evaluation round 1
2026-05-06 11:08:51,620:declearn.client-client_0.train_manager:MAJOR: Local scalar evaluation metrics: {'accuracy': '0.8727', 'loss': '1.6009'}
2026-05-06 11:08:51,766:declearn.client-client_1.train_manager:MAJOR: Local scalar evaluation metrics: {'accuracy': '0.8668', 'loss': '1.6046'}
2026-05-06 11:08:52,392:declearn.server:INFO: Awaiting clients' evaluation results.
2026-05-06 11:08:52,393:declearn.server:INFO: Aggregating evaluation results.
2026-05-06 11:08:52,393:declearn.server:INFO: Averaged loss is: 1.6027336921691895
2026-05-06 11:08:52,393:declearn.server:INFO: Other averaged scalar metrics are: {'accuracy': '0.8698', 'loss': '1.6027'}
2026-05-06 11:08:52,400:declearn.server:INFO: Initiating training round 2
2026-05-06 11:08:58,668:declearn.server:INFO: Awaiting clients' training results.
2026-05-06 11:08:59,681:declearn.server:INFO: Conducting server-side optimization.
2026-05-06 11:08:59,683:declearn.server:INFO: Initiating evaluation round 2
2026-05-06 11:08:59,956:declearn.client-client_0.train_manager:MAJOR: Local scalar evaluation metrics: {'accuracy': '0.9008', 'loss': '1.5611'}
2026-05-06 11:09:00,152:declearn.client-client_1.train_manager:MAJOR: Local scalar evaluation metrics: {'accuracy': '0.9023', 'loss': '1.5627'}
2026-05-06 11:09:00,691:declearn.server:INFO: Awaiting clients' evaluation results.
2026-05-06 11:09:00,691:declearn.server:INFO: Aggregating evaluation results.
2026-05-06 11:09:00,692:declearn.server:INFO: Averaged loss is: 1.5619108454386392
2026-05-06 11:09:00,692:declearn.server:INFO: Other averaged scalar metrics are: {'accuracy': '0.9016', 'loss': '1.5619'}
2026-05-06 11:09:00,699:declearn.server:INFO: Maximum number of training rounds reached.
2026-05-06 11:09:00,699:declearn.server:INFO: Stopping training.
2026-05-06 11:09:00,699:declearn.server:INFO: Recovering weights that yielded the lowest loss.
2026-05-06 11:09:00,699:declearn.server:INFO: Notifying clients that training is over.
/home/fslimani/declearn-bench/declearn-for-exp_10_vector_foreach/declearn/utils/_serialize.py:125: UserWarning: PyTorch JSON serialization relies on pickle, which may be unsafe.
  config = obj.get_config()
2026-05-06 11:09:01,282:declearn.server.network:INFO: connection closed
2026-05-06 11:09:01,282:declearn.server.network:INFO: connection closed
2026-05-06 11:09:01,706:declearn.server:INFO: Checkpointing final weights under /home/fslimani/declearn-bench/declearn-experiments/exp_10_vector_foreach/result_26-05-06_11-08/server/model_state_best.json.
2026-05-06 11:09:01,718:declearn.server.network:INFO: server closing
2026-05-06 11:09:01,718:declearn.server.network:INFO: server closed
