2026-05-06 11:14:52,057:declearn.server:INFO: Default client sampler selected, all clients will be involved in each round
2026-05-06 11:14:52,058:declearn.server.network:INFO: Server is now starting...
2026-05-06 11:14:52,157:declearn.server.network:INFO: server listening on 127.0.0.1:8765
2026-05-06 11:14:52,157:declearn.server:INFO: Starting clients registration process.
2026-05-06 11:14:53,161:declearn.server.network:INFO: connection open
2026-05-06 11:14:53,162:declearn.server.network:INFO: New connection from ('127.0.0.1', 55894)
2026-05-06 11:14:53,162:declearn.server.network:INFO: connection open
2026-05-06 11:14:53,162:declearn.server.network:INFO: New connection from ('127.0.0.1', 55898)
2026-05-06 11:14:53,163:declearn.server.messages_handler:INFO: Registering client 'client_1' for training.
2026-05-06 11:14:53,164:declearn.server.messages_handler:INFO: Registering client 'client_0' for training.
2026-05-06 11:14:57,164:declearn.server:INFO: Clients' registration is now complete.
2026-05-06 11:14:57,165:declearn.server:INFO: Sending initialization requests to clients.
/home/fslimani/declearn-bench/declearn-for-exp_10_vector_foreach/declearn/utils/_serialize.py:125: UserWarning: PyTorch JSON serialization relies on pickle, which may be unsafe.
  config = obj.get_config()
2026-05-06 11:14:58,178:declearn.server:INFO: Waiting for clients' responses.
2026-05-06 11:14:58,179:declearn.server:INFO: Initialization was successful.
2026-05-06 11:14:58,188:declearn.server:INFO: Initiating training round 1
2026-05-06 11:15:04,805:declearn.server:INFO: Awaiting clients' training results.
2026-05-06 11:15:05,811:declearn.server:INFO: Conducting server-side optimization.
2026-05-06 11:15:05,812:declearn.server:INFO: Initiating evaluation round 1
2026-05-06 11:15:06,117:declearn.client-client_0.train_manager:MAJOR: Local scalar evaluation metrics: {'accuracy': '0.8763', 'loss': '1.6060'}
2026-05-06 11:15:06,318:declearn.client-client_1.train_manager:MAJOR: Local scalar evaluation metrics: {'accuracy': '0.8755', 'loss': '1.6059'}
2026-05-06 11:15:06,820:declearn.server:INFO: Awaiting clients' evaluation results.
2026-05-06 11:15:06,820:declearn.server:INFO: Aggregating evaluation results.
2026-05-06 11:15:06,820:declearn.server:INFO: Averaged loss is: 1.6059401117960612
2026-05-06 11:15:06,821:declearn.server:INFO: Other averaged scalar metrics are: {'accuracy': '0.8759', 'loss': '1.6059'}
2026-05-06 11:15:06,827:declearn.server:INFO: Initiating training round 2
2026-05-06 11:15:13,496:declearn.server:INFO: Awaiting clients' training results.
2026-05-06 11:15:14,506:declearn.server:INFO: Conducting server-side optimization.
2026-05-06 11:15:14,507:declearn.server:INFO: Initiating evaluation round 2
2026-05-06 11:15:15,571:declearn.server:INFO: Awaiting clients' evaluation results.
2026-05-06 11:15:15,779:declearn.client-client_1.train_manager:MAJOR: Local scalar evaluation metrics: {'accuracy': '0.9083', 'loss': '1.5570'}
2026-05-06 11:15:15,984:declearn.client-client_0.train_manager:MAJOR: Local scalar evaluation metrics: {'accuracy': '0.9113', 'loss': '1.5556'}
2026-05-06 11:15:16,581:declearn.server:INFO: Aggregating evaluation results.
2026-05-06 11:15:16,581:declearn.server:INFO: Averaged loss is: 1.5563072369893391
2026-05-06 11:15:16,582:declearn.server:INFO: Other averaged scalar metrics are: {'accuracy': '0.9098', 'loss': '1.5563'}
2026-05-06 11:15:16,589:declearn.server:INFO: Maximum number of training rounds reached.
2026-05-06 11:15:16,589:declearn.server:INFO: Stopping training.
2026-05-06 11:15:16,589:declearn.server:INFO: Recovering weights that yielded the lowest loss.
2026-05-06 11:15:16,589:declearn.server:INFO: Notifying clients that training is over.
/home/fslimani/declearn-bench/declearn-for-exp_10_vector_foreach/declearn/utils/_serialize.py:125: UserWarning: PyTorch JSON serialization relies on pickle, which may be unsafe.
  config = obj.get_config()
2026-05-06 11:15:17,110:declearn.server.network:INFO: connection closed
2026-05-06 11:15:17,110:declearn.server.network:INFO: connection closed
2026-05-06 11:15:17,596:declearn.server:INFO: Checkpointing final weights under /home/fslimani/declearn-bench/declearn-experiments/exp_10_vector_foreach/result_26-05-06_11-14/server/model_state_best.json.
2026-05-06 11:15:17,605:declearn.server.network:INFO: server closing
2026-05-06 11:15:17,606:declearn.server.network:INFO: server closed
