2026-05-06 11:08:03,476:declearn.server:INFO: Default client sampler selected, all clients will be involved in each round
2026-05-06 11:08:03,477:declearn.server.network:INFO: Server is now starting...
2026-05-06 11:08:03,569:declearn.server.network:INFO: server listening on 127.0.0.1:8765
2026-05-06 11:08:03,569:declearn.server:INFO: Starting clients registration process.
2026-05-06 11:08:04,573:declearn.server.network:INFO: connection open
2026-05-06 11:08:04,573:declearn.server.network:INFO: New connection from ('127.0.0.1', 57552)
2026-05-06 11:08:04,573:declearn.server.network:INFO: connection open
2026-05-06 11:08:04,573:declearn.server.network:INFO: New connection from ('127.0.0.1', 57558)
2026-05-06 11:08:04,574:declearn.server.messages_handler:INFO: Registering client 'client_1' for training.
2026-05-06 11:08:04,575:declearn.server.messages_handler:INFO: Registering client 'client_0' for training.
2026-05-06 11:08:08,576:declearn.server:INFO: Clients' registration is now complete.
2026-05-06 11:08:08,576:declearn.server:INFO: Sending initialization requests to clients.
/home/fslimani/declearn-bench/declearn-for-exp_10_vector_foreach/declearn/utils/_serialize.py:125: UserWarning: PyTorch JSON serialization relies on pickle, which may be unsafe.
  config = obj.get_config()
2026-05-06 11:08:09,652:declearn.server:INFO: Waiting for clients' responses.
2026-05-06 11:08:10,654:declearn.server:INFO: Initialization was successful.
2026-05-06 11:08:10,663:declearn.server:INFO: Initiating training round 1
2026-05-06 11:08:17,406:declearn.server:INFO: Awaiting clients' training results.
2026-05-06 11:08:18,413:declearn.server:INFO: Conducting server-side optimization.
2026-05-06 11:08:18,415:declearn.server:INFO: Initiating evaluation round 1
2026-05-06 11:08:18,762:declearn.client-client_0.train_manager:MAJOR: Local scalar evaluation metrics: {'accuracy': '0.8650', 'loss': '1.6070'}
2026-05-06 11:08:19,032:declearn.client-client_1.train_manager:MAJOR: Local scalar evaluation metrics: {'accuracy': '0.8605', 'loss': '1.6094'}
2026-05-06 11:08:19,424:declearn.server:INFO: Awaiting clients' evaluation results.
2026-05-06 11:08:19,424:declearn.server:INFO: Aggregating evaluation results.
2026-05-06 11:08:19,425:declearn.server:INFO: Averaged loss is: 1.6081807950337728
2026-05-06 11:08:19,425:declearn.server:INFO: Other averaged scalar metrics are: {'accuracy': '0.8628', 'loss': '1.6082'}
2026-05-06 11:08:19,432:declearn.server:INFO: Initiating training round 2
2026-05-06 11:08:26,489:declearn.server:INFO: Awaiting clients' training results.
2026-05-06 11:08:27,504:declearn.server:INFO: Conducting server-side optimization.
2026-05-06 11:08:27,505:declearn.server:INFO: Initiating evaluation round 2
2026-05-06 11:08:27,796:declearn.client-client_0.train_manager:MAJOR: Local scalar evaluation metrics: {'accuracy': '0.9162', 'loss': '1.5482'}
2026-05-06 11:08:27,992:declearn.client-client_1.train_manager:MAJOR: Local scalar evaluation metrics: {'accuracy': '0.9138', 'loss': '1.5517'}
2026-05-06 11:08:28,513:declearn.server:INFO: Awaiting clients' evaluation results.
2026-05-06 11:08:28,513:declearn.server:INFO: Aggregating evaluation results.
2026-05-06 11:08:28,514:declearn.server:INFO: Averaged loss is: 1.549946917215983
2026-05-06 11:08:28,514:declearn.server:INFO: Other averaged scalar metrics are: {'accuracy': '0.9150', 'loss': '1.5499'}
2026-05-06 11:08:28,521:declearn.server:INFO: Maximum number of training rounds reached.
2026-05-06 11:08:28,521:declearn.server:INFO: Stopping training.
2026-05-06 11:08:28,521:declearn.server:INFO: Recovering weights that yielded the lowest loss.
2026-05-06 11:08:28,521:declearn.server:INFO: Notifying clients that training is over.
/home/fslimani/declearn-bench/declearn-for-exp_10_vector_foreach/declearn/utils/_serialize.py:125: UserWarning: PyTorch JSON serialization relies on pickle, which may be unsafe.
  config = obj.get_config()
2026-05-06 11:08:29,175:declearn.server.network:INFO: connection closed
2026-05-06 11:08:29,175:declearn.server.network:INFO: connection closed
2026-05-06 11:08:29,528:declearn.server:INFO: Checkpointing final weights under /home/fslimani/declearn-bench/declearn-experiments/exp_10_vector_foreach/result_26-05-06_11-08/server/model_state_best.json.
2026-05-06 11:08:29,565:declearn.server.network:INFO: server closing
2026-05-06 11:08:29,565:declearn.server.network:INFO: server closed
