2026-05-06 11:12:00,948:declearn.server:INFO: Default client sampler selected, all clients will be involved in each round
2026-05-06 11:12:00,948:declearn.server.network:INFO: Server is now starting...
2026-05-06 11:12:01,056:declearn.server.network:INFO: server listening on 127.0.0.1:8765
2026-05-06 11:12:01,056:declearn.server:INFO: Starting clients registration process.
2026-05-06 11:12:02,059:declearn.server.network:INFO: connection open
2026-05-06 11:12:02,059:declearn.server.network:INFO: New connection from ('127.0.0.1', 53902)
2026-05-06 11:12:02,060:declearn.server.network:INFO: connection open
2026-05-06 11:12:02,060:declearn.server.network:INFO: New connection from ('127.0.0.1', 53916)
2026-05-06 11:12:02,061:declearn.server.messages_handler:INFO: Registering client 'client_1' for training.
2026-05-06 11:12:02,061:declearn.server.messages_handler:INFO: Registering client 'client_0' for training.
2026-05-06 11:12:06,062:declearn.server:INFO: Clients' registration is now complete.
2026-05-06 11:12:06,062:declearn.server:INFO: Sending initialization requests to clients.
/home/fslimani/declearn-bench/declearn-for-exp_10_vector_foreach/declearn/utils/_serialize.py:125: UserWarning: PyTorch JSON serialization relies on pickle, which may be unsafe.
  config = obj.get_config()
2026-05-06 11:12:07,076:declearn.server:INFO: Waiting for clients' responses.
2026-05-06 11:12:07,076:declearn.server:INFO: Initialization was successful.
2026-05-06 11:12:07,085:declearn.server:INFO: Initiating training round 1
2026-05-06 11:12:14,505:declearn.server:INFO: Awaiting clients' training results.
2026-05-06 11:12:15,511:declearn.server:INFO: Conducting server-side optimization.
2026-05-06 11:12:15,512:declearn.server:INFO: Initiating evaluation round 1
2026-05-06 11:12:15,804:declearn.client-client_0.train_manager:MAJOR: Local scalar evaluation metrics: {'accuracy': '0.8935', 'loss': '1.5878'}
2026-05-06 11:12:16,031:declearn.client-client_1.train_manager:MAJOR: Local scalar evaluation metrics: {'accuracy': '0.8693', 'loss': '1.6065'}
2026-05-06 11:12:16,520:declearn.server:INFO: Awaiting clients' evaluation results.
2026-05-06 11:12:16,521:declearn.server:INFO: Aggregating evaluation results.
2026-05-06 11:12:16,521:declearn.server:INFO: Averaged loss is: 1.5971755205790201
2026-05-06 11:12:16,521:declearn.server:INFO: Other averaged scalar metrics are: {'accuracy': '0.8814', 'loss': '1.5972'}
2026-05-06 11:12:16,529:declearn.server:INFO: Initiating training round 2
2026-05-06 11:12:23,186:declearn.server:INFO: Awaiting clients' training results.
2026-05-06 11:12:24,200:declearn.server:INFO: Conducting server-side optimization.
2026-05-06 11:12:24,201:declearn.server:INFO: Initiating evaluation round 2
2026-05-06 11:12:24,485:declearn.client-client_0.train_manager:MAJOR: Local scalar evaluation metrics: {'accuracy': '0.9160', 'loss': '1.5493'}
2026-05-06 11:12:24,681:declearn.client-client_1.train_manager:MAJOR: Local scalar evaluation metrics: {'accuracy': '0.9052', 'loss': '1.5605'}
2026-05-06 11:12:25,208:declearn.server:INFO: Awaiting clients' evaluation results.
2026-05-06 11:12:25,209:declearn.server:INFO: Aggregating evaluation results.
2026-05-06 11:12:25,209:declearn.server:INFO: Averaged loss is: 1.554911959330241
2026-05-06 11:12:25,209:declearn.server:INFO: Other averaged scalar metrics are: {'accuracy': '0.9106', 'loss': '1.5549'}
2026-05-06 11:12:25,216:declearn.server:INFO: Maximum number of training rounds reached.
2026-05-06 11:12:25,216:declearn.server:INFO: Stopping training.
2026-05-06 11:12:25,216:declearn.server:INFO: Recovering weights that yielded the lowest loss.
2026-05-06 11:12:25,216:declearn.server:INFO: Notifying clients that training is over.
/home/fslimani/declearn-bench/declearn-for-exp_10_vector_foreach/declearn/utils/_serialize.py:125: UserWarning: PyTorch JSON serialization relies on pickle, which may be unsafe.
  config = obj.get_config()
2026-05-06 11:12:25,813:declearn.server.network:INFO: connection closed
2026-05-06 11:12:25,813:declearn.server.network:INFO: connection closed
2026-05-06 11:12:26,223:declearn.server:INFO: Checkpointing final weights under /home/fslimani/declearn-bench/declearn-experiments/exp_10_vector_foreach/result_26-05-06_11-12/server/model_state_best.json.
2026-05-06 11:12:26,235:declearn.server.network:INFO: server closing
2026-05-06 11:12:26,235:declearn.server.network:INFO: server closed
