py-spy> Sampling process 100 times a second. Press Control-C to exit.

2026-04-30 21:30:32,371:declearn.server:INFO: Default client sampler selected, all clients will be involved in each round
2026-04-30 21:30:32,372:declearn.server.network:INFO: Server is now starting...
2026-04-30 21:30:32,482:declearn.server.network:INFO: server listening on 127.0.0.1:8765
2026-04-30 21:30:32,482:declearn.server:INFO: Starting clients registration process.
2026-04-30 21:30:33,486:declearn.server.network:INFO: connection open
2026-04-30 21:30:33,486:declearn.server.network:INFO: New connection from ('127.0.0.1', 59688)
2026-04-30 21:30:33,486:declearn.server.network:INFO: connection open
2026-04-30 21:30:33,487:declearn.server.network:INFO: New connection from ('127.0.0.1', 59698)
2026-04-30 21:30:33,488:declearn.server.messages_handler:INFO: Registering client 'client_1' for training.
2026-04-30 21:30:33,488:declearn.server.messages_handler:INFO: Registering client 'client_0' for training.
2026-04-30 21:30:37,487:declearn.server:INFO: Clients' registration is now complete.
2026-04-30 21:30:37,488:declearn.server:INFO: Sending initialization requests to clients.
/home/fslimani/declearn-bench/declearn/declearn/utils/_serialize.py:125: UserWarning: PyTorch JSON serialization relies on pickle, which may be unsafe.
  config = obj.get_config()
2026-04-30 21:30:38,504:declearn.server:INFO: Waiting for clients' responses.
2026-04-30 21:30:38,504:declearn.server:INFO: Sending privacy requests to all clients.
/home/fslimani/.venvs/declearn313/lib/python3.13/site-packages/opacus/accountants/analysis/rdp.py:332: UserWarning: Optimal order is the largest alpha. Please consider expanding the range of alphas to get a tighter privacy bound.
  warnings.warn(
04/30/2026 21:30:39:INFO:Notifying the server that DP-SGD setup went fine.
04/30/2026 21:30:39:INFO:Received DP-SGD setup instructions.
04/30/2026 21:30:40:INFO:Notifying the server that DP-SGD setup went fine.
2026-04-30 21:30:40,722:declearn.server:INFO: Waiting for clients' responses.
04/30/2026 21:30:40:INFO:Waiting for clients' responses.
2026-04-30 21:30:40,723:declearn.server:INFO: Privacy requests were processed by clients.
04/30/2026 21:30:40:INFO:Privacy requests were processed by clients.
2026-04-30 21:30:40,723:declearn.server:INFO: Initialization was successful.
04/30/2026 21:30:40:INFO:Initialization was successful.
2026-04-30 21:30:40,736:declearn.server:INFO: Initiating training round 1
04/30/2026 21:30:40:INFO:Initiating training round 1
04/30/2026 21:30:40:INFO:Participating in training round 1
04/30/2026 21:30:40:INFO:Applying server updates to local objects.
04/30/2026 21:30:40:INFO:Training local model for 1 epochs | None steps | None seconds.
04/30/2026 21:31:26:INFO:Packing local updates to be sent to the server.
04/30/2026 21:31:26:INFO:Local DP budget spent at the end of the round: (4.518721769152027, 1e-05)
04/30/2026 21:31:26:INFO:Participating in training round 1
04/30/2026 21:31:26:INFO:Applying server updates to local objects.
04/30/2026 21:31:26:INFO:Training local model for 1 epochs | None steps | None seconds.
04/30/2026 21:32:11:INFO:Packing local updates to be sent to the server.
04/30/2026 21:32:11:INFO:Local DP budget spent at the end of the round: (4.518721769152027, 1e-05)
2026-04-30 21:32:11,240:declearn.server:INFO: Awaiting clients' training results.
04/30/2026 21:32:11:INFO:Awaiting clients' training results.
2026-04-30 21:32:12,245:declearn.server:INFO: Conducting server-side optimization.
04/30/2026 21:32:12:INFO:Conducting server-side optimization.
2026-04-30 21:32:12,247:declearn.server:INFO: Initiating evaluation round 1
04/30/2026 21:32:12:INFO:Initiating evaluation round 1
04/30/2026 21:32:12:INFO:Participating in evaluation round 1
2026-04-30 21:32:12,589:declearn.client-client_0.train_manager:MAJOR: Local scalar evaluation metrics: {'accuracy': '0.1152', 'loss': '2.3013'}
04/30/2026 21:32:12:MAJOR:Local scalar evaluation metrics: {'accuracy': '0.1152', 'loss': '2.3013'}
04/30/2026 21:32:12:INFO:Packing local results to be sent to the server.
04/30/2026 21:32:12:INFO:Participating in evaluation round 1
2026-04-30 21:32:12,821:declearn.client-client_1.train_manager:MAJOR: Local scalar evaluation metrics: {'accuracy': '0.1113', 'loss': '2.3016'}
04/30/2026 21:32:12:MAJOR:Local scalar evaluation metrics: {'accuracy': '0.1113', 'loss': '2.3016'}
04/30/2026 21:32:12:INFO:Packing local results to be sent to the server.
2026-04-30 21:32:13,262:declearn.server:INFO: Awaiting clients' evaluation results.
04/30/2026 21:32:13:INFO:Awaiting clients' evaluation results.
2026-04-30 21:32:13,263:declearn.server:INFO: Aggregating evaluation results.
04/30/2026 21:32:13:INFO:Aggregating evaluation results.
2026-04-30 21:32:13,263:declearn.server:INFO: Averaged loss is: 2.301456708272298
04/30/2026 21:32:13:INFO:Averaged loss is: 2.301456708272298
2026-04-30 21:32:13,263:declearn.server:INFO: Other averaged scalar metrics are: {'accuracy': '0.1133', 'loss': '2.3015'}
04/30/2026 21:32:13:INFO:Other averaged scalar metrics are: {'accuracy': '0.1133', 'loss': '2.3015'}
2026-04-30 21:32:13,272:declearn.server:INFO: Initiating training round 2
04/30/2026 21:32:13:INFO:Initiating training round 2
04/30/2026 21:32:13:INFO:Participating in training round 2
04/30/2026 21:32:13:INFO:Applying server updates to local objects.
04/30/2026 21:32:13:INFO:Training local model for 1 epochs | None steps | None seconds.
04/30/2026 21:32:58:INFO:Packing local updates to be sent to the server.
04/30/2026 21:32:58:INFO:Local DP budget spent at the end of the round: (4.992799714321105, 1e-05)
04/30/2026 21:32:58:INFO:Participating in training round 2
04/30/2026 21:32:58:INFO:Applying server updates to local objects.
04/30/2026 21:32:58:INFO:Training local model for 1 epochs | None steps | None seconds.
04/30/2026 21:33:42:INFO:Packing local updates to be sent to the server.
04/30/2026 21:33:43:INFO:Local DP budget spent at the end of the round: (4.992799714321105, 1e-05)
2026-04-30 21:33:43,100:declearn.server:INFO: Awaiting clients' training results.
04/30/2026 21:33:43:INFO:Awaiting clients' training results.
2026-04-30 21:33:44,114:declearn.server:INFO: Conducting server-side optimization.
04/30/2026 21:33:44:INFO:Conducting server-side optimization.
2026-04-30 21:33:44,118:declearn.server:INFO: Initiating evaluation round 2
04/30/2026 21:33:44:INFO:Initiating evaluation round 2
04/30/2026 21:33:44:INFO:Participating in evaluation round 2
2026-04-30 21:33:44,464:declearn.client-client_0.train_manager:MAJOR: Local scalar evaluation metrics: {'accuracy': '0.1228', 'loss': '2.3005'}
04/30/2026 21:33:44:MAJOR:Local scalar evaluation metrics: {'accuracy': '0.1228', 'loss': '2.3005'}
04/30/2026 21:33:44:INFO:Packing local results to be sent to the server.
04/30/2026 21:33:44:INFO:Participating in evaluation round 2
2026-04-30 21:33:44,679:declearn.client-client_1.train_manager:MAJOR: Local scalar evaluation metrics: {'accuracy': '0.1193', 'loss': '2.3008'}
04/30/2026 21:33:44:MAJOR:Local scalar evaluation metrics: {'accuracy': '0.1193', 'loss': '2.3008'}
04/30/2026 21:33:44:INFO:Packing local results to be sent to the server.
2026-04-30 21:33:45,132:declearn.server:INFO: Awaiting clients' evaluation results.
04/30/2026 21:33:45:INFO:Awaiting clients' evaluation results.
2026-04-30 21:33:45,133:declearn.server:INFO: Aggregating evaluation results.
04/30/2026 21:33:45:INFO:Aggregating evaluation results.
2026-04-30 21:33:45,133:declearn.server:INFO: Averaged loss is: 2.30066924794515
04/30/2026 21:33:45:INFO:Averaged loss is: 2.30066924794515
2026-04-30 21:33:45,133:declearn.server:INFO: Other averaged scalar metrics are: {'accuracy': '0.1211', 'loss': '2.3007'}
04/30/2026 21:33:45:INFO:Other averaged scalar metrics are: {'accuracy': '0.1211', 'loss': '2.3007'}
2026-04-30 21:33:45,141:declearn.server:INFO: Maximum number of training rounds reached.
04/30/2026 21:33:45:INFO:Maximum number of training rounds reached.
2026-04-30 21:33:45,141:declearn.server:INFO: Stopping training.
04/30/2026 21:33:45:INFO:Stopping training.
2026-04-30 21:33:45,141:declearn.server:INFO: Recovering weights that yielded the lowest loss.
04/30/2026 21:33:45:INFO:Recovering weights that yielded the lowest loss.
2026-04-30 21:33:45,141:declearn.server:INFO: Notifying clients that training is over.
04/30/2026 21:33:45:INFO:Notifying clients that training is over.
04/30/2026 21:33:45:INFO:Training is now over, after 2 rounds. Global loss: 2.30066924794515
04/30/2026 21:33:45:INFO:Checkpointing final weights under /home/fslimani/declearn-bench/declearn-experiments/exp_04_dp/result_26-04-30_21-30/client_0/model_state_best.json.
/home/fslimani/declearn-bench/declearn/declearn/utils/_serialize.py:125: UserWarning: PyTorch JSON serialization relies on pickle, which may be unsafe.
  config = obj.get_config()
04/30/2026 21:33:45:INFO:Training is now over, after 2 rounds. Global loss: 2.30066924794515
04/30/2026 21:33:45:INFO:Checkpointing final weights under /home/fslimani/declearn-bench/declearn-experiments/exp_04_dp/result_26-04-30_21-30/client_1/model_state_best.json.
2026-04-30 21:33:45,827:declearn.server.network:INFO: connection closed
04/30/2026 21:33:45:INFO:connection closed
2026-04-30 21:33:45,827:declearn.server.network:INFO: connection closed
04/30/2026 21:33:45:INFO:connection closed
2026-04-30 21:33:46,155:declearn.server:INFO: Checkpointing final weights under /home/fslimani/declearn-bench/declearn-experiments/exp_04_dp/result_26-04-30_21-30/server/model_state_best.json.
04/30/2026 21:33:46:INFO:Checkpointing final weights under /home/fslimani/declearn-bench/declearn-experiments/exp_04_dp/result_26-04-30_21-30/server/model_state_best.json.
2026-04-30 21:33:46,167:declearn.server.network:INFO: server closing
04/30/2026 21:33:46:INFO:server closing
2026-04-30 21:33:46,168:declearn.server.network:INFO: server closed
04/30/2026 21:33:46:INFO:server closed

py-spy> Stopped sampling because process exited
py-spy> Wrote speedscope file to 'declearn-experiments/exp_04_dp/runs/exp_04_observation_dp/2026-04-30_21-30-28/pyspy_speedscope.json'. Samples: 18556 Errors: 0
py-spy> Visit https://www.speedscope.app/ to view
