py-spy> Sampling process 100 times a second. Press Control-C to exit.

2026-04-30 21:08:18,160:declearn.server:INFO: Default client sampler selected, all clients will be involved in each round
2026-04-30 21:08:18,160:declearn.server.network:INFO: Server is now starting...
2026-04-30 21:08:18,259:declearn.server.network:INFO: server listening on 127.0.0.1:8765
2026-04-30 21:08:18,259:declearn.server:INFO: Starting clients registration process.
2026-04-30 21:08:19,261:declearn.server.network:INFO: connection open
2026-04-30 21:08:19,261:declearn.server.network:INFO: New connection from ('127.0.0.1', 55028)
2026-04-30 21:08:19,261:declearn.server.network:INFO: connection open
2026-04-30 21:08:19,261:declearn.server.network:INFO: New connection from ('127.0.0.1', 55036)
2026-04-30 21:08:19,263:declearn.server.messages_handler:INFO: Registering client 'client_1' for training.
2026-04-30 21:08:19,263:declearn.server.messages_handler:INFO: Registering client 'client_0' for training.
2026-04-30 21:08:48,284:declearn.server:INFO: Clients' registration is now complete.
2026-04-30 21:08:48,284:declearn.server:INFO: Sending initialization requests to clients.
/home/fslimani/declearn-bench/declearn/declearn/utils/_serialize.py:125: UserWarning: PyTorch JSON serialization relies on pickle, which may be unsafe.
  config = obj.get_config()
2026-04-30 21:08:49,301:declearn.server:INFO: Waiting for clients' responses.
2026-04-30 21:08:49,301:declearn.server:INFO: Initialization was successful.
2026-04-30 21:08:49,311:declearn.server:INFO: Initiating training round 1
2026-04-30 21:08:57,072:declearn.server:INFO: Awaiting clients' training results.
2026-04-30 21:08:58,081:declearn.server:INFO: Conducting server-side optimization.
2026-04-30 21:08:58,083:declearn.server:INFO: Initiating evaluation round 1
2026-04-30 21:08:58,448:declearn.client-client_0.train_manager:MAJOR: Local scalar evaluation metrics: {'accuracy': '0.8313', 'loss': '1.6474'}
2026-04-30 21:08:58,704:declearn.client-client_1.train_manager:MAJOR: Local scalar evaluation metrics: {'accuracy': '0.8305', 'loss': '1.6474'}
2026-04-30 21:08:59,098:declearn.server:INFO: Awaiting clients' evaluation results.
2026-04-30 21:08:59,098:declearn.server:INFO: Aggregating evaluation results.
2026-04-30 21:08:59,098:declearn.server:INFO: Averaged loss is: 1.6473917757670085
2026-04-30 21:08:59,099:declearn.server:INFO: Other averaged scalar metrics are: {'accuracy': '0.8309', 'loss': '1.6474'}
2026-04-30 21:08:59,106:declearn.server:INFO: Maximum number of training rounds reached.
2026-04-30 21:08:59,106:declearn.server:INFO: Stopping training.
2026-04-30 21:08:59,106:declearn.server:INFO: Recovering weights that yielded the lowest loss.
2026-04-30 21:08:59,106:declearn.server:INFO: Notifying clients that training is over.
/home/fslimani/declearn-bench/declearn/declearn/utils/_serialize.py:125: UserWarning: PyTorch JSON serialization relies on pickle, which may be unsafe.
  config = obj.get_config()
2026-04-30 21:08:59,860:declearn.server.network:INFO: connection closed
2026-04-30 21:08:59,861:declearn.server.network:INFO: connection closed
2026-04-30 21:09:00,118:declearn.server:INFO: Checkpointing final weights under /home/fslimani/declearn-bench/declearn-experiments/_setup/result_26-04-30_21-08/server/model_state_best.json.
2026-04-30 21:09:00,132:declearn.server.network:INFO: server closing
2026-04-30 21:09:00,132:declearn.server.network:INFO: server closed

py-spy> Stopped sampling because process exited
py-spy> Wrote speedscope file to 'declearn-experiments/_setup/smoke_speedscope.json'. Samples: 1243 Errors: 0
py-spy> Visit https://www.speedscope.app/ to view
