py-spy> Sampling process 100 times a second. Press Control-C to exit.

2026-05-06 11:19:02,387:declearn.server:INFO: Default client sampler selected, all clients will be involved in each round
2026-05-06 11:19:02,387:declearn.server.network:INFO: Server is now starting...
2026-05-06 11:19:02,505:declearn.server.network:INFO: server listening on 127.0.0.1:8765
2026-05-06 11:19:02,506:declearn.server:INFO: Starting clients registration process.
2026-05-06 11:19:03,507:declearn.server.network:INFO: connection open
2026-05-06 11:19:03,507:declearn.server.network:INFO: New connection from ('127.0.0.1', 53860)
2026-05-06 11:19:03,508:declearn.server.network:INFO: connection open
2026-05-06 11:19:03,508:declearn.server.network:INFO: New connection from ('127.0.0.1', 53866)
2026-05-06 11:19:03,509:declearn.server.messages_handler:INFO: Registering client 'client_1' for training.
2026-05-06 11:19:03,509:declearn.server.messages_handler:INFO: Registering client 'client_0' for training.
2026-05-06 11:19:07,511:declearn.server:INFO: Clients' registration is now complete.
2026-05-06 11:19:07,511:declearn.server:INFO: Sending initialization requests to clients.
/home/fslimani/declearn-bench/declearn-for-exp_10_vector_foreach/declearn/utils/_serialize.py:125: UserWarning: PyTorch JSON serialization relies on pickle, which may be unsafe.
  config = obj.get_config()
2026-05-06 11:19:08,534:declearn.server:INFO: Waiting for clients' responses.
2026-05-06 11:19:08,534:declearn.server:INFO: Initialization was successful.
2026-05-06 11:19:08,546:declearn.server:INFO: Initiating training round 1
2026-05-06 11:19:16,919:declearn.server:INFO: Awaiting clients' training results.
2026-05-06 11:19:17,924:declearn.server:INFO: Conducting server-side optimization.
2026-05-06 11:19:17,925:declearn.server:INFO: Initiating evaluation round 1
2026-05-06 11:19:18,280:declearn.client-client_0.train_manager:MAJOR: Local scalar evaluation metrics: {'accuracy': '0.1000', 'loss': '2.3026'}
2026-05-06 11:19:18,521:declearn.client-client_1.train_manager:MAJOR: Local scalar evaluation metrics: {'accuracy': '0.1003', 'loss': '2.3026'}
2026-05-06 11:19:18,940:declearn.server:INFO: Awaiting clients' evaluation results.
2026-05-06 11:19:18,940:declearn.server:INFO: Aggregating evaluation results.
2026-05-06 11:19:18,941:declearn.server:INFO: Averaged loss is: 2.3025853373209637
2026-05-06 11:19:18,941:declearn.server:INFO: Other averaged scalar metrics are: {'accuracy': '0.1002', 'loss': '2.3026'}
2026-05-06 11:19:18,948:declearn.server:INFO: Initiating training round 2
2026-05-06 11:19:27,545:declearn.server:INFO: Awaiting clients' training results.
2026-05-06 11:19:28,559:declearn.server:INFO: Conducting server-side optimization.
2026-05-06 11:19:28,561:declearn.server:INFO: Initiating evaluation round 2
2026-05-06 11:19:28,870:declearn.client-client_0.train_manager:MAJOR: Local scalar evaluation metrics: {'accuracy': '0.1012', 'loss': '2.3026'}
2026-05-06 11:19:29,086:declearn.client-client_1.train_manager:MAJOR: Local scalar evaluation metrics: {'accuracy': '0.1085', 'loss': '2.3026'}
2026-05-06 11:19:29,571:declearn.server:INFO: Awaiting clients' evaluation results.
2026-05-06 11:19:29,572:declearn.server:INFO: Aggregating evaluation results.
2026-05-06 11:19:29,572:declearn.server:INFO: Averaged loss is: 2.3025848821004233
2026-05-06 11:19:29,572:declearn.server:INFO: Other averaged scalar metrics are: {'accuracy': '0.1048', 'loss': '2.3026'}
2026-05-06 11:19:29,586:declearn.server:INFO: Maximum number of training rounds reached.
2026-05-06 11:19:29,586:declearn.server:INFO: Stopping training.
2026-05-06 11:19:29,586:declearn.server:INFO: Recovering weights that yielded the lowest loss.
2026-05-06 11:19:29,586:declearn.server:INFO: Notifying clients that training is over.
/home/fslimani/declearn-bench/declearn-for-exp_10_vector_foreach/declearn/utils/_serialize.py:125: UserWarning: PyTorch JSON serialization relies on pickle, which may be unsafe.
  config = obj.get_config()
2026-05-06 11:19:30,253:declearn.server.network:INFO: connection closed
2026-05-06 11:19:30,253:declearn.server.network:INFO: connection closed
2026-05-06 11:19:30,595:declearn.server:INFO: Checkpointing final weights under /home/fslimani/declearn-bench/declearn-experiments/exp_10_vector_foreach/result_26-05-06_11-19/server/model_state_best.json.
2026-05-06 11:19:30,609:declearn.server.network:INFO: server closing
2026-05-06 11:19:30,611:declearn.server.network:INFO: server closed

py-spy> Stopped sampling because process exited
py-spy> Wrote speedscope file to '/home/fslimani/declearn-bench/declearn-experiments/exp_10_vector_foreach/runs/profiles/master/2026-05-06_11-18-58/pyspy_speedscope.json'. Samples: 2249 Errors: 0
py-spy> Visit https://www.speedscope.app/ to view
