2026-05-07 13:34:07,648:declearn.server:INFO: Default client sampler selected, all clients will be involved in each round
2026-05-07 13:34:07,648:declearn.server.network:INFO: Server is now starting...
2026-05-07 13:34:07,772:declearn.server.network:INFO: server listening on 127.0.0.1:8765
2026-05-07 13:34:07,772:declearn.server:INFO: Starting clients registration process.
2026-05-07 13:34:08,796:declearn.server.network:INFO: connection open
2026-05-07 13:34:08,797:declearn.server.network:INFO: New connection from ('127.0.0.1', 46678)
2026-05-07 13:34:08,797:declearn.server.network:INFO: connection open
2026-05-07 13:34:08,797:declearn.server.network:INFO: New connection from ('127.0.0.1', 46682)
2026-05-07 13:34:08,797:declearn.server.network:INFO: connection open
2026-05-07 13:34:08,797:declearn.server.network:INFO: New connection from ('127.0.0.1', 46684)
2026-05-07 13:34:08,798:declearn.server.network:INFO: connection open
2026-05-07 13:34:08,798:declearn.server.network:INFO: New connection from ('127.0.0.1', 46694)
2026-05-07 13:34:08,798:declearn.server.network:INFO: connection open
2026-05-07 13:34:08,798:declearn.server.network:INFO: New connection from ('127.0.0.1', 46708)
2026-05-07 13:34:08,798:declearn.server.network:INFO: connection open
2026-05-07 13:34:08,798:declearn.server.network:INFO: New connection from ('127.0.0.1', 46714)
2026-05-07 13:34:08,799:declearn.server.network:INFO: connection open
2026-05-07 13:34:08,799:declearn.server.network:INFO: New connection from ('127.0.0.1', 46724)
2026-05-07 13:34:08,799:declearn.server.network:INFO: connection open
2026-05-07 13:34:08,799:declearn.server.network:INFO: New connection from ('127.0.0.1', 46734)
2026-05-07 13:34:08,799:declearn.server.network:INFO: connection open
2026-05-07 13:34:08,799:declearn.server.network:INFO: New connection from ('127.0.0.1', 46748)
2026-05-07 13:34:08,800:declearn.server.network:INFO: connection open
2026-05-07 13:34:08,800:declearn.server.network:INFO: New connection from ('127.0.0.1', 46762)
2026-05-07 13:34:08,800:declearn.server.network:INFO: connection open
2026-05-07 13:34:08,800:declearn.server.network:INFO: New connection from ('127.0.0.1', 46768)
2026-05-07 13:34:08,800:declearn.server.network:INFO: connection open
2026-05-07 13:34:08,801:declearn.server.network:INFO: New connection from ('127.0.0.1', 46778)
2026-05-07 13:34:08,801:declearn.server.network:INFO: connection open
2026-05-07 13:34:08,801:declearn.server.network:INFO: New connection from ('127.0.0.1', 46782)
2026-05-07 13:34:08,801:declearn.server.network:INFO: connection open
2026-05-07 13:34:08,801:declearn.server.network:INFO: New connection from ('127.0.0.1', 46786)
2026-05-07 13:34:08,801:declearn.server.network:INFO: connection open
2026-05-07 13:34:08,802:declearn.server.network:INFO: New connection from ('127.0.0.1', 46798)
2026-05-07 13:34:08,802:declearn.server.network:INFO: connection open
2026-05-07 13:34:08,802:declearn.server.network:INFO: New connection from ('127.0.0.1', 46800)
2026-05-07 13:34:08,802:declearn.server.network:INFO: connection open
2026-05-07 13:34:08,802:declearn.server.network:INFO: New connection from ('127.0.0.1', 46808)
2026-05-07 13:34:08,803:declearn.server.network:INFO: connection open
2026-05-07 13:34:08,803:declearn.server.network:INFO: New connection from ('127.0.0.1', 46810)
2026-05-07 13:34:08,803:declearn.server.network:INFO: connection open
2026-05-07 13:34:08,803:declearn.server.network:INFO: New connection from ('127.0.0.1', 46812)
2026-05-07 13:34:08,803:declearn.server.network:INFO: connection open
2026-05-07 13:34:08,804:declearn.server.network:INFO: New connection from ('127.0.0.1', 46816)
2026-05-07 13:34:08,811:declearn.server.messages_handler:INFO: Registering client 'client_15' for training.
2026-05-07 13:34:08,811:declearn.server.messages_handler:INFO: Registering client 'client_3' for training.
2026-05-07 13:34:08,811:declearn.server.messages_handler:INFO: Registering client 'client_6' for training.
2026-05-07 13:34:08,811:declearn.server.messages_handler:INFO: Registering client 'client_4' for training.
2026-05-07 13:34:08,812:declearn.server.messages_handler:INFO: Registering client 'client_11' for training.
2026-05-07 13:34:08,812:declearn.server.messages_handler:INFO: Registering client 'client_7' for training.
2026-05-07 13:34:08,812:declearn.server.messages_handler:INFO: Registering client 'client_5' for training.
2026-05-07 13:34:08,812:declearn.server.messages_handler:INFO: Registering client 'client_9' for training.
2026-05-07 13:34:08,812:declearn.server.messages_handler:INFO: Registering client 'client_16' for training.
2026-05-07 13:34:08,812:declearn.server.messages_handler:INFO: Registering client 'client_14' for training.
2026-05-07 13:34:08,813:declearn.server.messages_handler:INFO: Registering client 'client_18' for training.
2026-05-07 13:34:08,813:declearn.server.messages_handler:INFO: Registering client 'client_8' for training.
2026-05-07 13:34:08,813:declearn.server.messages_handler:INFO: Registering client 'client_1' for training.
2026-05-07 13:34:08,813:declearn.server.messages_handler:INFO: Registering client 'client_12' for training.
2026-05-07 13:34:08,813:declearn.server.messages_handler:INFO: Registering client 'client_19' for training.
2026-05-07 13:34:08,813:declearn.server.messages_handler:INFO: Registering client 'client_10' for training.
2026-05-07 13:34:08,814:declearn.server.messages_handler:INFO: Registering client 'client_2' for training.
2026-05-07 13:34:08,814:declearn.server.messages_handler:INFO: Registering client 'client_0' for training.
2026-05-07 13:34:08,814:declearn.server.messages_handler:INFO: Registering client 'client_13' for training.
2026-05-07 13:34:08,814:declearn.server.messages_handler:INFO: Registering client 'client_17' for training.
2026-05-07 13:34:37,816:declearn.server:INFO: Clients' registration is now complete.
2026-05-07 13:34:37,816:declearn.server:INFO: Sending initialization requests to clients.
/home/fslimani/declearn-bench/declearn-for-exp_12_secagg_aggregate/declearn/utils/_serialize.py:125: UserWarning: PyTorch JSON serialization relies on pickle, which may be unsafe.
  config = obj.get_config()
2026-05-07 13:34:38,989:declearn.server:INFO: Waiting for clients' responses.
2026-05-07 13:34:38,990:declearn.server:INFO: Initialization was successful.
2026-05-07 13:34:38,999:declearn.server:INFO: Initiating training round 1
2026-05-07 13:34:38,999:declearn.server:INFO: Setting up SecAgg afresh.
2026-05-07 13:34:48,631:declearn.server:INFO: Awaiting clients' training results.
2026-05-07 13:34:51,385:declearn.server:INFO: Conducting server-side optimization.
2026-05-07 13:34:51,408:declearn.server:INFO: Maximum number of training rounds reached.
2026-05-07 13:34:51,408:declearn.server:INFO: Initiating evaluation round 1
2026-05-07 13:34:52,296:declearn.client-client_18.train_manager:MAJOR: Local scalar evaluation metrics: {'accuracy': '0.2067', 'loss': '2.2961'}
2026-05-07 13:34:52,379:declearn.client-client_8.train_manager:MAJOR: Local scalar evaluation metrics: {'accuracy': '0.1783', 'loss': '2.2965'}
2026-05-07 13:34:52,460:declearn.client-client_19.train_manager:MAJOR: Local scalar evaluation metrics: {'accuracy': '0.1917', 'loss': '2.2957'}
2026-05-07 13:34:52,541:declearn.client-client_10.train_manager:MAJOR: Local scalar evaluation metrics: {'accuracy': '0.2033', 'loss': '2.2956'}
2026-05-07 13:34:52,621:declearn.client-client_2.train_manager:MAJOR: Local scalar evaluation metrics: {'accuracy': '0.1817', 'loss': '2.2960'}
2026-05-07 13:34:52,705:declearn.client-client_0.train_manager:MAJOR: Local scalar evaluation metrics: {'accuracy': '0.1633', 'loss': '2.2968'}
2026-05-07 13:34:52,783:declearn.client-client_13.train_manager:MAJOR: Local scalar evaluation metrics: {'accuracy': '0.1983', 'loss': '2.2953'}
2026-05-07 13:34:52,859:declearn.client-client_17.train_manager:MAJOR: Local scalar evaluation metrics: {'accuracy': '0.1883', 'loss': '2.2963'}
2026-05-07 13:34:52,935:declearn.client-client_15.train_manager:MAJOR: Local scalar evaluation metrics: {'accuracy': '0.1917', 'loss': '2.2958'}
2026-05-07 13:34:53,010:declearn.client-client_3.train_manager:MAJOR: Local scalar evaluation metrics: {'accuracy': '0.1667', 'loss': '2.2968'}
2026-05-07 13:34:53,085:declearn.client-client_6.train_manager:MAJOR: Local scalar evaluation metrics: {'accuracy': '0.2083', 'loss': '2.2955'}
2026-05-07 13:34:53,162:declearn.client-client_4.train_manager:MAJOR: Local scalar evaluation metrics: {'accuracy': '0.1917', 'loss': '2.2961'}
2026-05-07 13:34:53,238:declearn.client-client_11.train_manager:MAJOR: Local scalar evaluation metrics: {'accuracy': '0.1817', 'loss': '2.2965'}
2026-05-07 13:34:53,315:declearn.client-client_7.train_manager:MAJOR: Local scalar evaluation metrics: {'accuracy': '0.1900', 'loss': '2.2960'}
2026-05-07 13:34:53,390:declearn.client-client_5.train_manager:MAJOR: Local scalar evaluation metrics: {'accuracy': '0.2117', 'loss': '2.2957'}
2026-05-07 13:34:53,466:declearn.client-client_9.train_manager:MAJOR: Local scalar evaluation metrics: {'accuracy': '0.1783', 'loss': '2.2961'}
2026-05-07 13:34:53,542:declearn.client-client_16.train_manager:MAJOR: Local scalar evaluation metrics: {'accuracy': '0.2100', 'loss': '2.2954'}
2026-05-07 13:34:53,618:declearn.client-client_14.train_manager:MAJOR: Local scalar evaluation metrics: {'accuracy': '0.2100', 'loss': '2.2959'}
2026-05-07 13:34:53,695:declearn.client-client_1.train_manager:MAJOR: Local scalar evaluation metrics: {'accuracy': '0.2017', 'loss': '2.2959'}
2026-05-07 13:34:53,770:declearn.client-client_12.train_manager:MAJOR: Local scalar evaluation metrics: {'accuracy': '0.2233', 'loss': '2.2961'}
2026-05-07 13:34:53,833:declearn.server:INFO: Awaiting clients' evaluation results.
2026-05-07 13:34:53,836:declearn.server:INFO: Aggregating evaluation results.
2026-05-07 13:34:53,836:declearn.server:INFO: Averaged loss is: 2.2960142797046306
2026-05-07 13:34:53,836:declearn.server:INFO: Other averaged scalar metrics are: {'accuracy': '0.1938', 'loss': '2.2960'}
2026-05-07 13:34:53,842:declearn.server:INFO: Stopping training.
2026-05-07 13:34:53,842:declearn.server:INFO: Recovering weights that yielded the lowest loss.
2026-05-07 13:34:53,842:declearn.server:INFO: Notifying clients that training is over.
/home/fslimani/declearn-bench/declearn-for-exp_12_secagg_aggregate/declearn/utils/_serialize.py:125: UserWarning: PyTorch JSON serialization relies on pickle, which may be unsafe.
  config = obj.get_config()
2026-05-07 13:34:54,938:declearn.server:INFO: Checkpointing final weights under /home/fslimani/declearn-bench/declearn-experiments/exp_12_secagg_aggregate/result_26-05-07_13-34/server/model_state_best.json.
2026-05-07 13:34:54,948:declearn.server.network:INFO: server closing
2026-05-07 13:34:54,957:declearn.server.network:INFO: connection closed
2026-05-07 13:34:54,958:declearn.server.network:INFO: connection closed
2026-05-07 13:34:54,958:declearn.server.network:INFO: connection closed
2026-05-07 13:34:54,958:declearn.server.network:INFO: connection closed
2026-05-07 13:34:54,958:declearn.server.network:INFO: connection closed
2026-05-07 13:34:54,958:declearn.server.network:INFO: connection closed
2026-05-07 13:34:54,958:declearn.server.network:INFO: connection closed
2026-05-07 13:34:54,958:declearn.server.network:INFO: connection closed
2026-05-07 13:34:54,958:declearn.server.network:INFO: connection closed
2026-05-07 13:34:54,958:declearn.server.network:INFO: connection closed
2026-05-07 13:34:54,959:declearn.server.network:INFO: connection closed
2026-05-07 13:34:54,959:declearn.server.network:INFO: connection closed
2026-05-07 13:34:54,959:declearn.server.network:INFO: connection closed
2026-05-07 13:34:54,959:declearn.server.network:INFO: connection closed
2026-05-07 13:34:54,959:declearn.server.network:INFO: connection closed
2026-05-07 13:34:54,959:declearn.server.network:INFO: connection closed
2026-05-07 13:34:54,959:declearn.server.network:INFO: connection closed
2026-05-07 13:34:54,959:declearn.server.network:INFO: connection closed
2026-05-07 13:34:54,959:declearn.server.network:INFO: connection closed
2026-05-07 13:34:54,960:declearn.server.network:INFO: connection closed
2026-05-07 13:34:54,960:declearn.server.network:INFO: server closed
