2026-05-07 13:23:06,148:declearn.server:INFO: Default client sampler selected, all clients will be involved in each round
2026-05-07 13:23:06,149:declearn.server.network:INFO: Server is now starting...
2026-05-07 13:23:06,260:declearn.server.network:INFO: server listening on 127.0.0.1:8765
2026-05-07 13:23:06,261:declearn.server:INFO: Starting clients registration process.
2026-05-07 13:23:07,265:declearn.server.network:INFO: connection open
2026-05-07 13:23:07,266:declearn.server.network:INFO: New connection from ('127.0.0.1', 54286)
2026-05-07 13:23:07,266:declearn.server.network:INFO: connection open
2026-05-07 13:23:07,266:declearn.server.network:INFO: New connection from ('127.0.0.1', 54300)
2026-05-07 13:23:07,266:declearn.server.network:INFO: connection open
2026-05-07 13:23:07,266:declearn.server.network:INFO: New connection from ('127.0.0.1', 54306)
2026-05-07 13:23:07,267:declearn.server.network:INFO: connection open
2026-05-07 13:23:07,267:declearn.server.network:INFO: New connection from ('127.0.0.1', 54316)
2026-05-07 13:23:07,267:declearn.server.network:INFO: connection open
2026-05-07 13:23:07,267:declearn.server.network:INFO: New connection from ('127.0.0.1', 54318)
2026-05-07 13:23:07,270:declearn.server.messages_handler:INFO: Registering client 'client_3' for training.
2026-05-07 13:23:07,270:declearn.server.messages_handler:INFO: Registering client 'client_4' for training.
2026-05-07 13:23:07,271:declearn.server.messages_handler:INFO: Registering client 'client_1' for training.
2026-05-07 13:23:07,271:declearn.server.messages_handler:INFO: Registering client 'client_2' for training.
2026-05-07 13:23:07,271:declearn.server.messages_handler:INFO: Registering client 'client_0' for training.
2026-05-07 13:23:36,298:declearn.server:INFO: Clients' registration is now complete.
2026-05-07 13:23:36,298:declearn.server:INFO: Sending initialization requests to clients.
/home/fslimani/declearn-bench/declearn-for-exp_12_secagg_aggregate/declearn/utils/_serialize.py:125: UserWarning: PyTorch JSON serialization relies on pickle, which may be unsafe.
  config = obj.get_config()
2026-05-07 13:23:37,327:declearn.server:INFO: Waiting for clients' responses.
2026-05-07 13:23:37,328:declearn.server:INFO: Initialization was successful.
2026-05-07 13:23:37,338:declearn.server:INFO: Initiating training round 1
2026-05-07 13:23:37,338:declearn.server:INFO: Setting up SecAgg afresh.
2026-05-07 13:23:43,459:declearn.server:INFO: Awaiting clients' training results.
2026-05-07 13:23:44,595:declearn.server:INFO: Conducting server-side optimization.
2026-05-07 13:23:44,602:declearn.server:INFO: Maximum number of training rounds reached.
2026-05-07 13:23:44,602:declearn.server:INFO: Initiating evaluation round 1
2026-05-07 13:23:45,125:declearn.client-client_3.train_manager:MAJOR: Local scalar evaluation metrics: {'accuracy': '0.0925', 'loss': '2.2965'}
2026-05-07 13:23:45,228:declearn.client-client_4.train_manager:MAJOR: Local scalar evaluation metrics: {'accuracy': '0.1037', 'loss': '2.2954'}
2026-05-07 13:23:45,327:declearn.client-client_1.train_manager:MAJOR: Local scalar evaluation metrics: {'accuracy': '0.1092', 'loss': '2.2953'}
2026-05-07 13:23:45,416:declearn.client-client_2.train_manager:MAJOR: Local scalar evaluation metrics: {'accuracy': '0.1083', 'loss': '2.2952'}
2026-05-07 13:23:45,492:declearn.client-client_0.train_manager:MAJOR: Local scalar evaluation metrics: {'accuracy': '0.1025', 'loss': '2.2955'}
2026-05-07 13:23:45,623:declearn.server:INFO: Awaiting clients' evaluation results.
2026-05-07 13:23:45,624:declearn.server:INFO: Aggregating evaluation results.
2026-05-07 13:23:45,624:declearn.server:INFO: Averaged loss is: 2.2955677541056083
2026-05-07 13:23:45,624:declearn.server:INFO: Other averaged scalar metrics are: {'accuracy': '0.1032', 'loss': '2.2956'}
2026-05-07 13:23:45,630:declearn.server:INFO: Stopping training.
2026-05-07 13:23:45,630:declearn.server:INFO: Recovering weights that yielded the lowest loss.
2026-05-07 13:23:45,630:declearn.server:INFO: Notifying clients that training is over.
2026-05-07 13:23:46,698:declearn.server:INFO: Checkpointing final weights under /home/fslimani/declearn-bench/declearn-experiments/exp_12_secagg_aggregate/result_26-05-07_13-23/server/model_state_best.json.
/home/fslimani/declearn-bench/declearn-for-exp_12_secagg_aggregate/declearn/utils/_serialize.py:125: UserWarning: PyTorch JSON serialization relies on pickle, which may be unsafe.
  config = obj.get_config()
2026-05-07 13:23:46,730:declearn.server.network:INFO: server closing
2026-05-07 13:23:46,801:declearn.server.network:INFO: connection closed
2026-05-07 13:23:46,801:declearn.server.network:INFO: connection closed
2026-05-07 13:23:46,801:declearn.server.network:INFO: connection closed
2026-05-07 13:23:46,801:declearn.server.network:INFO: connection closed
2026-05-07 13:23:46,801:declearn.server.network:INFO: connection closed
2026-05-07 13:23:46,801:declearn.server.network:INFO: server closed
