2026-05-07 13:31:26,316:declearn.server:INFO: Default client sampler selected, all clients will be involved in each round
2026-05-07 13:31:26,317:declearn.server.network:INFO: Server is now starting...
2026-05-07 13:31:26,433:declearn.server.network:INFO: server listening on 127.0.0.1:8765
2026-05-07 13:31:26,434:declearn.server:INFO: Starting clients registration process.
2026-05-07 13:31:27,440:declearn.server.network:INFO: connection open
2026-05-07 13:31:27,440:declearn.server.network:INFO: New connection from ('127.0.0.1', 45376)
2026-05-07 13:31:27,441:declearn.server.network:INFO: connection open
2026-05-07 13:31:27,441:declearn.server.network:INFO: New connection from ('127.0.0.1', 45380)
2026-05-07 13:31:27,441:declearn.server.network:INFO: connection open
2026-05-07 13:31:27,441:declearn.server.network:INFO: New connection from ('127.0.0.1', 45394)
2026-05-07 13:31:27,441:declearn.server.network:INFO: connection open
2026-05-07 13:31:27,441:declearn.server.network:INFO: New connection from ('127.0.0.1', 45406)
2026-05-07 13:31:27,442:declearn.server.network:INFO: connection open
2026-05-07 13:31:27,442:declearn.server.network:INFO: New connection from ('127.0.0.1', 45412)
2026-05-07 13:31:27,442:declearn.server.network:INFO: connection open
2026-05-07 13:31:27,442:declearn.server.network:INFO: New connection from ('127.0.0.1', 45420)
2026-05-07 13:31:27,442:declearn.server.network:INFO: connection open
2026-05-07 13:31:27,442:declearn.server.network:INFO: New connection from ('127.0.0.1', 45436)
2026-05-07 13:31:27,443:declearn.server.network:INFO: connection open
2026-05-07 13:31:27,443:declearn.server.network:INFO: New connection from ('127.0.0.1', 45440)
2026-05-07 13:31:27,443:declearn.server.network:INFO: connection open
2026-05-07 13:31:27,443:declearn.server.network:INFO: New connection from ('127.0.0.1', 45456)
2026-05-07 13:31:27,443:declearn.server.network:INFO: connection open
2026-05-07 13:31:27,443:declearn.server.network:INFO: New connection from ('127.0.0.1', 45466)
2026-05-07 13:31:27,448:declearn.server.messages_handler:INFO: Registering client 'client_3' for training.
2026-05-07 13:31:27,448:declearn.server.messages_handler:INFO: Registering client 'client_6' for training.
2026-05-07 13:31:27,448:declearn.server.messages_handler:INFO: Registering client 'client_4' for training.
2026-05-07 13:31:27,448:declearn.server.messages_handler:INFO: Registering client 'client_7' for training.
2026-05-07 13:31:27,449:declearn.server.messages_handler:INFO: Registering client 'client_5' for training.
2026-05-07 13:31:27,449:declearn.server.messages_handler:INFO: Registering client 'client_9' for training.
2026-05-07 13:31:27,449:declearn.server.messages_handler:INFO: Registering client 'client_8' for training.
2026-05-07 13:31:27,449:declearn.server.messages_handler:INFO: Registering client 'client_1' for training.
2026-05-07 13:31:27,449:declearn.server.messages_handler:INFO: Registering client 'client_2' for training.
2026-05-07 13:31:27,449:declearn.server.messages_handler:INFO: Registering client 'client_0' for training.
2026-05-07 13:31:56,472:declearn.server:INFO: Clients' registration is now complete.
2026-05-07 13:31:56,473:declearn.server:INFO: Sending initialization requests to clients.
/home/fslimani/declearn-bench/declearn-for-exp_12_secagg_aggregate/declearn/utils/_serialize.py:125: UserWarning: PyTorch JSON serialization relies on pickle, which may be unsafe.
  config = obj.get_config()
2026-05-07 13:31:57,525:declearn.server:INFO: Waiting for clients' responses.
2026-05-07 13:31:57,525:declearn.server:INFO: Initialization was successful.
2026-05-07 13:31:57,535:declearn.server:INFO: Initiating training round 1
2026-05-07 13:31:57,535:declearn.server:INFO: Setting up SecAgg afresh.
2026-05-07 13:32:04,806:declearn.server:INFO: Awaiting clients' training results.
2026-05-07 13:32:06,047:declearn.server:INFO: Conducting server-side optimization.
2026-05-07 13:32:06,060:declearn.server:INFO: Maximum number of training rounds reached.
2026-05-07 13:32:06,060:declearn.server:INFO: Initiating evaluation round 1
2026-05-07 13:32:07,026:declearn.client-client_0.train_manager:MAJOR: Local scalar evaluation metrics: {'accuracy': '0.1125', 'loss': '2.2991'}
2026-05-07 13:32:07,112:declearn.client-client_3.train_manager:MAJOR: Local scalar evaluation metrics: {'accuracy': '0.1075', 'loss': '2.2991'}
2026-05-07 13:32:07,188:declearn.client-client_6.train_manager:MAJOR: Local scalar evaluation metrics: {'accuracy': '0.1108', 'loss': '2.2988'}
2026-05-07 13:32:07,262:declearn.client-client_4.train_manager:MAJOR: Local scalar evaluation metrics: {'accuracy': '0.1017', 'loss': '2.2993'}
2026-05-07 13:32:07,336:declearn.client-client_7.train_manager:MAJOR: Local scalar evaluation metrics: {'accuracy': '0.0967', 'loss': '2.2991'}
2026-05-07 13:32:07,401:declearn.client-client_5.train_manager:MAJOR: Local scalar evaluation metrics: {'accuracy': '0.1158', 'loss': '2.2988'}
2026-05-07 13:32:07,465:declearn.client-client_9.train_manager:MAJOR: Local scalar evaluation metrics: {'accuracy': '0.1000', 'loss': '2.2987'}
2026-05-07 13:32:07,529:declearn.client-client_8.train_manager:MAJOR: Local scalar evaluation metrics: {'accuracy': '0.1142', 'loss': '2.2985'}
2026-05-07 13:32:07,592:declearn.client-client_1.train_manager:MAJOR: Local scalar evaluation metrics: {'accuracy': '0.1142', 'loss': '2.2989'}
2026-05-07 13:32:07,656:declearn.client-client_2.train_manager:MAJOR: Local scalar evaluation metrics: {'accuracy': '0.0958', 'loss': '2.2993'}
2026-05-07 13:32:07,694:declearn.server:INFO: Awaiting clients' evaluation results.
2026-05-07 13:32:07,697:declearn.server:INFO: Aggregating evaluation results.
2026-05-07 13:32:07,698:declearn.server:INFO: Averaged loss is: 2.298963707628465
2026-05-07 13:32:07,698:declearn.server:INFO: Other averaged scalar metrics are: {'accuracy': '0.1069', 'loss': '2.2990'}
2026-05-07 13:32:07,703:declearn.server:INFO: Stopping training.
2026-05-07 13:32:07,703:declearn.server:INFO: Recovering weights that yielded the lowest loss.
2026-05-07 13:32:07,703:declearn.server:INFO: Notifying clients that training is over.
/home/fslimani/declearn-bench/declearn-for-exp_12_secagg_aggregate/declearn/utils/_serialize.py:125: UserWarning: PyTorch JSON serialization relies on pickle, which may be unsafe.
  config = obj.get_config()
2026-05-07 13:32:08,259:declearn.server.network:INFO: connection closed
2026-05-07 13:32:08,259:declearn.server.network:INFO: connection closed
2026-05-07 13:32:08,259:declearn.server.network:INFO: connection closed
2026-05-07 13:32:08,259:declearn.server.network:INFO: connection closed
2026-05-07 13:32:08,259:declearn.server.network:INFO: connection closed
2026-05-07 13:32:08,259:declearn.server.network:INFO: connection closed
2026-05-07 13:32:08,259:declearn.server.network:INFO: connection closed
2026-05-07 13:32:08,260:declearn.server.network:INFO: connection closed
2026-05-07 13:32:08,260:declearn.server.network:INFO: connection closed
2026-05-07 13:32:08,260:declearn.server.network:INFO: connection closed
2026-05-07 13:32:08,735:declearn.server:INFO: Checkpointing final weights under /home/fslimani/declearn-bench/declearn-experiments/exp_12_secagg_aggregate/result_26-05-07_13-31/server/model_state_best.json.
2026-05-07 13:32:08,745:declearn.server.network:INFO: server closing
2026-05-07 13:32:08,745:declearn.server.network:INFO: server closed
