2026-05-07 13:32:16,828:declearn.server:INFO: Default client sampler selected, all clients will be involved in each round
2026-05-07 13:32:16,829:declearn.server.network:INFO: Server is now starting...
2026-05-07 13:32:16,948:declearn.server.network:INFO: server listening on 127.0.0.1:8765
2026-05-07 13:32:16,948:declearn.server:INFO: Starting clients registration process.
2026-05-07 13:32:17,973:declearn.server.network:INFO: connection open
2026-05-07 13:32:17,973:declearn.server.network:INFO: New connection from ('127.0.0.1', 48848)
2026-05-07 13:32:17,973:declearn.server.network:INFO: connection open
2026-05-07 13:32:17,973:declearn.server.network:INFO: New connection from ('127.0.0.1', 48862)
2026-05-07 13:32:17,973:declearn.server.network:INFO: connection open
2026-05-07 13:32:17,973:declearn.server.network:INFO: New connection from ('127.0.0.1', 48874)
2026-05-07 13:32:17,974:declearn.server.network:INFO: connection open
2026-05-07 13:32:17,974:declearn.server.network:INFO: New connection from ('127.0.0.1', 48876)
2026-05-07 13:32:17,974:declearn.server.network:INFO: connection open
2026-05-07 13:32:17,974:declearn.server.network:INFO: New connection from ('127.0.0.1', 48882)
2026-05-07 13:32:17,974:declearn.server.network:INFO: connection open
2026-05-07 13:32:17,975:declearn.server.network:INFO: New connection from ('127.0.0.1', 48892)
2026-05-07 13:32:17,975:declearn.server.network:INFO: connection open
2026-05-07 13:32:17,975:declearn.server.network:INFO: New connection from ('127.0.0.1', 48898)
2026-05-07 13:32:17,975:declearn.server.network:INFO: connection open
2026-05-07 13:32:17,975:declearn.server.network:INFO: New connection from ('127.0.0.1', 48906)
2026-05-07 13:32:17,976:declearn.server.network:INFO: connection open
2026-05-07 13:32:17,976:declearn.server.network:INFO: New connection from ('127.0.0.1', 48916)
2026-05-07 13:32:17,976:declearn.server.network:INFO: connection open
2026-05-07 13:32:17,976:declearn.server.network:INFO: New connection from ('127.0.0.1', 48920)
2026-05-07 13:32:17,976:declearn.server.network:INFO: connection open
2026-05-07 13:32:17,976:declearn.server.network:INFO: New connection from ('127.0.0.1', 48930)
2026-05-07 13:32:17,977:declearn.server.network:INFO: connection open
2026-05-07 13:32:17,977:declearn.server.network:INFO: New connection from ('127.0.0.1', 48940)
2026-05-07 13:32:17,977:declearn.server.network:INFO: connection open
2026-05-07 13:32:17,977:declearn.server.network:INFO: New connection from ('127.0.0.1', 48954)
2026-05-07 13:32:17,977:declearn.server.network:INFO: connection open
2026-05-07 13:32:17,977:declearn.server.network:INFO: New connection from ('127.0.0.1', 48970)
2026-05-07 13:32:17,978:declearn.server.network:INFO: connection open
2026-05-07 13:32:17,978:declearn.server.network:INFO: New connection from ('127.0.0.1', 48978)
2026-05-07 13:32:17,978:declearn.server.network:INFO: connection open
2026-05-07 13:32:17,978:declearn.server.network:INFO: New connection from ('127.0.0.1', 48986)
2026-05-07 13:32:17,978:declearn.server.network:INFO: connection open
2026-05-07 13:32:17,978:declearn.server.network:INFO: New connection from ('127.0.0.1', 48998)
2026-05-07 13:32:17,979:declearn.server.network:INFO: connection open
2026-05-07 13:32:17,979:declearn.server.network:INFO: New connection from ('127.0.0.1', 49010)
2026-05-07 13:32:17,979:declearn.server.network:INFO: connection open
2026-05-07 13:32:17,979:declearn.server.network:INFO: New connection from ('127.0.0.1', 49016)
2026-05-07 13:32:17,980:declearn.server.network:INFO: connection open
2026-05-07 13:32:17,980:declearn.server.network:INFO: New connection from ('127.0.0.1', 49020)
2026-05-07 13:32:17,987:declearn.server.messages_handler:INFO: Registering client 'client_15' for training.
2026-05-07 13:32:17,987:declearn.server.messages_handler:INFO: Registering client 'client_3' for training.
2026-05-07 13:32:17,987:declearn.server.messages_handler:INFO: Registering client 'client_6' for training.
2026-05-07 13:32:17,987:declearn.server.messages_handler:INFO: Registering client 'client_4' for training.
2026-05-07 13:32:17,988:declearn.server.messages_handler:INFO: Registering client 'client_11' for training.
2026-05-07 13:32:17,988:declearn.server.messages_handler:INFO: Registering client 'client_7' for training.
2026-05-07 13:32:17,988:declearn.server.messages_handler:INFO: Registering client 'client_5' for training.
2026-05-07 13:32:17,988:declearn.server.messages_handler:INFO: Registering client 'client_9' for training.
2026-05-07 13:32:17,988:declearn.server.messages_handler:INFO: Registering client 'client_16' for training.
2026-05-07 13:32:17,989:declearn.server.messages_handler:INFO: Registering client 'client_14' for training.
2026-05-07 13:32:17,989:declearn.server.messages_handler:INFO: Registering client 'client_18' for training.
2026-05-07 13:32:17,989:declearn.server.messages_handler:INFO: Registering client 'client_8' for training.
2026-05-07 13:32:17,989:declearn.server.messages_handler:INFO: Registering client 'client_1' for training.
2026-05-07 13:32:17,989:declearn.server.messages_handler:INFO: Registering client 'client_12' for training.
2026-05-07 13:32:17,989:declearn.server.messages_handler:INFO: Registering client 'client_19' for training.
2026-05-07 13:32:17,990:declearn.server.messages_handler:INFO: Registering client 'client_10' for training.
2026-05-07 13:32:17,990:declearn.server.messages_handler:INFO: Registering client 'client_2' for training.
2026-05-07 13:32:17,990:declearn.server.messages_handler:INFO: Registering client 'client_0' for training.
2026-05-07 13:32:17,990:declearn.server.messages_handler:INFO: Registering client 'client_13' for training.
2026-05-07 13:32:17,990:declearn.server.messages_handler:INFO: Registering client 'client_17' for training.
2026-05-07 13:32:46,992:declearn.server:INFO: Clients' registration is now complete.
2026-05-07 13:32:46,992:declearn.server:INFO: Sending initialization requests to clients.
/home/fslimani/declearn-bench/declearn-for-exp_12_secagg_aggregate/declearn/utils/_serialize.py:125: UserWarning: PyTorch JSON serialization relies on pickle, which may be unsafe.
  config = obj.get_config()
2026-05-07 13:32:48,208:declearn.server:INFO: Waiting for clients' responses.
2026-05-07 13:32:48,209:declearn.server:INFO: Initialization was successful.
2026-05-07 13:32:48,219:declearn.server:INFO: Initiating training round 1
2026-05-07 13:32:48,219:declearn.server:INFO: Setting up SecAgg afresh.
2026-05-07 13:32:57,853:declearn.server:INFO: Awaiting clients' training results.
2026-05-07 13:33:00,670:declearn.server:INFO: Conducting server-side optimization.
2026-05-07 13:33:00,698:declearn.server:INFO: Maximum number of training rounds reached.
2026-05-07 13:33:00,699:declearn.server:INFO: Initiating evaluation round 1
2026-05-07 13:33:01,607:declearn.client-client_18.train_manager:MAJOR: Local scalar evaluation metrics: {'accuracy': '0.1500', 'loss': '2.2994'}
2026-05-07 13:33:01,693:declearn.client-client_8.train_manager:MAJOR: Local scalar evaluation metrics: {'accuracy': '0.1967', 'loss': '2.2988'}
2026-05-07 13:33:01,773:declearn.client-client_1.train_manager:MAJOR: Local scalar evaluation metrics: {'accuracy': '0.2017', 'loss': '2.2990'}
2026-05-07 13:33:01,851:declearn.client-client_12.train_manager:MAJOR: Local scalar evaluation metrics: {'accuracy': '0.1933', 'loss': '2.2992'}
2026-05-07 13:33:01,937:declearn.client-client_19.train_manager:MAJOR: Local scalar evaluation metrics: {'accuracy': '0.1983', 'loss': '2.2990'}
2026-05-07 13:33:02,016:declearn.client-client_10.train_manager:MAJOR: Local scalar evaluation metrics: {'accuracy': '0.1867', 'loss': '2.2987'}
2026-05-07 13:33:02,094:declearn.client-client_2.train_manager:MAJOR: Local scalar evaluation metrics: {'accuracy': '0.1750', 'loss': '2.2990'}
2026-05-07 13:33:02,174:declearn.client-client_0.train_manager:MAJOR: Local scalar evaluation metrics: {'accuracy': '0.1667', 'loss': '2.2994'}
2026-05-07 13:33:02,262:declearn.client-client_13.train_manager:MAJOR: Local scalar evaluation metrics: {'accuracy': '0.1783', 'loss': '2.2989'}
2026-05-07 13:33:02,344:declearn.client-client_17.train_manager:MAJOR: Local scalar evaluation metrics: {'accuracy': '0.1933', 'loss': '2.2992'}
2026-05-07 13:33:02,424:declearn.client-client_15.train_manager:MAJOR: Local scalar evaluation metrics: {'accuracy': '0.1683', 'loss': '2.2994'}
2026-05-07 13:33:02,503:declearn.client-client_3.train_manager:MAJOR: Local scalar evaluation metrics: {'accuracy': '0.1750', 'loss': '2.2995'}
2026-05-07 13:33:02,582:declearn.client-client_6.train_manager:MAJOR: Local scalar evaluation metrics: {'accuracy': '0.1750', 'loss': '2.2989'}
2026-05-07 13:33:02,661:declearn.client-client_4.train_manager:MAJOR: Local scalar evaluation metrics: {'accuracy': '0.1800', 'loss': '2.2987'}
2026-05-07 13:33:02,738:declearn.client-client_11.train_manager:MAJOR: Local scalar evaluation metrics: {'accuracy': '0.1683', 'loss': '2.2993'}
2026-05-07 13:33:02,814:declearn.client-client_7.train_manager:MAJOR: Local scalar evaluation metrics: {'accuracy': '0.1683', 'loss': '2.2997'}
2026-05-07 13:33:02,890:declearn.client-client_5.train_manager:MAJOR: Local scalar evaluation metrics: {'accuracy': '0.1833', 'loss': '2.2990'}
2026-05-07 13:33:02,967:declearn.client-client_9.train_manager:MAJOR: Local scalar evaluation metrics: {'accuracy': '0.1633', 'loss': '2.2995'}
2026-05-07 13:33:03,043:declearn.client-client_16.train_manager:MAJOR: Local scalar evaluation metrics: {'accuracy': '0.1850', 'loss': '2.2993'}
2026-05-07 13:33:03,123:declearn.client-client_14.train_manager:MAJOR: Local scalar evaluation metrics: {'accuracy': '0.2000', 'loss': '2.2992'}
2026-05-07 13:33:03,189:declearn.server:INFO: Awaiting clients' evaluation results.
2026-05-07 13:33:03,192:declearn.server:INFO: Aggregating evaluation results.
2026-05-07 13:33:03,192:declearn.server:INFO: Averaged loss is: 2.299148562132187
2026-05-07 13:33:03,192:declearn.server:INFO: Other averaged scalar metrics are: {'accuracy': '0.1803', 'loss': '2.2991'}
2026-05-07 13:33:03,198:declearn.server:INFO: Stopping training.
2026-05-07 13:33:03,198:declearn.server:INFO: Recovering weights that yielded the lowest loss.
2026-05-07 13:33:03,198:declearn.server:INFO: Notifying clients that training is over.
/home/fslimani/declearn-bench/declearn-for-exp_12_secagg_aggregate/declearn/utils/_serialize.py:125: UserWarning: PyTorch JSON serialization relies on pickle, which may be unsafe.
  config = obj.get_config()
2026-05-07 13:33:04,318:declearn.server:INFO: Checkpointing final weights under /home/fslimani/declearn-bench/declearn-experiments/exp_12_secagg_aggregate/result_26-05-07_13-32/server/model_state_best.json.
2026-05-07 13:33:04,329:declearn.server.network:INFO: server closing
2026-05-07 13:33:04,339:declearn.server.network:INFO: connection closed
2026-05-07 13:33:04,339:declearn.server.network:INFO: connection closed
2026-05-07 13:33:04,340:declearn.server.network:INFO: connection closed
2026-05-07 13:33:04,340:declearn.server.network:INFO: connection closed
2026-05-07 13:33:04,340:declearn.server.network:INFO: connection closed
2026-05-07 13:33:04,340:declearn.server.network:INFO: connection closed
2026-05-07 13:33:04,340:declearn.server.network:INFO: connection closed
2026-05-07 13:33:04,340:declearn.server.network:INFO: connection closed
2026-05-07 13:33:04,340:declearn.server.network:INFO: connection closed
2026-05-07 13:33:04,340:declearn.server.network:INFO: connection closed
2026-05-07 13:33:04,341:declearn.server.network:INFO: connection closed
2026-05-07 13:33:04,341:declearn.server.network:INFO: connection closed
2026-05-07 13:33:04,341:declearn.server.network:INFO: connection closed
2026-05-07 13:33:04,341:declearn.server.network:INFO: connection closed
2026-05-07 13:33:04,341:declearn.server.network:INFO: connection closed
2026-05-07 13:33:04,341:declearn.server.network:INFO: connection closed
2026-05-07 13:33:04,341:declearn.server.network:INFO: connection closed
2026-05-07 13:33:04,341:declearn.server.network:INFO: connection closed
2026-05-07 13:33:04,341:declearn.server.network:INFO: connection closed
2026-05-07 13:33:04,342:declearn.server.network:INFO: connection closed
2026-05-07 13:33:04,342:declearn.server.network:INFO: server closed
