2026-05-07 13:24:44,936:declearn.server:INFO: Default client sampler selected, all clients will be involved in each round
2026-05-07 13:24:44,937:declearn.server.network:INFO: Server is now starting...
2026-05-07 13:24:45,048:declearn.server.network:INFO: server listening on 127.0.0.1:8765
2026-05-07 13:24:45,049:declearn.server:INFO: Starting clients registration process.
2026-05-07 13:24:46,053:declearn.server.network:INFO: connection open
2026-05-07 13:24:46,053:declearn.server.network:INFO: New connection from ('127.0.0.1', 45936)
2026-05-07 13:24:46,054:declearn.server.network:INFO: connection open
2026-05-07 13:24:46,054:declearn.server.network:INFO: New connection from ('127.0.0.1', 45952)
2026-05-07 13:24:46,054:declearn.server.network:INFO: connection open
2026-05-07 13:24:46,054:declearn.server.network:INFO: New connection from ('127.0.0.1', 45966)
2026-05-07 13:24:46,055:declearn.server.network:INFO: connection open
2026-05-07 13:24:46,055:declearn.server.network:INFO: New connection from ('127.0.0.1', 45974)
2026-05-07 13:24:46,055:declearn.server.network:INFO: connection open
2026-05-07 13:24:46,055:declearn.server.network:INFO: New connection from ('127.0.0.1', 45976)
2026-05-07 13:24:46,058:declearn.server.messages_handler:INFO: Registering client 'client_3' for training.
2026-05-07 13:24:46,058:declearn.server.messages_handler:INFO: Registering client 'client_4' for training.
2026-05-07 13:24:46,058:declearn.server.messages_handler:INFO: Registering client 'client_1' for training.
2026-05-07 13:24:46,059:declearn.server.messages_handler:INFO: Registering client 'client_2' for training.
2026-05-07 13:24:46,059:declearn.server.messages_handler:INFO: Registering client 'client_0' for training.
2026-05-07 13:25:15,085:declearn.server:INFO: Clients' registration is now complete.
2026-05-07 13:25:15,086:declearn.server:INFO: Sending initialization requests to clients.
/home/fslimani/declearn-bench/declearn-for-exp_12_secagg_aggregate/declearn/utils/_serialize.py:125: UserWarning: PyTorch JSON serialization relies on pickle, which may be unsafe.
  config = obj.get_config()
2026-05-07 13:25:16,115:declearn.server:INFO: Waiting for clients' responses.
2026-05-07 13:25:16,115:declearn.server:INFO: Initialization was successful.
2026-05-07 13:25:16,125:declearn.server:INFO: Initiating training round 1
2026-05-07 13:25:16,125:declearn.server:INFO: Setting up SecAgg afresh.
2026-05-07 13:25:22,265:declearn.server:INFO: Awaiting clients' training results.
2026-05-07 13:25:23,402:declearn.server:INFO: Conducting server-side optimization.
2026-05-07 13:25:23,409:declearn.server:INFO: Maximum number of training rounds reached.
2026-05-07 13:25:23,409:declearn.server:INFO: Initiating evaluation round 1
2026-05-07 13:25:23,946:declearn.client-client_3.train_manager:MAJOR: Local scalar evaluation metrics: {'accuracy': '0.1929', 'loss': '2.2980'}
2026-05-07 13:25:24,062:declearn.client-client_4.train_manager:MAJOR: Local scalar evaluation metrics: {'accuracy': '0.1837', 'loss': '2.2975'}
2026-05-07 13:25:24,171:declearn.client-client_1.train_manager:MAJOR: Local scalar evaluation metrics: {'accuracy': '0.1837', 'loss': '2.2980'}
2026-05-07 13:25:24,272:declearn.client-client_2.train_manager:MAJOR: Local scalar evaluation metrics: {'accuracy': '0.1846', 'loss': '2.2978'}
2026-05-07 13:25:24,368:declearn.client-client_0.train_manager:MAJOR: Local scalar evaluation metrics: {'accuracy': '0.1829', 'loss': '2.2979'}
2026-05-07 13:25:24,429:declearn.server:INFO: Awaiting clients' evaluation results.
2026-05-07 13:25:24,430:declearn.server:INFO: Aggregating evaluation results.
2026-05-07 13:25:24,431:declearn.server:INFO: Averaged loss is: 2.2978214225740508
2026-05-07 13:25:24,431:declearn.server:INFO: Other averaged scalar metrics are: {'accuracy': '0.1856', 'loss': '2.2978'}
2026-05-07 13:25:24,437:declearn.server:INFO: Stopping training.
2026-05-07 13:25:24,437:declearn.server:INFO: Recovering weights that yielded the lowest loss.
2026-05-07 13:25:24,437:declearn.server:INFO: Notifying clients that training is over.
2026-05-07 13:25:25,575:declearn.server:INFO: Checkpointing final weights under /home/fslimani/declearn-bench/declearn-experiments/exp_12_secagg_aggregate/result_26-05-07_13-24/server/model_state_best.json.
/home/fslimani/declearn-bench/declearn-for-exp_12_secagg_aggregate/declearn/utils/_serialize.py:125: UserWarning: PyTorch JSON serialization relies on pickle, which may be unsafe.
  config = obj.get_config()
2026-05-07 13:25:25,607:declearn.server.network:INFO: server closing
2026-05-07 13:25:25,682:declearn.server.network:INFO: connection closed
2026-05-07 13:25:25,682:declearn.server.network:INFO: connection closed
2026-05-07 13:25:25,682:declearn.server.network:INFO: connection closed
2026-05-07 13:25:25,682:declearn.server.network:INFO: connection closed
2026-05-07 13:25:25,682:declearn.server.network:INFO: connection closed
2026-05-07 13:25:25,682:declearn.server.network:INFO: server closed
