2026-05-07 13:28:03,104:declearn.server:INFO: Default client sampler selected, all clients will be involved in each round
2026-05-07 13:28:03,105:declearn.server.network:INFO: Server is now starting...
2026-05-07 13:28:03,228:declearn.server.network:INFO: server listening on 127.0.0.1:8765
2026-05-07 13:28:03,229:declearn.server:INFO: Starting clients registration process.
2026-05-07 13:28:04,235:declearn.server.network:INFO: connection open
2026-05-07 13:28:04,236:declearn.server.network:INFO: New connection from ('127.0.0.1', 40624)
2026-05-07 13:28:04,236:declearn.server.network:INFO: connection open
2026-05-07 13:28:04,236:declearn.server.network:INFO: New connection from ('127.0.0.1', 40638)
2026-05-07 13:28:04,236:declearn.server.network:INFO: connection open
2026-05-07 13:28:04,236:declearn.server.network:INFO: New connection from ('127.0.0.1', 40648)
2026-05-07 13:28:04,237:declearn.server.network:INFO: connection open
2026-05-07 13:28:04,237:declearn.server.network:INFO: New connection from ('127.0.0.1', 40660)
2026-05-07 13:28:04,237:declearn.server.network:INFO: connection open
2026-05-07 13:28:04,237:declearn.server.network:INFO: New connection from ('127.0.0.1', 40668)
2026-05-07 13:28:04,237:declearn.server.network:INFO: connection open
2026-05-07 13:28:04,238:declearn.server.network:INFO: New connection from ('127.0.0.1', 40678)
2026-05-07 13:28:04,238:declearn.server.network:INFO: connection open
2026-05-07 13:28:04,238:declearn.server.network:INFO: New connection from ('127.0.0.1', 40690)
2026-05-07 13:28:04,238:declearn.server.network:INFO: connection open
2026-05-07 13:28:04,238:declearn.server.network:INFO: New connection from ('127.0.0.1', 40698)
2026-05-07 13:28:04,239:declearn.server.network:INFO: connection open
2026-05-07 13:28:04,239:declearn.server.network:INFO: New connection from ('127.0.0.1', 40704)
2026-05-07 13:28:04,239:declearn.server.network:INFO: connection open
2026-05-07 13:28:04,239:declearn.server.network:INFO: New connection from ('127.0.0.1', 40718)
2026-05-07 13:28:04,244:declearn.server.messages_handler:INFO: Registering client 'client_3' for training.
2026-05-07 13:28:04,244:declearn.server.messages_handler:INFO: Registering client 'client_6' for training.
2026-05-07 13:28:04,244:declearn.server.messages_handler:INFO: Registering client 'client_4' for training.
2026-05-07 13:28:04,244:declearn.server.messages_handler:INFO: Registering client 'client_7' for training.
2026-05-07 13:28:04,244:declearn.server.messages_handler:INFO: Registering client 'client_5' for training.
2026-05-07 13:28:04,244:declearn.server.messages_handler:INFO: Registering client 'client_9' for training.
2026-05-07 13:28:04,245:declearn.server.messages_handler:INFO: Registering client 'client_8' for training.
2026-05-07 13:28:04,245:declearn.server.messages_handler:INFO: Registering client 'client_1' for training.
2026-05-07 13:28:04,245:declearn.server.messages_handler:INFO: Registering client 'client_2' for training.
2026-05-07 13:28:04,245:declearn.server.messages_handler:INFO: Registering client 'client_0' for training.
2026-05-07 13:28:33,267:declearn.server:INFO: Clients' registration is now complete.
2026-05-07 13:28:33,267:declearn.server:INFO: Sending initialization requests to clients.
/home/fslimani/declearn-bench/declearn-for-exp_12_secagg_aggregate/declearn/utils/_serialize.py:125: UserWarning: PyTorch JSON serialization relies on pickle, which may be unsafe.
  config = obj.get_config()
2026-05-07 13:28:34,320:declearn.server:INFO: Waiting for clients' responses.
2026-05-07 13:28:34,320:declearn.server:INFO: Initialization was successful.
2026-05-07 13:28:34,330:declearn.server:INFO: Initiating training round 1
2026-05-07 13:28:34,330:declearn.server:INFO: Setting up SecAgg afresh.
2026-05-07 13:28:41,587:declearn.server:INFO: Awaiting clients' training results.
2026-05-07 13:28:42,831:declearn.server:INFO: Conducting server-side optimization.
2026-05-07 13:28:42,843:declearn.server:INFO: Maximum number of training rounds reached.
2026-05-07 13:28:42,843:declearn.server:INFO: Initiating evaluation round 1
2026-05-07 13:28:43,804:declearn.client-client_0.train_manager:MAJOR: Local scalar evaluation metrics: {'accuracy': '0.4233', 'loss': '2.2941'}
2026-05-07 13:28:43,888:declearn.client-client_3.train_manager:MAJOR: Local scalar evaluation metrics: {'accuracy': '0.4383', 'loss': '2.2942'}
2026-05-07 13:28:43,957:declearn.client-client_6.train_manager:MAJOR: Local scalar evaluation metrics: {'accuracy': '0.4408', 'loss': '2.2939'}
2026-05-07 13:28:44,022:declearn.client-client_4.train_manager:MAJOR: Local scalar evaluation metrics: {'accuracy': '0.4075', 'loss': '2.2946'}
2026-05-07 13:28:44,085:declearn.client-client_7.train_manager:MAJOR: Local scalar evaluation metrics: {'accuracy': '0.4350', 'loss': '2.2939'}
2026-05-07 13:28:44,147:declearn.client-client_5.train_manager:MAJOR: Local scalar evaluation metrics: {'accuracy': '0.4475', 'loss': '2.2941'}
2026-05-07 13:28:44,211:declearn.client-client_9.train_manager:MAJOR: Local scalar evaluation metrics: {'accuracy': '0.4550', 'loss': '2.2938'}
2026-05-07 13:28:44,273:declearn.client-client_8.train_manager:MAJOR: Local scalar evaluation metrics: {'accuracy': '0.4075', 'loss': '2.2940'}
2026-05-07 13:28:44,336:declearn.client-client_1.train_manager:MAJOR: Local scalar evaluation metrics: {'accuracy': '0.4575', 'loss': '2.2933'}
2026-05-07 13:28:44,399:declearn.client-client_2.train_manager:MAJOR: Local scalar evaluation metrics: {'accuracy': '0.4400', 'loss': '2.2939'}
2026-05-07 13:28:44,438:declearn.server:INFO: Awaiting clients' evaluation results.
2026-05-07 13:28:44,441:declearn.server:INFO: Aggregating evaluation results.
2026-05-07 13:28:44,441:declearn.server:INFO: Averaged loss is: 2.2939876194199647
2026-05-07 13:28:44,441:declearn.server:INFO: Other averaged scalar metrics are: {'accuracy': '0.4353', 'loss': '2.2940'}
2026-05-07 13:28:44,446:declearn.server:INFO: Stopping training.
2026-05-07 13:28:44,446:declearn.server:INFO: Recovering weights that yielded the lowest loss.
2026-05-07 13:28:44,447:declearn.server:INFO: Notifying clients that training is over.
/home/fslimani/declearn-bench/declearn-for-exp_12_secagg_aggregate/declearn/utils/_serialize.py:125: UserWarning: PyTorch JSON serialization relies on pickle, which may be unsafe.
  config = obj.get_config()
2026-05-07 13:28:45,003:declearn.server.network:INFO: connection closed
2026-05-07 13:28:45,003:declearn.server.network:INFO: connection closed
2026-05-07 13:28:45,004:declearn.server.network:INFO: connection closed
2026-05-07 13:28:45,004:declearn.server.network:INFO: connection closed
2026-05-07 13:28:45,004:declearn.server.network:INFO: connection closed
2026-05-07 13:28:45,004:declearn.server.network:INFO: connection closed
2026-05-07 13:28:45,004:declearn.server.network:INFO: connection closed
2026-05-07 13:28:45,004:declearn.server.network:INFO: connection closed
2026-05-07 13:28:45,004:declearn.server.network:INFO: connection closed
2026-05-07 13:28:45,004:declearn.server.network:INFO: connection closed
2026-05-07 13:28:45,479:declearn.server:INFO: Checkpointing final weights under /home/fslimani/declearn-bench/declearn-experiments/exp_12_secagg_aggregate/result_26-05-07_13-28/server/model_state_best.json.
2026-05-07 13:28:45,489:declearn.server.network:INFO: server closing
2026-05-07 13:28:45,489:declearn.server.network:INFO: server closed
