=== exp_12 A/B: N=[5, 10, 20] × 2 arms × 3 seeds × 1 rounds ===

  N= 5 master   seed=42 wall=  44.48s rc=0 loss=2.2988536071748795
  N= 5 variant  seed=42 wall=  44.39s rc=0 loss=2.2955677541056083
  N= 5 master   seed=43 wall=  45.37s rc=0 loss=2.2959986648543476
  N= 5 variant  seed=43 wall=  44.50s rc=0 loss=2.2978214225740508
  N= 5 master   seed=44 wall=  44.34s rc=0 loss=2.2979584592154896
  N= 5 variant  seed=44 wall=  45.56s rc=0 loss=2.295421151476235
  N=10 master   seed=42 wall=  46.20s rc=0 loss=2.297349826194447
  N=10 variant  seed=42 wall=  46.12s rc=0 loss=2.2939876194199647
  N=10 master   seed=43 wall=  47.17s rc=0 loss=2.297495705943657
  N=10 variant  seed=43 wall=  46.18s rc=0 loss=2.2944925168554753
  N=10 master   seed=44 wall=  46.12s rc=0 loss=2.2973835875405393
  N=10 variant  seed=44 wall=  46.19s rc=0 loss=2.298963707628465
  N=20 master   seed=42 wall=  51.28s rc=0 loss=2.299148562132187
  N=20 variant  seed=42 wall=  50.78s rc=0 loss=2.292656773903778
  N=20 master   seed=43 wall=  50.91s rc=0 loss=2.2960142797046306
  N=20 variant  seed=43 wall=  51.14s rc=0 loss=2.2963435376697214
  N=20 master   seed=44 wall=  50.93s rc=0 loss=2.2962165374967873
  N=20 variant  seed=44 wall=  51.22s rc=0 loss=2.296365224221193

results -> /home/fslimani/declearn-bench/declearn-experiments/exp_12_secagg_aggregate/runs/ab_results.json

=== summary ===

  N arm       wall_mean   wall_std    speedup      loss_mean
  5 master        44.73       0.56      1.00x       2.297604
  5 variant       44.82       0.65      1.00x       2.296270
 10 master        46.50       0.58      1.00x       2.297410
 10 variant       46.16       0.03      1.01x       2.295815
 20 master        51.04       0.21      1.00x       2.297126
 20 variant       51.05       0.24      1.00x       2.295122

=== resetting venv to canonical declearn ===
