py-spy> Sampling process 100 times a second. Press Control-C to exit.

2026-04-30 21:48:29,463:declearn.server:INFO: Default client sampler selected, all clients will be involved in each round
2026-04-30 21:48:29,464:declearn.server.network:INFO: Server is now starting...
2026-04-30 21:48:29,568:declearn.server.network:INFO: server listening on 127.0.0.1:8765
2026-04-30 21:48:29,568:declearn.server:INFO: Starting clients registration process.
2026-04-30 21:48:30,572:declearn.server.network:INFO: connection open
2026-04-30 21:48:30,572:declearn.server.network:INFO: New connection from ('127.0.0.1', 45336)
2026-04-30 21:48:30,572:declearn.server.network:INFO: connection open
2026-04-30 21:48:30,572:declearn.server.network:INFO: New connection from ('127.0.0.1', 45348)
2026-04-30 21:48:30,574:declearn.server.messages_handler:INFO: Registering client 'client_1' for training.
2026-04-30 21:48:30,574:declearn.server.messages_handler:INFO: Registering client 'client_0' for training.
2026-04-30 21:48:34,574:declearn.server:INFO: Clients' registration is now complete.
2026-04-30 21:48:34,574:declearn.server:INFO: Sending initialization requests to clients.
/home/fslimani/declearn-bench/declearn/declearn/utils/_serialize.py:125: UserWarning: PyTorch JSON serialization relies on pickle, which may be unsafe.
  config = obj.get_config()
2026-04-30 21:48:35,588:declearn.server:INFO: Waiting for clients' responses.
2026-04-30 21:48:35,588:declearn.server:INFO: Initialization was successful.
2026-04-30 21:48:35,600:declearn.server:INFO: Initiating training round 1
2026-04-30 21:48:44,001:declearn.server:INFO: Awaiting clients' training results.
2026-04-30 21:48:45,010:declearn.server:INFO: Conducting server-side optimization.
2026-04-30 21:48:45,013:declearn.server:INFO: Initiating evaluation round 1
2026-04-30 21:48:45,568:declearn.client-client_1.train_manager:MAJOR: Local scalar evaluation metrics: {'accuracy': '0.8482', 'loss': '1.6277'}
2026-04-30 21:48:45,876:declearn.client-client_0.train_manager:MAJOR: Local scalar evaluation metrics: {'accuracy': '0.8547', 'loss': '1.6245'}
2026-04-30 21:48:46,023:declearn.server:INFO: Awaiting clients' evaluation results.
2026-04-30 21:48:46,024:declearn.server:INFO: Aggregating evaluation results.
2026-04-30 21:48:46,024:declearn.server:INFO: Averaged loss is: 1.6261440671284995
2026-04-30 21:48:46,024:declearn.server:INFO: Other averaged scalar metrics are: {'accuracy': '0.8514', 'loss': '1.6261'}
2026-04-30 21:48:46,039:declearn.server:INFO: Initiating training round 2
2026-04-30 21:48:55,039:declearn.server:INFO: Awaiting clients' training results.
2026-04-30 21:48:56,053:declearn.server:INFO: Conducting server-side optimization.
2026-04-30 21:48:56,055:declearn.server:INFO: Initiating evaluation round 2
2026-04-30 21:48:56,468:declearn.client-client_1.train_manager:MAJOR: Local scalar evaluation metrics: {'accuracy': '0.9038', 'loss': '1.5621'}
2026-04-30 21:48:56,670:declearn.client-client_0.train_manager:MAJOR: Local scalar evaluation metrics: {'accuracy': '0.9048', 'loss': '1.5595'}
2026-04-30 21:48:57,066:declearn.server:INFO: Awaiting clients' evaluation results.
2026-04-30 21:48:57,067:declearn.server:INFO: Aggregating evaluation results.
2026-04-30 21:48:57,067:declearn.server:INFO: Averaged loss is: 1.560826847076416
2026-04-30 21:48:57,067:declearn.server:INFO: Other averaged scalar metrics are: {'accuracy': '0.9043', 'loss': '1.5608'}
2026-04-30 21:48:57,078:declearn.server:INFO: Maximum number of training rounds reached.
2026-04-30 21:48:57,078:declearn.server:INFO: Stopping training.
2026-04-30 21:48:57,078:declearn.server:INFO: Recovering weights that yielded the lowest loss.
2026-04-30 21:48:57,078:declearn.server:INFO: Notifying clients that training is over.
/home/fslimani/declearn-bench/declearn/declearn/utils/_serialize.py:125: UserWarning: PyTorch JSON serialization relies on pickle, which may be unsafe.
  config = obj.get_config()
2026-04-30 21:48:57,888:declearn.server.network:INFO: connection closed
2026-04-30 21:48:57,890:declearn.server.network:INFO: connection closed
2026-04-30 21:48:58,086:declearn.server:INFO: Checkpointing final weights under /home/fslimani/declearn-bench/declearn-experiments/exp_05_scaffold/result_26-04-30_21-48/server/model_state_best.json.
2026-04-30 21:48:58,099:declearn.server.network:INFO: server closing
2026-04-30 21:48:58,099:declearn.server.network:INFO: server closed

py-spy> Stopped sampling because process exited
py-spy> Wrote speedscope file to 'declearn-experiments/exp_05_scaffold/runs/exp_05_observation_scaffold/2026-04-30_21-48-25/pyspy_speedscope.json'. Samples: 2225 Errors: 0
py-spy> Visit https://www.speedscope.app/ to view
