py-spy> Sampling process 100 times a second. Press Control-C to exit.

2026-05-06 14:37:26,153:declearn.server:INFO: Default client sampler selected, all clients will be involved in each round
2026-05-06 14:37:26,153:declearn.server.network:INFO: Server is now starting...
2026-05-06 14:37:26,262:declearn.server.network:INFO: server listening on 127.0.0.1:8765
2026-05-06 14:37:26,262:declearn.server:INFO: Starting clients registration process.
2026-05-06 14:37:27,265:declearn.server.network:INFO: connection open
2026-05-06 14:37:27,265:declearn.server.network:INFO: New connection from ('127.0.0.1', 59100)
2026-05-06 14:37:27,266:declearn.server.network:INFO: connection open
2026-05-06 14:37:27,266:declearn.server.network:INFO: New connection from ('127.0.0.1', 59108)
2026-05-06 14:37:27,267:declearn.server.messages_handler:INFO: Registering client 'client_1' for training.
2026-05-06 14:37:27,267:declearn.server.messages_handler:INFO: Registering client 'client_0' for training.
2026-05-06 14:37:31,270:declearn.server:INFO: Clients' registration is now complete.
2026-05-06 14:37:31,271:declearn.server:INFO: Sending initialization requests to clients.
/home/fslimani/declearn-bench/declearn-for-exp_10_vector_foreach/declearn/utils/_serialize.py:125: UserWarning: PyTorch JSON serialization relies on pickle, which may be unsafe.
  config = obj.get_config()
2026-05-06 14:37:32,319:declearn.server:INFO: Waiting for clients' responses.
2026-05-06 14:37:32,319:declearn.server:INFO: Initialization was successful.
2026-05-06 14:37:32,347:declearn.server:INFO: Initiating training round 1
2026-05-06 14:39:33,440:declearn.server:INFO: Awaiting clients' training results.
2026-05-06 14:39:33,443:declearn.server:INFO: Conducting server-side optimization.
2026-05-06 14:39:33,450:declearn.server:INFO: Initiating evaluation round 1
2026-05-06 14:39:34,798:declearn.client-client_1.train_manager:MAJOR: Local scalar evaluation metrics: {'accuracy': '0.1107', 'loss': '2.3026'}
2026-05-06 14:39:37,119:declearn.client-client_0.train_manager:MAJOR: Local scalar evaluation metrics: {'accuracy': '0.1145', 'loss': '2.3026'}
2026-05-06 14:39:37,136:declearn.server:INFO: Awaiting clients' evaluation results.
2026-05-06 14:39:37,137:declearn.server:INFO: Aggregating evaluation results.
2026-05-06 14:39:37,137:declearn.server:INFO: Averaged loss is: 2.3025849177042645
2026-05-06 14:39:37,137:declearn.server:INFO: Other averaged scalar metrics are: {'accuracy': '0.1126', 'loss': '2.3026'}
2026-05-06 14:39:37,146:declearn.server:INFO: Initiating training round 2
2026-05-06 14:42:21,771:declearn.server:INFO: Awaiting clients' training results.
2026-05-06 14:42:21,774:declearn.server:INFO: Conducting server-side optimization.
2026-05-06 14:42:21,783:declearn.server:INFO: Initiating evaluation round 2
2026-05-06 14:42:23,301:declearn.client-client_1.train_manager:MAJOR: Local scalar evaluation metrics: {'accuracy': '0.0930', 'loss': '2.3026'}
2026-05-06 14:42:24,923:declearn.client-client_0.train_manager:MAJOR: Local scalar evaluation metrics: {'accuracy': '0.1012', 'loss': '2.3026'}
2026-05-06 14:42:24,939:declearn.server:INFO: Awaiting clients' evaluation results.
2026-05-06 14:42:24,939:declearn.server:INFO: Aggregating evaluation results.
2026-05-06 14:42:24,940:declearn.server:INFO: Averaged loss is: 2.302585065205892
2026-05-06 14:42:24,940:declearn.server:INFO: Other averaged scalar metrics are: {'accuracy': '0.0971', 'loss': '2.3026'}
2026-05-06 14:42:24,951:declearn.server:INFO: Maximum number of training rounds reached.
2026-05-06 14:42:24,951:declearn.server:INFO: Stopping training.
2026-05-06 14:42:24,951:declearn.server:INFO: Recovering weights that yielded the lowest loss.
2026-05-06 14:42:24,951:declearn.server:INFO: Notifying clients that training is over.
/home/fslimani/declearn-bench/declearn-for-exp_10_vector_foreach/declearn/utils/_serialize.py:125: UserWarning: PyTorch JSON serialization relies on pickle, which may be unsafe.
  config = obj.get_config()
2026-05-06 14:42:25,052:declearn.server.network:INFO: connection closed
2026-05-06 14:42:25,052:declearn.server.network:INFO: connection closed
2026-05-06 14:42:25,967:declearn.server:INFO: Checkpointing final weights under /home/fslimani/declearn-bench/declearn-experiments/exp_10_vector_foreach/result_26-05-06_14-37/server/model_state_best.json.
2026-05-06 14:42:25,997:declearn.server.network:INFO: server closing
2026-05-06 14:42:25,997:declearn.server.network:INFO: server closed

py-spy> Stopped sampling because process exited
py-spy> Wrote speedscope file to '/home/fslimani/declearn-bench/declearn-experiments/exp_10_vector_foreach/runs/profiles_big/master/2026-05-06_14-37-22/pyspy_speedscope.json'. Samples: 29839 Errors: 0
py-spy> Visit https://www.speedscope.app/ to view
